2025-04-10T12:06:54.540-0500: 6781.334: [GC 6781.334: [DefNew
Desired survivor size 2654208 bytes, new threshold 15 (max 15)
- age   1:        152 bytes,        152 total
- age   2:      25496 bytes,      25648 total
- age   6:       1632 bytes,      27280 total
- age   7:        480 bytes,      27760 total
- age   8:         32 bytes,      27792 total
- age   9:       1544 bytes,      29336 total
- age  13:       1480 bytes,      30816 total
- age  14:         96 bytes,      30912 total
: 41574K->30K(46720K), 0.0020966 secs] 136075K->94530K(149984K), 0.0025556 secs] [Times: user=0.00 sys=0.00, real=0.00 secs] 
Total time for which application threads were stopped: 0.0031191 seconds
Application time: 0.0240146 seconds
2025-04-10T12:06:54.570-0500: 6781.362: [GC 6781.363: [DefNew
Desired survivor size 2654208 bytes, new threshold 15 (max 15)
- age   1:       1128 bytes,       1128 total
- age   3:      25496 bytes,      26624 total
- age   7:       1528 bytes,      28152 total
- age   8:        456 bytes,      28608 total
- age  10:       1544 bytes,      30152 total
- age  14:       1448 bytes,      31600 total
- age  15:         64 bytes,      31664 total
: 41566K->30K(46720K), 0.0025854 secs] 136066K->94531K(149984K), 0.0026377 secs] [Times: user=0.02 sys=0.00, real=0.00 secs] 
Total time for which application threads were stopped: 0.0050115 seconds
Application time: 0.0299979 seconds
2025-04-10T12:06:54.621-0500: 6781.411: [GC 6781.411: [DefNew
Desired survivor size 2654208 bytes, new threshold 15 (max 15)
- age   1:      14040 bytes,      14040 total
- age   2:        512 bytes,      14552 total
- age   4:      25496 bytes,      40048 total
- age   8:       1176 bytes,      41224 total
- age   9:        456 bytes,      41680 total
- age  11:       1544 bytes,      43224 total
- age  15:        208 bytes,      43432 total
: 41566K->42K(46720K), 0.0022445 secs] 136067K->94542K(149984K), 0.0022944 secs] [Times: user=0.00 sys=0.00, real=0.00 secs] 
Total time for which application threads were stopped: 0.0184436 seconds
Application time: 0.0181071 seconds
2025-04-10T12:06:54.642-0500: 6781.432: [GC 6781.432: [DefNew
Desired survivor size 2654208 bytes, new threshold 15 (max 15)
- age   1:        728 bytes,        728 total
- age   2:       4952 bytes,       5680 total
- age   3:        512 bytes,       6192 total
- age   5:      25496 bytes,      31688 total
- age   9:       1176 bytes,      32864 total
- age  10:        456 bytes,      33320 total
- age  12:       1544 bytes,      34864 total
: 41578K->34K(46720K), 0.0025022 secs] 136078K->94534K(149984K), 0.0025624 secs] [Times: user=0.00 sys=0.00, real=0.00 secs] 
Total time for which application threads were stopped: 0.0027340 seconds
Application time: 0.0168298 seconds
2025-04-10T12:06:54.669-0500: 6781.458: [GC 6781.458: [DefNew
Desired survivor size 2654208 bytes, new threshold 15 (max 15)
- age   1:       9568 bytes,       9568 total
- age   3:       4456 bytes,      14024 total
- age   4:        480 bytes,      14504 total
- age   6:        160 bytes,      14664 total
- age  10:         96 bytes,      14760 total
- age  11:        456 bytes,      15216 total
- age  13:       1224 bytes,      16440 total
: 41570K->16K(46720K), 0.0024272 secs] 136070K->94516K(149984K), 0.0024806 secs] [Times: user=0.00 sys=0.00, real=0.00 secs] 
Total time for which application threads were stopped: 0.0094460 seconds
Application time: 0.0499468 seconds
2025-04-10T12:06:54.730-0500: 6781.518: [GC 6781.518: [DefNew
Desired survivor size 2654208 bytes, new threshold 15 (max 15)
- age   1:       9904 bytes,       9904 total
- age   2:        480 bytes,      10384 total
- age   4:       4424 bytes,      14808 total
- age   5:        456 bytes,      15264 total
- age  11:         96 bytes,      15360 total
- age  12:        424 bytes,      15784 total
- age  14:       1192 bytes,      16976 total
: 41552K->16K(46720K), 0.0024541 secs] 136052K->94517K(149984K), 0.0025032 secs] [Times: user=0.01 sys=0.00, real=0.00 secs] 
Total time for which application threads were stopped: 0.0100633 seconds
Application time: 0.0323710 seconds
2025-04-10T12:06:54.767-0500: 6781.554: [GC 6781.554: [DefNew
Desired survivor size 2654208 bytes, new threshold 15 (max 15)
- age   1:      25512 bytes,      25512 total
- age   2:        816 bytes,      26328 total
- age   3:        480 bytes,      26808 total
- age   5:       4280 bytes,      31088 total
- age   6:        456 bytes,      31544 total
- age  12:         96 bytes,      31640 total
- age  13:        424 bytes,      32064 total
- age  15:       1192 bytes,      33256 total
: 41552K->32K(46720K), 0.0024799 secs] 136053K->94532K(149984K), 0.0026788 secs] [Times: user=0.00 sys=0.00, real=0.00 secs] 
Total time for which application threads were stopped: 0.0039440 seconds
Application time: 0.0297700 seconds
2025-04-10T12:06:54.817-0500: 6781.603: [GC 6781.603: [DefNew
Desired survivor size 2654208 bytes, new threshold 15 (max 15)
- age   1:      12776 bytes,      12776 total
- age   3:        816 bytes,      13592 total
- age   4:        480 bytes,      14072 total
- age   6:       2400 bytes,      16472 total
- age   7:        456 bytes,      16928 total
- age  13:         64 bytes,      16992 total
- age  14:        392 bytes,      17384 total
: 41568K->16K(46720K), 0.0023118 secs] 136068K->94518K(149984K), 0.0023638 secs] [Times: user=0.00 sys=0.00, real=0.00 secs] 
Total time for which application threads were stopped: 0.0181800 seconds
Application time: 0.0154053 seconds
2025-04-10T12:06:54.835-0500: 6781.621: [GC 6781.621: [DefNew
Desired survivor size 2654208 bytes, new threshold 15 (max 15)
- age   1:        728 bytes,        728 total
- age   2:       3840 bytes,       4568 total
- age   4:        816 bytes,       5384 total
- age   5:        480 bytes,       5864 total
- age   7:       2400 bytes,       8264 total
- age   8:        456 bytes,       8720 total
- age  14:         64 bytes,       8784 total
- age  15:        392 bytes,       9176 total
: 41552K->8K(46720K), 0.0020899 secs] 136054K->94510K(149984K), 0.0021380 secs] [Times: user=0.00 sys=0.00, real=0.00 secs] 
Total time for which application threads were stopped: 0.0022895 seconds
Application time: 0.0496113 seconds
2025-04-10T12:06:54.891-0500: 6781.675: [GC 6781.675: [DefNew
Desired survivor size 2654208 bytes, new threshold 15 (max 15)
- age   1:      18872 bytes,      18872 total
- age   3:       3840 bytes,      22712 total
- age   5:        616 bytes,      23328 total
- age   6:        432 bytes,      23760 total
- age   8:       2400 bytes,      26160 total
- age   9:        424 bytes,      26584 total
- age  15:         64 bytes,      26648 total
: 41544K->26K(46720K), 0.0027383 secs] 136046K->94528K(149984K), 0.0027850 secs] [Times: user=0.00 sys=0.00, real=0.00 secs] 
Total time for which application threads were stopped: 0.0052546 seconds
Application time: 0.0161113 seconds
2025-04-10T12:06:54.911-0500: 6781.694: [GC 6781.694: [DefNew
Desired survivor size 2654208 bytes, new threshold 15 (max 15)
- age   1:       9120 bytes,       9120 total
- age   2:       9480 bytes,      18600 total
- age   4:       3840 bytes,      22440 total
- age   6:        584 bytes,      23024 total
- age   7:        432 bytes,      23456 total
- age   9:       2400 bytes,      25856 total
- age  10:        424 bytes,      26280 total
: 41562K->25K(46720K), 0.0022283 secs] 136064K->94527K(149984K), 0.0022767 secs] [Times: user=0.00 sys=0.00, real=0.00 secs] 
Total time for which application threads were stopped: 0.0024275 seconds
Application time: 0.0169491 seconds
2025-04-10T12:06:54.940-0500: 6781.722: [GC 6781.722: [DefNew
Desired survivor size 2654208 bytes, new threshold 15 (max 15)
- age   1:      11928 bytes,      11928 total
- age   2:         32 bytes,      11960 total
- age   3:        488 bytes,      12448 total
- age   5:       3840 bytes,      16288 total
- age   7:        536 bytes,      16824 total
- age   8:        432 bytes,      17256 total
- age  10:       2400 bytes,      19656 total
- age  11:        392 bytes,      20048 total
: 41561K->19K(46720K), 0.0023560 secs] 136063K->94521K(149984K), 0.0024516 secs] [Times: user=0.00 sys=0.00, real=0.00 secs] 
Total time for which application threads were stopped: 0.0116845 seconds
Application time: 0.0174481 seconds
2025-04-10T12:06:54.960-0500: 6781.742: [GC 6781.742: [DefNew
Desired survivor size 2654208 bytes, new threshold 15 (max 15)
- age   1:       8936 bytes,       8936 total
- age   2:      11200 bytes,      20136 total
- age   3:         32 bytes,      20168 total
- age   4:        488 bytes,      20656 total
- age   6:       3840 bytes,      24496 total
- age   8:        536 bytes,      25032 total
- age   9:        432 bytes,      25464 total
- age  11:       2400 bytes,      27864 total
- age  12:        392 bytes,      28256 total
: 41555K->27K(46720K), 0.0021164 secs] 136057K->94529K(149984K), 0.0021677 secs] [Times: user=0.00 sys=0.00, real=0.00 secs] 
Total time for which application threads were stopped: 0.0023203 seconds
Application time: 0.0560557 seconds
2025-04-10T12:06:55.025-0500: 6781.805: [GC 6781.805: [DefNew
Desired survivor size 2654208 bytes, new threshold 15 (max 15)
- age   1:      10800 bytes,      10800 total
- age   3:      11200 bytes,      22000 total
- age   4:         32 bytes,      22032 total
- age   5:        424 bytes,      22456 total
- age   7:       3752 bytes,      26208 total
- age   9:        536 bytes,      26744 total
- age  10:        432 bytes,      27176 total
- age  12:       2400 bytes,      29576 total
- age  13:        392 bytes,      29968 total
: 41563K->29K(46720K), 0.0023833 secs] 136065K->94531K(149984K), 0.0024328 secs] [Times: user=0.00 sys=0.00, real=0.00 secs] 
Total time for which application threads were stopped: 0.0070974 seconds
Application time: 0.0346622 seconds
2025-04-10T12:06:55.064-0500: 6781.843: [GC 6781.843: [DefNew
Desired survivor size 2654208 bytes, new threshold 15 (max 15)
- age   1:      13064 bytes,      13064 total
- age   2:       1560 bytes,      14624 total
- age   4:      11200 bytes,      25824 total
- age   6:        424 bytes,      26248 total
- age   8:       1288 bytes,      27536 total
- age  10:        536 bytes,      28072 total
- age  11:        112 bytes,      28184 total
- age  13:         96 bytes,      28280 total
- age  14:        392 bytes,      28672 total
: 41565K->28K(46720K), 0.0024562 secs] 136067K->94530K(149984K), 0.0026466 secs] [Times: user=0.00 sys=0.00, real=0.00 secs] 
Total time for which application threads were stopped: 0.0031495 seconds
Application time: 0.0161340 seconds
2025-04-10T12:06:55.083-0500: 6781.862: [GC 6781.862: [DefNew
Desired survivor size 2654208 bytes, new threshold 15 (max 15)
- age   1:       8936 bytes,       8936 total
- age   2:       3976 bytes,      12912 total
- age   3:       1560 bytes,      14472 total
- age   5:      11200 bytes,      25672 total
- age   7:        424 bytes,      26096 total
- age   9:       1288 bytes,      27384 total
- age  11:        536 bytes,      27920 total
- age  12:        112 bytes,      28032 total
- age  14:         96 bytes,      28128 total
- age  15:        392 bytes,      28520 total
: 41564K->27K(46720K), 0.0020517 secs] 136066K->94529K(149984K), 0.0022764 secs] [Times: user=0.01 sys=0.00, real=0.00 secs] 
Total time for which application threads were stopped: 0.0024307 seconds
Application time: 0.0483888 seconds
2025-04-10T12:06:55.137-0500: 6781.914: [GC 6781.914: [DefNew
Desired survivor size 2654208 bytes, new threshold 15 (max 15)
- age   1:       1080 bytes,       1080 total
- age   3:       3976 bytes,       5056 total
- age   4:       1528 bytes,       6584 total
- age   6:       2208 bytes,       8792 total
- age   8:        392 bytes,       9184 total
- age  10:       1288 bytes,      10472 total
- age  12:        536 bytes,      11008 total
- age  13:        112 bytes,      11120 total
- age  15:         96 bytes,      11216 total
: 41563K->10K(46720K), 0.0027322 secs] 136065K->94513K(149984K), 0.0027874 secs] [Times: user=0.00 sys=0.00, real=0.00 secs] 
Total time for which application threads were stopped: 0.0046699 seconds
Application time: 0.0154874 seconds
2025-04-10T12:06:55.156-0500: 6781.933: [GC 6781.933: [DefNew
Desired survivor size 2654208 bytes, new threshold 15 (max 15)
- age   1:       8936 bytes,       8936 total
- age   2:        200 bytes,       9136 total
- age   4:       3976 bytes,      13112 total
- age   5:       1528 bytes,      14640 total
- age   7:       2208 bytes,      16848 total
- age   9:        392 bytes,      17240 total
- age  11:       1288 bytes,      18528 total
- age  13:        536 bytes,      19064 total
- age  14:        112 bytes,      19176 total
: 41546K->18K(46720K), 0.0022212 secs] 136049K->94521K(149984K), 0.0022704 secs] [Times: user=0.00 sys=0.00, real=0.00 secs] 
Total time for which application threads were stopped: 0.0024190 seconds
Application time: 0.0166716 seconds
2025-04-10T12:06:55.176-0500: 6781.952: [GC 6781.952: [DefNew
Desired survivor size 2654208 bytes, new threshold 15 (max 15)
- age   1:       9120 bytes,       9120 total
- age   3:        200 bytes,       9320 total
- age   5:       3944 bytes,      13264 total
- age   6:       1528 bytes,      14792 total
- age   8:       2208 bytes,      17000 total
- age  10:        392 bytes,      17392 total
- age  12:       1288 bytes,      18680 total
- age  14:        536 bytes,      19216 total
- age  15:        112 bytes,      19328 total
: 41554K->18K(46720K), 0.0023136 secs] 136057K->94521K(149984K), 0.0023673 secs] [Times: user=0.00 sys=0.00, real=0.00 secs] 
Total time for which application threads were stopped: 0.0027181 seconds
Application time: 0.0157592 seconds
2025-04-10T12:06:55.194-0500: 6781.970: [GC 6781.971: [DefNew
Desired survivor size 2654208 bytes, new threshold 15 (max 15)
- age   1:       8936 bytes,       8936 total
- age   2:         32 bytes,       8968 total
- age   4:        200 bytes,       9168 total
- age   6:       3944 bytes,      13112 total
- age   7:       1528 bytes,      14640 total
- age   9:       2208 bytes,      16848 total
- age  11:        392 bytes,      17240 total
- age  13:       1288 bytes,      18528 total
- age  15:        536 bytes,      19064 total
: 41554K->18K(46720K), 0.0020304 secs] 136057K->94521K(149984K), 0.0020814 secs] [Times: user=0.02 sys=0.00, real=0.00 secs] 
Total time for which application threads were stopped: 0.0022368 seconds
Application time: 0.0169685 seconds
2025-04-10T12:06:55.223-0500: 6781.998: [GC 6781.998: [DefNew
Desired survivor size 2654208 bytes, new threshold 15 (max 15)
- age   1:       9376 bytes,       9376 total
- age   3:         32 bytes,       9408 total
- age   5:        152 bytes,       9560 total
- age   7:       3944 bytes,      13504 total
- age   8:       1528 bytes,      15032 total
- age  10:         64 bytes,      15096 total
- age  12:        392 bytes,      15488 total
- age  14:       1288 bytes,      16776 total
: 41554K->16K(46720K), 0.0023189 secs] 136057K->94519K(149984K), 0.0023652 secs] [Times: user=0.00 sys=0.00, real=0.00 secs] 
Total time for which application threads were stopped: 0.0112425 seconds
Application time: 0.0158388 seconds
2025-04-10T12:06:55.242-0500: 6782.017: [GC 6782.017: [DefNew
Desired survivor size 2654208 bytes, new threshold 15 (max 15)
- age   1:       8936 bytes,       8936 total
- age   2:        288 bytes,       9224 total
- age   4:         32 bytes,       9256 total
- age   6:        152 bytes,       9408 total
- age   8:       3944 bytes,      13352 total
- age   9:       1528 bytes,      14880 total
- age  11:         64 bytes,      14944 total
- age  13:        392 bytes,      15336 total
- age  15:       1288 bytes,      16624 total
: 41552K->16K(46720K), 0.0021607 secs] 136055K->94519K(149984K), 0.0022091 secs] [Times: user=0.01 sys=0.00, real=0.00 secs] 
Total time for which application threads were stopped: 0.0024880 seconds
Application time: 0.0575769 seconds
2025-04-10T12:06:55.309-0500: 6782.082: [GC 6782.083: [DefNew
Desired survivor size 2654208 bytes, new threshold 15 (max 15)
- age   1:       9136 bytes,       9136 total
- age   3:        288 bytes,       9424 total
- age   7:        152 bytes,       9576 total
- age   9:       3856 bytes,      13432 total
- age  10:       1528 bytes,      14960 total
- age  12:         64 bytes,      15024 total
- age  14:        392 bytes,      15416 total
: 41552K->15K(46720K), 0.0023811 secs] 136055K->94519K(149984K), 0.0024413 secs] [Times: user=0.00 sys=0.00, real=0.00 secs] 
Total time for which application threads were stopped: 0.0084023 seconds
Application time: 0.0266007 seconds
2025-04-10T12:06:55.347-0500: 6782.119: [GC 6782.119: [DefNew
Desired survivor size 2654208 bytes, new threshold 15 (max 15)
- age   1:       5960 bytes,       5960 total
- age   2:         32 bytes,       5992 total
- age   4:        288 bytes,       6280 total
- age   8:        152 bytes,       6432 total
- age  10:        256 bytes,       6688 total
- age  11:       1528 bytes,       8216 total
- age  13:         64 bytes,       8280 total
- age  15:        392 bytes,       8672 total
: 41551K->8K(46720K), 0.0025673 secs] 136055K->94512K(149984K), 0.0026161 secs] [Times: user=0.00 sys=0.00, real=0.00 secs] 
Total time for which application threads were stopped: 0.0095706 seconds
Application time: 0.0156212 seconds
2025-04-10T12:06:55.366-0500: 6782.137: [GC 6782.137: [DefNew
Desired survivor size 2654208 bytes, new threshold 15 (max 15)
- age   1:        728 bytes,        728 total
- age   2:       5232 bytes,       5960 total
- age   3:         32 bytes,       5992 total
- age   5:        288 bytes,       6280 total
- age   9:        152 bytes,       6432 total
- age  11:        256 bytes,       6688 total
- age  12:       1528 bytes,       8216 total
- age  14:         64 bytes,       8280 total
: 41544K->8K(46720K), 0.0021189 secs] 136048K->94512K(149984K), 0.0021971 secs] [Times: user=0.00 sys=0.00, real=0.00 secs] 
Total time for which application threads were stopped: 0.0024912 seconds
Application time: 0.0483315 seconds
2025-04-10T12:06:55.418-0500: 6782.189: [GC 6782.189: [DefNew
Desired survivor size 2654208 bytes, new threshold 15 (max 15)
- age   1:      10328 bytes,      10328 total
- age   3:       5232 bytes,      15560 total
- age   4:         32 bytes,      15592 total
- age   6:        160 bytes,      15752 total
- age  10:        152 bytes,      15904 total
- age  12:        256 bytes,      16160 total
- age  13:       1528 bytes,      17688 total
- age  15:         64 bytes,      17752 total
: 41544K->17K(46720K), 0.0023079 secs] 136048K->94522K(149984K), 0.0023557 secs] [Times: user=0.01 sys=0.00, real=0.00 secs] 
Total time for which application threads were stopped: 0.0031877 seconds
Application time: 0.0257736 seconds
2025-04-10T12:06:55.448-0500: 6782.217: [GC 6782.217: [DefNew
Desired survivor size 2654208 bytes, new threshold 15 (max 15)
- age   1:        728 bytes,        728 total
- age   2:       9144 bytes,       9872 total
- age   4:       5232 bytes,      15104 total
- age   5:         32 bytes,      15136 total
- age   7:        160 bytes,      15296 total
- age  11:        152 bytes,      15448 total
- age  13:        256 bytes,      15704 total
- age  14:       1528 bytes,      17232 total
: 41553K->16K(46720K), 0.0020938 secs] 136058K->94521K(149984K), 0.0022640 secs] [Times: user=0.00 sys=0.00, real=0.00 secs] 
Total time for which application threads were stopped: 0.0024275 seconds
Application time: 0.0171448 seconds
2025-04-10T12:06:55.469-0500: 6782.239: [GC 6782.239: [DefNew
Desired survivor size 2654208 bytes, new threshold 15 (max 15)
- age   1:      11808 bytes,      11808 total
- age   3:         64 bytes,      11872 total
- age   5:       5232 bytes,      17104 total
- age   6:         32 bytes,      17136 total
- age   8:        160 bytes,      17296 total
- age  12:        128 bytes,      17424 total
- age  14:        224 bytes,      17648 total
- age  15:       1496 bytes,      19144 total
: 41552K->18K(46720K), 0.0027163 secs] 136057K->94523K(149984K), 0.0027712 secs] [Times: user=0.00 sys=0.00, real=0.00 secs] 
Total time for which application threads were stopped: 0.0050929 seconds
Application time: 0.0164302 seconds
2025-04-10T12:06:55.490-0500: 6782.258: [GC 6782.258: [DefNew
Desired survivor size 2654208 bytes, new threshold 15 (max 15)
- age   1:       8936 bytes,       8936 total
- age   2:       2872 bytes,      11808 total
- age   4:         64 bytes,      11872 total
- age   6:       5232 bytes,      17104 total
- age   7:         32 bytes,      17136 total
- age   9:        160 bytes,      17296 total
- age  13:        128 bytes,      17424 total
- age  15:        224 bytes,      17648 total
: 41554K->17K(46720K), 0.0022166 secs] 136059K->94523K(149984K), 0.0022668 secs] [Times: user=0.00 sys=0.00, real=0.00 secs] 
Total time for which application threads were stopped: 0.0024201 seconds
Application time: 0.0479663 seconds
2025-04-10T12:06:55.543-0500: 6782.310: [GC 6782.311: [DefNew
Desired survivor size 2654208 bytes, new threshold 15 (max 15)
- age   1:       8992 bytes,       8992 total
- age   3:       2848 bytes,      11840 total
- age   5:         64 bytes,      11904 total
- age   7:       5232 bytes,      17136 total
- age   8:         32 bytes,      17168 total
- age  10:        160 bytes,      17328 total
- age  14:         96 bytes,      17424 total
: 41553K->17K(46720K), 0.0023854 secs] 136059K->94523K(149984K), 0.0024325 secs] [Times: user=0.00 sys=0.00, real=0.00 secs] 
Total time for which application threads were stopped: 0.0046572 seconds
Application time: 0.0159361 seconds
2025-04-10T12:06:55.563-0500: 6782.329: [GC 6782.329: [DefNew
Desired survivor size 2654208 bytes, new threshold 15 (max 15)
- age   1:       8936 bytes,       8936 total
- age   2:         56 bytes,       8992 total
- age   4:       2848 bytes,      11840 total
- age   6:         64 bytes,      11904 total
- age   8:       5232 bytes,      17136 total
- age   9:         32 bytes,      17168 total
- age  11:        160 bytes,      17328 total
- age  15:         96 bytes,      17424 total
: 41553K->17K(46720K), 0.0022792 secs] 136059K->94523K(149984K), 0.0023295 secs] [Times: user=0.01 sys=0.00, real=0.00 secs] 
Total time for which application threads were stopped: 0.0024785 seconds
Application time: 0.0511759 seconds
2025-04-10T12:06:55.618-0500: 6782.383: [GC 6782.383: [DefNew
Desired survivor size 2654208 bytes, new threshold 15 (max 15)
- age   1:       3368 bytes,       3368 total
- age   3:         32 bytes,       3400 total
- age   5:       2664 bytes,       6064 total
- age   7:         64 bytes,       6128 total
- age   9:        336 bytes,       6464 total
- age  10:         32 bytes,       6496 total
- age  12:        160 bytes,       6656 total
: 41553K->6K(46720K), 0.0024367 secs] 136059K->94513K(149984K), 0.0024912 secs] [Times: user=0.00 sys=0.00, real=0.00 secs] 
Total time for which application threads were stopped: 0.0032546 seconds
Application time: 0.0159061 seconds
2025-04-10T12:06:55.638-0500: 6782.402: [GC 6782.402: [DefNew
Desired survivor size 2654208 bytes, new threshold 15 (max 15)
- age   1:        728 bytes,        728 total
- age   2:       3352 bytes,       4080 total
- age   4:         32 bytes,       4112 total
- age   6:       2664 bytes,       6776 total
- age   8:         64 bytes,       6840 total
- age  10:        336 bytes,       7176 total
- age  11:         32 bytes,       7208 total
- age  13:        160 bytes,       7368 total
: 41542K->7K(46720K), 0.0021684 secs] 136049K->94513K(149984K), 0.0023960 secs] [Times: user=0.00 sys=0.00, real=0.00 secs] 
Total time for which application threads were stopped: 0.0025521 seconds
Application time: 0.0173762 seconds
2025-04-10T12:06:55.666-0500: 6782.431: [GC 6782.431: [DefNew
Desired survivor size 2654208 bytes, new threshold 15 (max 15)
- age   1:      35552 bytes,      35552 total
- age   3:       3104 bytes,      38656 total
- age   7:        520 bytes,      39176 total
- age   9:         64 bytes,      39240 total
- age  11:        336 bytes,      39576 total
- age  14:         16 bytes,      39592 total
: 41543K->38K(46720K), 0.0025379 secs] 136049K->94545K(149984K), 0.0025928 secs] [Times: user=0.00 sys=0.00, real=0.00 secs] 
Total time for which application threads were stopped: 0.0115957 seconds
Application time: 0.0155288 seconds
2025-04-10T12:06:55.686-0500: 6782.449: [GC 6782.449: [DefNew
Desired survivor size 2654208 bytes, new threshold 15 (max 15)
- age   1:        728 bytes,        728 total
- age   2:      26008 bytes,      26736 total
- age   4:       3104 bytes,      29840 total
- age   8:        520 bytes,      30360 total
- age  10:         64 bytes,      30424 total
- age  12:        336 bytes,      30760 total
- age  15:         16 bytes,      30776 total
: 41574K->30K(46720K), 0.0020909 secs] 136081K->94536K(149984K), 0.0021398 secs] [Times: user=0.00 sys=0.00, real=0.00 secs] 
Total time for which application threads were stopped: 0.0024201 seconds
Application time: 0.0481224 seconds
2025-04-10T12:06:55.740-0500: 6782.502: [GC 6782.503: [DefNew
Desired survivor size 2654208 bytes, new threshold 15 (max 15)
- age   1:       8992 bytes,       8992 total
- age   3:      25984 bytes,      34976 total
- age   5:       3072 bytes,      38048 total
- age   9:        520 bytes,      38568 total
- age  11:         64 bytes,      38632 total
- age  13:        336 bytes,      38968 total
: 41566K->38K(46720K), 0.0024753 secs] 136072K->94544K(149984K), 0.0025224 secs] [Times: user=0.00 sys=0.00, real=0.00 secs] 
Total time for which application threads were stopped: 0.0056793 seconds
Application time: 0.0158569 seconds
2025-04-10T12:06:55.760-0500: 6782.521: [GC 6782.521: [DefNew
Desired survivor size 2654208 bytes, new threshold 15 (max 15)
- age   1:       8936 bytes,       8936 total
- age   2:         56 bytes,       8992 total
- age   4:      25984 bytes,      34976 total
- age   6:       3072 bytes,      38048 total
- age  10:        520 bytes,      38568 total
- age  12:         64 bytes,      38632 total
- age  14:        336 bytes,      38968 total
: 41574K->38K(46720K), 0.0022215 secs] 136080K->94544K(149984K), 0.0022697 secs] [Times: user=0.00 sys=0.00, real=0.00 secs] 
Total time for which application threads were stopped: 0.0024176 seconds
Application time: 0.0504380 seconds
2025-04-10T12:06:55.814-0500: 6782.575: [GC 6782.575: [DefNew
Desired survivor size 2654208 bytes, new threshold 15 (max 15)
- age   1:      13872 bytes,      13872 total
- age   3:         32 bytes,      13904 total
- age   5:        616 bytes,      14520 total
- age   7:       1616 bytes,      16136 total
- age  11:        488 bytes,      16624 total
- age  13:         64 bytes,      16688 total
- age  15:         80 bytes,      16768 total
: 41574K->16K(46720K), 0.0026650 secs] 136080K->94522K(149984K), 0.0027308 secs] [Times: user=0.00 sys=0.00, real=0.00 secs] 
Total time for which application threads were stopped: 0.0036372 seconds
Application time: 0.0160926 seconds
2025-04-10T12:06:55.834-0500: 6782.594: [GC 6782.594: [DefNew
Desired survivor size 2654208 bytes, new threshold 15 (max 15)
- age   1:       9000 bytes,       9000 total
- age   2:       4936 bytes,      13936 total
- age   4:         32 bytes,      13968 total
- age   6:        616 bytes,      14584 total
- age   8:       1616 bytes,      16200 total
- age  12:        488 bytes,      16688 total
- age  14:         64 bytes,      16752 total
: 41552K->16K(46720K), 0.0020393 secs] 136058K->94522K(149984K), 0.0021373 secs] [Times: user=0.02 sys=0.00, real=0.00 secs] 
Total time for which application threads were stopped: 0.0022874 seconds
Application time: 0.0306311 seconds
2025-04-10T12:06:55.877-0500: 6782.635: [GC 6782.635: [DefNew
Desired survivor size 2654208 bytes, new threshold 15 (max 15)
- age   1:        824 bytes,        824 total
- age   2:         32 bytes,        856 total
- age   3:       4936 bytes,       5792 total
- age   5:         32 bytes,       5824 total
- age   7:        616 bytes,       6440 total
- age   9:       1512 bytes,       7952 total
- age  13:        456 bytes,       8408 total
- age  15:         32 bytes,       8440 total
: 41552K->8K(46720K), 0.0025319 secs] 136058K->94514K(149984K), 0.0025928 secs] [Times: user=0.00 sys=0.00, real=0.00 secs] 
Total time for which application threads were stopped: 0.0109081 seconds
Application time: 0.0562341 seconds
2025-04-10T12:06:55.937-0500: 6782.695: [GC 6782.695: [DefNew
Desired survivor size 2654208 bytes, new threshold 15 (max 15)
- age   1:      14016 bytes,      14016 total
- age   2:        152 bytes,      14168 total
- age   4:        448 bytes,      14616 total
- age   8:        424 bytes,      15040 total
- age  10:       1016 bytes,      16056 total
- age  14:        392 bytes,      16448 total
: 41544K->16K(46720K), 0.0026869 secs] 136050K->94522K(149984K), 0.0027372 secs] [Times: user=0.00 sys=0.00, real=0.00 secs] 
Total time for which application threads were stopped: 0.0037455 seconds
Application time: 0.0161251 seconds
2025-04-10T12:06:55.957-0500: 6782.714: [GC 6782.714: [DefNew
Desired survivor size 2654208 bytes, new threshold 15 (max 15)
- age   1:       8936 bytes,       8936 total
- age   2:       4776 bytes,      13712 total
- age   3:        152 bytes,      13864 total
- age   5:        448 bytes,      14312 total
- age   9:        424 bytes,      14736 total
- age  11:       1016 bytes,      15752 total
- age  15:        392 bytes,      16144 total
: 41552K->15K(46720K), 0.0020308 secs] 136058K->94522K(149984K), 0.0020810 secs] [Times: user=0.00 sys=0.00, real=0.00 secs] 
Total time for which application threads were stopped: 0.0022290 seconds
Application time: 0.0321073 seconds
2025-04-10T12:06:55.999-0500: 6782.755: [GC 6782.755: [DefNew
Desired survivor size 2654208 bytes, new threshold 15 (max 15)
- age   1:      26968 bytes,      26968 total
- age   3:       4616 bytes,      31584 total
- age   4:        152 bytes,      31736 total
- age   6:        424 bytes,      32160 total
- age  10:        392 bytes,      32552 total
- age  12:       1016 bytes,      33568 total
: 41551K->32K(46720K), 0.0025103 secs] 136058K->94539K(149984K), 0.0025570 secs] [Times: user=0.00 sys=0.00, real=0.00 secs] 
Total time for which application threads were stopped: 0.0094276 seconds
Application time: 0.0516219 seconds
2025-04-10T12:06:56.056-0500: 6782.810: [GC 6782.810: [DefNew
Desired survivor size 2654208 bytes, new threshold 15 (max 15)
- age   1:       9392 bytes,       9392 total
- age   2:      26968 bytes,      36360 total
- age   4:       4616 bytes,      40976 total
- age   5:         64 bytes,      41040 total
- age   7:        424 bytes,      41464 total
- age  11:        392 bytes,      41856 total
- age  13:       1016 bytes,      42872 total
: 41568K->41K(46720K), 0.0020669 secs] 136075K->94548K(149984K), 0.0021125 secs] [Times: user=0.00 sys=0.00, real=0.00 secs] 
Total time for which application threads were stopped: 0.0031530 seconds
Application time: 0.0295732 seconds
2025-04-10T12:06:56.097-0500: 6782.851: [GC 6782.851: [DefNew
Desired survivor size 2654208 bytes, new threshold 15 (max 15)
- age   1:      28168 bytes,      28168 total
- age   2:        360 bytes,      28528 total
- age   3:      26848 bytes,      55376 total
- age   5:        392 bytes,      55768 total
- age   6:         64 bytes,      55832 total
- age   8:        424 bytes,      56256 total
- age  12:        392 bytes,      56648 total
- age  14:        984 bytes,      57632 total
: 41577K->56K(46720K), 0.0023543 secs] 136084K->94563K(149984K), 0.0024066 secs] [Times: user=0.00 sys=0.00, real=0.00 secs] 
Total time for which application threads were stopped: 0.0114531 seconds
Application time: 0.0676380 seconds
2025-04-10T12:06:56.171-0500: 6782.923: [GC 6782.923: [DefNew
Desired survivor size 2654208 bytes, new threshold 15 (max 15)
- age   1:       9288 bytes,       9288 total
- age   2:      28152 bytes,      37440 total
- age   3:        360 bytes,      37800 total
- age   4:       1512 bytes,      39312 total
- age   6:        392 bytes,      39704 total
- age   7:         32 bytes,      39736 total
- age   9:        392 bytes,      40128 total
- age  13:        392 bytes,      40520 total
- age  15:        984 bytes,      41504 total
: 41592K->40K(46720K), 0.0024884 secs] 136099K->94547K(149984K), 0.0027329 secs] [Times: user=0.02 sys=0.00, real=0.00 secs] 
Total time for which application threads were stopped: 0.0045963 seconds
Application time: 0.0246538 seconds
2025-04-10T12:06:56.200-0500: 6782.950: [GC 6782.950: [DefNew
Desired survivor size 2654208 bytes, new threshold 15 (max 15)
- age   1:       8936 bytes,       8936 total
- age   2:        352 bytes,       9288 total
- age   3:      28152 bytes,      37440 total
- age   4:        360 bytes,      37800 total
- age   5:       1512 bytes,      39312 total
- age   7:        392 bytes,      39704 total
- age   8:         32 bytes,      39736 total
- age  10:        392 bytes,      40128 total
- age  14:        392 bytes,      40520 total
: 41576K->39K(46720K), 0.0020630 secs] 136083K->94547K(149984K), 0.0023160 secs] [Times: user=0.00 sys=0.00, real=0.00 secs] 
Total time for which application threads were stopped: 0.0024700 seconds
Application time: 0.0271861 seconds
2025-04-10T12:06:56.233-0500: 6782.983: [GC 6782.983: [DefNew
Desired survivor size 2654208 bytes, new threshold 15 (max 15)
- age   1:       6376 bytes,       6376 total
- age   3:        128 bytes,       6504 total
- age   4:      28152 bytes,      34656 total
- age   5:        360 bytes,      35016 total
- age   6:       1512 bytes,      36528 total
- age   8:        240 bytes,      36768 total
- age   9:         32 bytes,      36800 total
- age  11:        360 bytes,      37160 total
- age  15:        392 bytes,      37552 total
: 41575K->36K(46720K), 0.0024487 secs] 136083K->94544K(149984K), 0.0024979 secs] [Times: user=0.00 sys=0.00, real=0.00 secs] 
Total time for which application threads were stopped: 0.0054128 seconds
Application time: 0.0590120 seconds
2025-04-10T12:06:56.296-0500: 6783.045: [GC 6783.045: [DefNew
Desired survivor size 2654208 bytes, new threshold 15 (max 15)
- age   1:      11424 bytes,      11424 total
- age   2:       5384 bytes,      16808 total
- age   4:        128 bytes,      16936 total
- age   5:       2768 bytes,      19704 total
- age   6:        360 bytes,      20064 total
- age   7:       1480 bytes,      21544 total
- age   9:        240 bytes,      21784 total
- age  10:         32 bytes,      21816 total
- age  12:        360 bytes,      22176 total
: 41572K->21K(46720K), 0.0021447 secs] 136080K->94530K(149984K), 0.0021992 secs] [Times: user=0.00 sys=0.00, real=0.00 secs] 
Total time for which application threads were stopped: 0.0029612 seconds
Application time: 0.0158193 seconds
2025-04-10T12:06:56.316-0500: 6783.063: [GC 6783.063: [DefNew
Desired survivor size 2654208 bytes, new threshold 15 (max 15)
- age   1:        184 bytes,        184 total
- age   2:       2304 bytes,       2488 total
- age   3:       5384 bytes,       7872 total
- age   5:        128 bytes,       8000 total
- age   6:       2768 bytes,      10768 total
- age   7:        360 bytes,      11128 total
- age   8:       1480 bytes,      12608 total
- age  10:        240 bytes,      12848 total
- age  11:         32 bytes,      12880 total
- age  13:        360 bytes,      13240 total
: 41557K->12K(46720K), 0.0023206 secs] 136066K->94521K(149984K), 0.0023698 secs] [Times: user=0.02 sys=0.00, real=0.00 secs] 
Total time for which application threads were stopped: 0.0025206 seconds
Application time: 0.0279141 seconds
2025-04-10T12:06:56.356-0500: 6783.102: [GC 6783.103: [DefNew
Desired survivor size 2654208 bytes, new threshold 15 (max 15)
- age   1:      27048 bytes,      27048 total
- age   3:       2176 bytes,      29224 total
- age   4:       5384 bytes,      34608 total
- age   6:        128 bytes,      34736 total
- age   7:        480 bytes,      35216 total
- age   8:        360 bytes,      35576 total
- age   9:       1480 bytes,      37056 total
- age  11:        240 bytes,      37296 total
- age  12:         32 bytes,      37328 total
- age  14:        360 bytes,      37688 total
: 41548K->36K(46720K), 0.0024718 secs] 136057K->94545K(149984K), 0.0025263 secs] [Times: user=0.00 sys=0.00, real=0.00 secs] 
Total time for which application threads were stopped: 0.0117454 seconds
Application time: 0.0653521 seconds
2025-04-10T12:06:56.431-0500: 6783.175: [GC 6783.175: [DefNew
Desired survivor size 2654208 bytes, new threshold 15 (max 15)
- age   1:       4152 bytes,       4152 total
- age   2:      26896 bytes,      31048 total
- age   4:       2176 bytes,      33224 total
- age   5:       4680 bytes,      37904 total
- age   7:         96 bytes,      38000 total
- age   8:        480 bytes,      38480 total
- age   9:        360 bytes,      38840 total
- age  10:       1480 bytes,      40320 total
- age  12:        144 bytes,      40464 total
- age  15:        360 bytes,      40824 total
: 41572K->39K(46720K), 0.0025638 secs] 136081K->94548K(149984K), 0.0026236 secs] [Times: user=0.00 sys=0.00, real=0.00 secs] 
Total time for which application threads were stopped: 0.0071300 seconds
Application time: 0.0158484 seconds
2025-04-10T12:06:56.449-0500: 6783.194: [GC 6783.194: [DefNew
Desired survivor size 2654208 bytes, new threshold 15 (max 15)
- age   1:       8968 bytes,       8968 total
- age   2:       3392 bytes,      12360 total
- age   3:      26896 bytes,      39256 total
- age   5:       2176 bytes,      41432 total
- age   6:       4680 bytes,      46112 total
- age   8:         96 bytes,      46208 total
- age   9:        480 bytes,      46688 total
- age  10:        360 bytes,      47048 total
- age  11:       1480 bytes,      48528 total
- age  13:        144 bytes,      48672 total
: 41573K->47K(46720K), 0.0020973 secs] 136081K->94556K(149984K), 0.0021476 secs] [Times: user=0.00 sys=0.00, real=0.00 secs] 
Total time for which application threads were stopped: 0.0022962 seconds
Application time: 0.0326898 seconds
2025-04-10T12:06:56.491-0500: 6783.235: [GC 6783.235: [DefNew
Desired survivor size 2654208 bytes, new threshold 15 (max 15)
- age   1:      28504 bytes,      28504 total
- age   2:         32 bytes,      28536 total
- age   3:       2472 bytes,      31008 total
- age   4:      26576 bytes,      57584 total
- age   6:       1856 bytes,      59440 total
- age   7:       3696 bytes,      63136 total
- age   9:         96 bytes,      63232 total
- age  10:        480 bytes,      63712 total
- age  11:        360 bytes,      64072 total
- age  12:        208 bytes,      64280 total
- age  14:        112 bytes,      64392 total
: 41583K->62K(46720K), 0.0024034 secs] 136092K->94571K(149984K), 0.0026328 secs] [Times: user=0.00 sys=0.01, real=0.00 secs] 
Total time for which application threads were stopped: 0.0089707 seconds
Application time: 0.0519496 seconds
2025-04-10T12:06:56.553-0500: 6783.294: [GC 6783.295: [DefNew
Desired survivor size 2654208 bytes, new threshold 15 (max 15)
- age   1:        984 bytes,        984 total
- age   2:      28424 bytes,      29408 total
- age   3:         32 bytes,      29440 total
- age   4:       2440 bytes,      31880 total
- age   5:       1240 bytes,      33120 total
- age   7:       1856 bytes,      34976 total
- age   8:       3696 bytes,      38672 total
- age  10:         32 bytes,      38704 total
- age  11:        480 bytes,      39184 total
- age  12:        360 bytes,      39544 total
- age  13:        208 bytes,      39752 total
- age  15:        112 bytes,      39864 total
: 41598K->38K(46720K), 0.0023960 secs] 136107K->94547K(149984K), 0.0024445 secs] [Times: user=0.00 sys=0.00, real=0.00 secs] 
Total time for which application threads were stopped: 0.0076361 seconds
Application time: 0.0270725 seconds
2025-04-10T12:06:56.584-0500: 6783.324: [GC 6783.324: [DefNew
Desired survivor size 2654208 bytes, new threshold 15 (max 15)
- age   1:        944 bytes,        944 total
- age   2:        256 bytes,       1200 total
- age   3:      28424 bytes,      29624 total
- age   4:         32 bytes,      29656 total
- age   5:       2440 bytes,      32096 total
- age   6:       1240 bytes,      33336 total
- age   8:       1856 bytes,      35192 total
- age   9:       3664 bytes,      38856 total
- age  11:         32 bytes,      38888 total
- age  12:        480 bytes,      39368 total
- age  13:        360 bytes,      39728 total
- age  14:        208 bytes,      39936 total
: 41574K->39K(46720K), 0.0020803 secs] 136083K->94547K(149984K), 0.0023390 secs] [Times: user=0.00 sys=0.00, real=0.00 secs] 
Total time for which application threads were stopped: 0.0024718 seconds
Application time: 0.0159234 seconds
2025-04-10T12:06:56.602-0500: 6783.343: [GC 6783.343: [DefNew
Desired survivor size 2654208 bytes, new threshold 15 (max 15)
- age   1:       9120 bytes,       9120 total
- age   2:         32 bytes,       9152 total
- age   3:        256 bytes,       9408 total
- age   4:      28424 bytes,      37832 total
- age   5:         32 bytes,      37864 total
- age   6:       2440 bytes,      40304 total
- age   7:       1240 bytes,      41544 total
- age   9:       1824 bytes,      43368 total
- age  10:       3664 bytes,      47032 total
- age  12:         32 bytes,      47064 total
- age  13:        480 bytes,      47544 total
- age  14:        360 bytes,      47904 total
- age  15:        208 bytes,      48112 total
: 41575K->46K(46720K), 0.0024137 secs] 136083K->94555K(149984K), 0.0024661 secs] [Times: user=0.01 sys=0.00, real=0.00 secs] 
Total time for which application threads were stopped: 0.0026236 seconds
Application time: 0.0207108 seconds
2025-04-10T12:06:56.628-0500: 6783.367: [GC 6783.367: [DefNew
Desired survivor size 2654208 bytes, new threshold 15 (max 15)
- age   1:      27600 bytes,      27600 total
- age   2:         32 bytes,      27632 total
- age   3:         32 bytes,      27664 total
- age   4:        160 bytes,      27824 total
- age   5:      28424 bytes,      56248 total
- age   6:         32 bytes,      56280 total
- age   7:       2440 bytes,      58720 total
- age   8:       1240 bytes,      59960 total
- age  10:       1824 bytes,      61784 total
- age  11:       3664 bytes,      65448 total
- age  13:         32 bytes,      65480 total
- age  14:        464 bytes,      65944 total
- age  15:        360 bytes,      66304 total
: 41582K->64K(46720K), 0.0026533 secs] 136091K->94573K(149984K), 0.0027043 secs] [Times: user=0.00 sys=0.00, real=0.00 secs] 
Total time for which application threads were stopped: 0.0037929 seconds
Application time: 0.0649284 seconds
2025-04-10T12:06:56.701-0500: 6783.439: [GC 6783.439: [DefNew
Desired survivor size 2654208 bytes, new threshold 15 (max 15)
- age   1:       9816 bytes,       9816 total
- age   2:      27512 bytes,      37328 total
- age   3:         32 bytes,      37360 total
- age   5:        160 bytes,      37520 total
- age   6:       3088 bytes,      40608 total
- age   7:         32 bytes,      40640 total
- age   8:       2440 bytes,      43080 total
- age   9:       1240 bytes,      44320 total
- age  11:       1824 bytes,      46144 total
- age  12:       3632 bytes,      49776 total
- age  14:         32 bytes,      49808 total
- age  15:        464 bytes,      50272 total
: 41600K->49K(46720K), 0.0024519 secs] 136109K->94558K(149984K), 0.0026579 secs] [Times: user=0.00 sys=0.00, real=0.00 secs] 
Total time for which application threads were stopped: 0.0068299 seconds
Application time: 0.0155606 seconds
2025-04-10T12:06:56.720-0500: 6783.457: [GC 6783.457: [DefNew
Desired survivor size 2654208 bytes, new threshold 15 (max 15)
- age   1:       8936 bytes,       8936 total
- age   2:        576 bytes,       9512 total
- age   3:      27512 bytes,      37024 total
- age   4:         32 bytes,      37056 total
- age   6:        160 bytes,      37216 total
- age   7:       3088 bytes,      40304 total
- age   8:         32 bytes,      40336 total
- age   9:       2440 bytes,      42776 total
- age  10:       1240 bytes,      44016 total
- age  12:       1824 bytes,      45840 total
- age  13:       3632 bytes,      49472 total
- age  15:         32 bytes,      49504 total
: 41585K->48K(46720K), 0.0023210 secs] 136094K->94558K(149984K), 0.0023783 secs] [Times: user=0.00 sys=0.00, real=0.00 secs] 
Total time for which application threads were stopped: 0.0025298 seconds
Application time: 0.0204882 seconds
2025-04-10T12:06:56.750-0500: 6783.487: [GC 6783.487: [DefNew
Desired survivor size 2654208 bytes, new threshold 15 (max 15)
- age   1:       3552 bytes,       3552 total
- age   3:        488 bytes,       4040 total
- age   4:      27512 bytes,      31552 total
- age   5:         32 bytes,      31584 total
- age   7:        160 bytes,      31744 total
- age   8:        568 bytes,      32312 total
- age   9:         32 bytes,      32344 total
- age  10:        208 bytes,      32552 total
- age  11:        160 bytes,      32712 total
- age  13:        744 bytes,      33456 total
- age  14:        360 bytes,      33816 total
: 41584K->33K(46720K), 0.0024332 secs] 136094K->94542K(149984K), 0.0024824 secs] [Times: user=0.00 sys=0.00, real=0.00 secs] 
Total time for which application threads were stopped: 0.0090910 seconds
Application time: 0.0584273 seconds
2025-04-10T12:06:56.814-0500: 6783.548: [GC 6783.548: [DefNew
Desired survivor size 2654208 bytes, new threshold 15 (max 15)
- age   1:        720 bytes,        720 total
- age   2:       3448 bytes,       4168 total
- age   4:        488 bytes,       4656 total
- age   5:       2176 bytes,       6832 total
- age   6:         32 bytes,       6864 total
- age   8:        128 bytes,       6992 total
- age   9:        568 bytes,       7560 total
- age  10:         32 bytes,       7592 total
- age  11:        112 bytes,       7704 total
- age  12:        160 bytes,       7864 total
- age  14:        744 bytes,       8608 total
- age  15:        360 bytes,       8968 total
: 41569K->8K(46720K), 0.0026317 secs] 136078K->94518K(149984K), 0.0026845 secs] [Times: user=0.00 sys=0.00, real=0.00 secs] 
Total time for which application threads were stopped: 0.0030876 seconds
Application time: 0.0159298 seconds
2025-04-10T12:06:56.833-0500: 6783.567: [GC 6783.567: [DefNew
Desired survivor size 2654208 bytes, new threshold 15 (max 15)
- age   1:       8936 bytes,       8936 total
- age   2:        568 bytes,       9504 total
- age   3:       3448 bytes,      12952 total
- age   5:        488 bytes,      13440 total
- age   6:       2176 bytes,      15616 total
- age   7:         32 bytes,      15648 total
- age   9:        128 bytes,      15776 total
- age  10:        568 bytes,      16344 total
- age  11:         32 bytes,      16376 total
- age  12:        112 bytes,      16488 total
- age  13:        160 bytes,      16648 total
- age  15:        744 bytes,      17392 total
: 41544K->16K(46720K), 0.0021430 secs] 136054K->94527K(149984K), 0.0021943 secs] [Times: user=0.00 sys=0.00, real=0.00 secs] 
Total time for which application threads were stopped: 0.0028359 seconds
Application time: 0.0162904 seconds
2025-04-10T12:06:56.853-0500: 6783.586: [GC 6783.586: [DefNew
Desired survivor size 2654208 bytes, new threshold 15 (max 15)
- age   1:       8936 bytes,       8936 total
- age   3:        568 bytes,       9504 total
- age   4:       3448 bytes,      12952 total
- age   6:        488 bytes,      13440 total
- age   7:       2176 bytes,      15616 total
- age   8:         32 bytes,      15648 total
- age  10:        128 bytes,      15776 total
- age  11:        568 bytes,      16344 total
- age  12:         32 bytes,      16376 total
- age  13:        112 bytes,      16488 total
- age  14:        160 bytes,      16648 total
: 41552K->16K(46720K), 0.0020754 secs] 136063K->94527K(149984K), 0.0021260 secs] [Times: user=0.00 sys=0.00, real=0.00 secs] 
Total time for which application threads were stopped: 0.0023068 seconds
Application time: 0.0525378 seconds
2025-04-10T12:06:56.910-0500: 6783.643: [GC 6783.643: [DefNew
Desired survivor size 2654208 bytes, new threshold 15 (max 15)
- age   1:      18600 bytes,      18600 total
- age   4:        568 bytes,      19168 total
- age   5:       3368 bytes,      22536 total
- age   7:        488 bytes,      23024 total
- age   9:         32 bytes,      23056 total
- age  11:        128 bytes,      23184 total
- age  12:        536 bytes,      23720 total
- age  13:         32 bytes,      23752 total
- age  14:        112 bytes,      23864 total
: 41552K->23K(46720K), 0.0024031 secs] 136063K->94534K(149984K), 0.0024533 secs] [Times: user=0.00 sys=0.00, real=0.00 secs] 
Total time for which application threads were stopped: 0.0045974 seconds
Application time: 0.0155564 seconds
2025-04-10T12:06:56.930-0500: 6783.661: [GC 6783.661: [DefNew
Desired survivor size 2654208 bytes, new threshold 15 (max 15)
- age   1:       8936 bytes,       8936 total
- age   2:       9664 bytes,      18600 total
- age   5:        568 bytes,      19168 total
- age   6:       3368 bytes,      22536 total
- age   8:        488 bytes,      23024 total
- age  10:         32 bytes,      23056 total
- age  12:        128 bytes,      23184 total
- age  13:        536 bytes,      23720 total
- age  14:         32 bytes,      23752 total
- age  15:        112 bytes,      23864 total
: 41559K->23K(46720K), 0.0021780 secs] 136070K->94534K(149984K), 0.0022283 secs] [Times: user=0.00 sys=0.00, real=0.00 secs] 
Total time for which application threads were stopped: 0.0024091 seconds
Application time: 0.0159906 seconds
2025-04-10T12:06:56.949-0500: 6783.680: [GC 6783.680: [DefNew
Desired survivor size 2654208 bytes, new threshold 15 (max 15)
- age   1:         88 bytes,         88 total
- age   3:       9664 bytes,       9752 total
- age   6:        568 bytes,      10320 total
- age   7:       3368 bytes,      13688 total
- age   9:        488 bytes,      14176 total
- age  11:         32 bytes,      14208 total
- age  13:        128 bytes,      14336 total
- age  14:        536 bytes,      14872 total
- age  15:         32 bytes,      14904 total
: 41559K->14K(46720K), 0.0023567 secs] 136070K->94525K(149984K), 0.0024222 secs] [Times: user=0.00 sys=0.00, real=0.00 secs] 
Total time for which application threads were stopped: 0.0033597 seconds
Application time: 0.0154916 seconds
2025-04-10T12:06:56.968-0500: 6783.698: [GC 6783.698: [DefNew
Desired survivor size 2654208 bytes, new threshold 15 (max 15)
- age   1:       8936 bytes,       8936 total
- age   4:       9664 bytes,      18600 total
- age   7:        568 bytes,      19168 total
- age   8:       3368 bytes,      22536 total
- age  10:        488 bytes,      23024 total
- age  12:         32 bytes,      23056 total
- age  14:        128 bytes,      23184 total
- age  15:        536 bytes,      23720 total
: 41550K->23K(46720K), 0.0020386 secs] 136061K->94534K(149984K), 0.0020863 secs] [Times: user=0.00 sys=0.00, real=0.00 secs] 
Total time for which application threads were stopped: 0.0022360 seconds
Application time: 0.0168517 seconds
2025-04-10T12:06:56.996-0500: 6783.726: [GC 6783.726: [DefNew
Desired survivor size 2654208 bytes, new threshold 15 (max 15)
- age   1:       8936 bytes,       8936 total
- age   5:       9664 bytes,      18600 total
- age   8:        568 bytes,      19168 total
- age   9:       3368 bytes,      22536 total
- age  11:        488 bytes,      23024 total
- age  13:         32 bytes,      23056 total
- age  15:        128 bytes,      23184 total
: 41559K->22K(46720K), 0.0029626 secs] 136070K->94534K(149984K), 0.0030129 secs] [Times: user=0.00 sys=0.00, real=0.00 secs] 
Total time for which application threads were stopped: 0.0120123 seconds
Application time: 0.0270102 seconds
2025-04-10T12:06:57.027-0500: 6783.756: [GC 6783.756: [DefNew
Desired survivor size 2654208 bytes, new threshold 15 (max 15)
- age   1:      13464 bytes,      13464 total
- age   2:       8936 bytes,      22400 total
- age   6:        728 bytes,      23128 total
- age   9:        568 bytes,      23696 total
- age  10:       1272 bytes,      24968 total
- age  12:        488 bytes,      25456 total
: 41558K->24K(46720K), 0.0021897 secs] 136070K->94536K(149984K), 0.0024512 secs] [Times: user=0.00 sys=0.00, real=0.00 secs] 
Total time for which application threads were stopped: 0.0026034 seconds
Application time: 0.0506911 seconds
2025-04-10T12:06:57.096-0500: 6783.823: [GC 6783.823: [DefNew
Desired survivor size 2654208 bytes, new threshold 15 (max 15)
- age   1:      29416 bytes,      29416 total
- age   2:       1224 bytes,      30640 total
- age   3:       8936 bytes,      39576 total
- age   7:        728 bytes,      40304 total
- age  10:        512 bytes,      40816 total
- age  11:         80 bytes,      40896 total
- age  13:        456 bytes,      41352 total
: 41560K->40K(46720K), 0.0025825 secs] 136072K->94552K(149984K), 0.0026360 secs] [Times: user=0.00 sys=0.00, real=0.00 secs] 
Total time for which application threads were stopped: 0.0161496 seconds
Application time: 0.0360315 seconds
2025-04-10T12:06:57.144-0500: 6783.871: [GC 6783.871: [DefNew
Desired survivor size 2654208 bytes, new threshold 15 (max 15)
- age   1:       5544 bytes,       5544 total
- age   2:       1448 bytes,       6992 total
- age   3:       1192 bytes,       8184 total
- age   4:       8936 bytes,      17120 total
- age   8:        680 bytes,      17800 total
- age  11:        408 bytes,      18208 total
- age  12:         80 bytes,      18288 total
- age  14:        456 bytes,      18744 total
: 41576K->18K(46720K), 0.0023454 secs] 136088K->94530K(149984K), 0.0023939 secs] [Times: user=0.00 sys=0.00, real=0.00 secs] 
Total time for which application threads were stopped: 0.0114184 seconds
Application time: 0.0174633 seconds
2025-04-10T12:06:57.165-0500: 6783.891: [GC 6783.891: [DefNew
Desired survivor size 2654208 bytes, new threshold 15 (max 15)
- age   1:       9120 bytes,       9120 total
- age   2:       4664 bytes,      13784 total
- age   3:       1416 bytes,      15200 total
- age   4:       1192 bytes,      16392 total
- age   5:       8936 bytes,      25328 total
- age   9:        680 bytes,      26008 total
- age  12:        408 bytes,      26416 total
- age  13:         80 bytes,      26496 total
- age  15:        456 bytes,      26952 total
: 41554K->26K(46720K), 0.0020474 secs] 136066K->94538K(149984K), 0.0020970 secs] [Times: user=0.01 sys=0.00, real=0.00 secs] 
Total time for which application threads were stopped: 0.0022856 seconds
Application time: 0.0489707 seconds
2025-04-10T12:06:57.218-0500: 6783.943: [GC 6783.943: [DefNew
Desired survivor size 2654208 bytes, new threshold 15 (max 15)
- age   1:      34880 bytes,      34880 total
- age   2:         32 bytes,      34912 total
- age   3:       4632 bytes,      39544 total
- age   4:       1416 bytes,      40960 total
- age   5:       1192 bytes,      42152 total
- age  10:        680 bytes,      42832 total
- age  13:        408 bytes,      43240 total
- age  14:         80 bytes,      43320 total
: 41562K->42K(46720K), 0.0024502 secs] 136074K->94554K(149984K), 0.0024969 secs] [Times: user=0.00 sys=0.00, real=0.00 secs] 
Total time for which application threads were stopped: 0.0034471 seconds
Application time: 0.0158204 seconds
2025-04-10T12:06:57.238-0500: 6783.961: [GC 6783.961: [DefNew
Desired survivor size 2654208 bytes, new threshold 15 (max 15)
- age   1:       8936 bytes,       8936 total
- age   2:      25792 bytes,      34728 total
- age   3:         32 bytes,      34760 total
- age   4:       4632 bytes,      39392 total
- age   5:       1416 bytes,      40808 total
- age   6:       1192 bytes,      42000 total
- age  11:        680 bytes,      42680 total
- age  14:        408 bytes,      43088 total
- age  15:         80 bytes,      43168 total
: 41578K->42K(46720K), 0.0023376 secs] 136090K->94554K(149984K), 0.0023868 secs] [Times: user=0.00 sys=0.00, real=0.00 secs] 
Total time for which application threads were stopped: 0.0025390 seconds
Application time: 0.0190871 seconds
2025-04-10T12:06:57.267-0500: 6783.991: [GC 6783.991: [DefNew
Desired survivor size 2654208 bytes, new threshold 15 (max 15)
- age   1:        248 bytes,        248 total
- age   3:      25792 bytes,      26040 total
- age   4:         32 bytes,      26072 total
- age   5:       4536 bytes,      30608 total
- age   6:       1416 bytes,      32024 total
- age   7:       1192 bytes,      33216 total
- age  12:        680 bytes,      33896 total
- age  15:        408 bytes,      34304 total
: 41578K->33K(46720K), 0.0026278 secs] 136090K->94545K(149984K), 0.0026845 secs] [Times: user=0.00 sys=0.00, real=0.00 secs] 
Total time for which application threads were stopped: 0.0107962 seconds
Application time: 0.0321593 seconds
2025-04-10T12:06:57.304-0500: 6784.027: [GC 6784.027: [DefNew
Desired survivor size 2654208 bytes, new threshold 15 (max 15)
- age   1:      11152 bytes,      11152 total
- age   4:      25792 bytes,      36944 total
- age   5:         32 bytes,      36976 total
- age   6:        856 bytes,      37832 total
- age   7:        896 bytes,      38728 total
- age   8:       1192 bytes,      39920 total
- age  13:        536 bytes,      40456 total
: 41569K->39K(46720K), 0.0024342 secs] 136081K->94552K(149984K), 0.0024817 secs] [Times: user=0.00 sys=0.00, real=0.00 secs] 
Total time for which application threads were stopped: 0.0035353 seconds
Application time: 0.0159131 seconds
2025-04-10T12:06:57.324-0500: 6784.045: [GC 6784.045: [DefNew
Desired survivor size 2654208 bytes, new threshold 15 (max 15)
- age   1:       8936 bytes,       8936 total
- age   2:       2216 bytes,      11152 total
- age   5:      25792 bytes,      36944 total
- age   6:         32 bytes,      36976 total
- age   7:        856 bytes,      37832 total
- age   8:        896 bytes,      38728 total
- age   9:       1192 bytes,      39920 total
- age  14:        536 bytes,      40456 total
: 41575K->39K(46720K), 0.0022424 secs] 136088K->94552K(149984K), 0.0022913 secs] [Times: user=0.02 sys=0.00, real=0.00 secs] 
Total time for which application threads were stopped: 0.0024427 seconds
Application time: 0.0176080 seconds
2025-04-10T12:06:57.354-0500: 6784.075: [GC 6784.075: [DefNew
Desired survivor size 2654208 bytes, new threshold 15 (max 15)
- age   1:      18752 bytes,      18752 total
- age   3:       2192 bytes,      20944 total
- age   6:        456 bytes,      21400 total
- age   8:        856 bytes,      22256 total
- age   9:        832 bytes,      23088 total
- age  10:       1192 bytes,      24280 total
- age  15:        504 bytes,      24784 total
: 41575K->24K(46720K), 0.0024349 secs] 136088K->94536K(149984K), 0.0024820 secs] [Times: user=0.00 sys=0.00, real=0.00 secs] 
Total time for which application threads were stopped: 0.0119638 seconds
Application time: 0.0215613 seconds
2025-04-10T12:06:57.379-0500: 6784.099: [GC 6784.099: [DefNew
Desired survivor size 2654208 bytes, new threshold 15 (max 15)
- age   1:       9120 bytes,       9120 total
- age   2:       9512 bytes,      18632 total
- age   4:       2192 bytes,      20824 total
- age   7:        424 bytes,      21248 total
- age   9:        856 bytes,      22104 total
- age  10:        832 bytes,      22936 total
- age  11:       1192 bytes,      24128 total
: 41560K->23K(46720K), 0.0026459 secs] 136072K->94536K(149984K), 0.0027167 secs] [Times: user=0.00 sys=0.00, real=0.00 secs] 
Total time for which application threads were stopped: 0.0029039 seconds
Application time: 0.0492659 seconds
2025-04-10T12:06:57.440-0500: 6784.159: [GC 6784.159: [DefNew
Desired survivor size 2654208 bytes, new threshold 15 (max 15)
- age   1:        984 bytes,        984 total
- age   2:         32 bytes,       1016 total
- age   3:        544 bytes,       1560 total
- age   5:       2192 bytes,       3752 total
- age   8:        424 bytes,       4176 total
- age  10:        856 bytes,       5032 total
- age  11:        832 bytes,       5864 total
- age  12:       1192 bytes,       7056 total
: 41559K->6K(46720K), 0.0024250 secs] 136072K->94519K(149984K), 0.0024785 secs] [Times: user=0.00 sys=0.00, real=0.00 secs] 
Total time for which application threads were stopped: 0.0102993 seconds
Application time: 0.0158958 seconds
2025-04-10T12:06:57.459-0500: 6784.177: [GC 6784.178: [DefNew
Desired survivor size 2654208 bytes, new threshold 15 (max 15)
- age   1:       8960 bytes,       8960 total
- age   2:        104 bytes,       9064 total
- age   3:         32 bytes,       9096 total
- age   4:        544 bytes,       9640 total
- age   6:       2192 bytes,      11832 total
- age   9:        424 bytes,      12256 total
- age  11:        856 bytes,      13112 total
- age  12:        832 bytes,      13944 total
- age  13:       1192 bytes,      15136 total
: 41542K->14K(46720K), 0.0020400 secs] 136055K->94527K(149984K), 0.0020916 secs] [Times: user=0.00 sys=0.00, real=0.00 secs] 
Total time for which application threads were stopped: 0.0025648 seconds
Application time: 0.0236367 seconds
2025-04-10T12:06:57.489-0500: 6784.207: [GC 6784.207: [DefNew
Desired survivor size 2654208 bytes, new threshold 15 (max 15)
- age   1:      25528 bytes,      25528 total
- age   2:         24 bytes,      25552 total
- age   3:        104 bytes,      25656 total
- age   4:         32 bytes,      25688 total
- age   5:        544 bytes,      26232 total
- age   7:       2192 bytes,      28424 total
- age  10:        424 bytes,      28848 total
- age  12:        856 bytes,      29704 total
- age  13:        832 bytes,      30536 total
- age  14:       1192 bytes,      31728 total
: 41550K->30K(46720K), 0.0025567 secs] 136063K->94544K(149984K), 0.0027676 secs] [Times: user=0.00 sys=0.00, real=0.00 secs] 
Total time for which application threads were stopped: 0.0061330 seconds
Application time: 0.0281611 seconds
2025-04-10T12:06:57.526-0500: 6784.243: [GC 6784.243: [DefNew
Desired survivor size 2654208 bytes, new threshold 15 (max 15)
- age   1:       6736 bytes,       6736 total
- age   3:         24 bytes,       6760 total
- age   4:        104 bytes,       6864 total
- age   5:         32 bytes,       6896 total
- age   6:        544 bytes,       7440 total
- age   8:        368 bytes,       7808 total
- age  11:        424 bytes,       8232 total
- age  13:        856 bytes,       9088 total
- age  14:        800 bytes,       9888 total
- age  15:       1192 bytes,      11080 total
: 41566K->10K(46720K), 0.0024997 secs] 136080K->94523K(149984K), 0.0025500 secs] [Times: user=0.00 sys=0.00, real=0.00 secs] 
Total time for which application threads were stopped: 0.0075289 seconds
Application time: 0.0485637 seconds
2025-04-10T12:06:57.589-0500: 6784.303: [GC 6784.303: [DefNew
Desired survivor size 2654208 bytes, new threshold 15 (max 15)
- age   1:      10400 bytes,      10400 total
- age   2:       5752 bytes,      16152 total
- age   4:         24 bytes,      16176 total
- age   5:        104 bytes,      16280 total
- age   6:         32 bytes,      16312 total
- age   7:        544 bytes,      16856 total
- age   9:        368 bytes,      17224 total
- age  12:        424 bytes,      17648 total
- age  14:        824 bytes,      18472 total
- age  15:        800 bytes,      19272 total
: 41546K->18K(46720K), 0.0025047 secs] 136059K->94533K(149984K), 0.0025613 secs] [Times: user=0.00 sys=0.00, real=0.00 secs] 
Total time for which application threads were stopped: 0.0119535 seconds
Application time: 0.0224985 seconds
2025-04-10T12:06:57.626-0500: 6784.339: [GC 6784.339: [DefNew
Desired survivor size 2654208 bytes, new threshold 15 (max 15)
- age   1:      20016 bytes,      20016 total
- age   2:       1400 bytes,      21416 total
- age   3:       5752 bytes,      27168 total
- age   6:         32 bytes,      27200 total
- age   8:        512 bytes,      27712 total
- age  10:        368 bytes,      28080 total
- age  13:        424 bytes,      28504 total
- age  15:        824 bytes,      29328 total
: 41554K->28K(46720K), 0.0023620 secs] 136069K->94543K(149984K), 0.0026034 secs] [Times: user=0.00 sys=0.00, real=0.00 secs] 
Total time for which application threads were stopped: 0.0132336 seconds
Application time: 0.0173178 seconds
2025-04-10T12:06:57.646-0500: 6784.359: [GC 6784.359: [DefNew
Desired survivor size 2654208 bytes, new threshold 15 (max 15)
- age   1:        760 bytes,        760 total
- age   2:      10592 bytes,      11352 total
- age   3:       1400 bytes,      12752 total
- age   4:       5752 bytes,      18504 total
- age   7:         32 bytes,      18536 total
- age   9:        512 bytes,      19048 total
- age  11:        368 bytes,      19416 total
- age  14:        424 bytes,      19840 total
: 41564K->19K(46720K), 0.0021546 secs] 136079K->94535K(149984K), 0.0022053 secs] [Times: user=0.00 sys=0.00, real=0.00 secs] 
Total time for which application threads were stopped: 0.0023596 seconds
Application time: 0.0486362 seconds
2025-04-10T12:06:57.698-0500: 6784.411: [GC 6784.411: [DefNew
Desired survivor size 2654208 bytes, new threshold 15 (max 15)
- age   1:      19392 bytes,      19392 total
- age   3:       1624 bytes,      21016 total
- age   4:       1400 bytes,      22416 total
- age   5:       5752 bytes,      28168 total
- age   8:         32 bytes,      28200 total
- age  10:        488 bytes,      28688 total
- age  12:        336 bytes,      29024 total
- age  15:        424 bytes,      29448 total
: 41555K->28K(46720K), 0.0024739 secs] 136071K->94544K(149984K), 0.0025224 secs] [Times: user=0.00 sys=0.00, real=0.00 secs] 
Total time for which application threads were stopped: 0.0036259 seconds
Application time: 0.0161060 seconds
2025-04-10T12:06:57.718-0500: 6784.430: [GC 6784.430: [DefNew
Desired survivor size 2654208 bytes, new threshold 15 (max 15)
- age   1:       8936 bytes,       8936 total
- age   2:      10456 bytes,      19392 total
- age   4:       1624 bytes,      21016 total
- age   5:       1400 bytes,      22416 total
- age   6:       5752 bytes,      28168 total
- age   9:         32 bytes,      28200 total
- age  11:        488 bytes,      28688 total
- age  13:        336 bytes,      29024 total
: 41564K->28K(46720K), 0.0020810 secs] 136080K->94544K(149984K), 0.0021302 secs] [Times: user=0.00 sys=0.00, real=0.00 secs] 
Total time for which application threads were stopped: 0.0022796 seconds
Application time: 0.0309825 seconds
2025-04-10T12:06:57.756-0500: 6784.466: [GC 6784.466: [DefNew
Desired survivor size 2654208 bytes, new threshold 15 (max 15)
- age   1:        800 bytes,        800 total
- age   3:      10456 bytes,      11256 total
- age   5:       1624 bytes,      12880 total
- age   6:       1400 bytes,      14280 total
- age   7:       5656 bytes,      19936 total
- age  12:        488 bytes,      20424 total
- age  14:        336 bytes,      20760 total
: 41564K->20K(46720K), 0.0021638 secs] 136080K->94536K(149984K), 0.0022148 secs] [Times: user=0.02 sys=0.00, real=0.00 secs] 
Total time for which application threads were stopped: 0.0052627 seconds
Application time: 0.0233259 seconds
2025-04-10T12:06:57.786-0500: 6784.495: [GC 6784.495: [DefNew
Desired survivor size 2654208 bytes, new threshold 15 (max 15)
- age   1:      10568 bytes,      10568 total
- age   2:        112 bytes,      10680 total
- age   4:       1192 bytes,      11872 total
- age   6:        224 bytes,      12096 total
- age   8:        176 bytes,      12272 total
- age  13:        456 bytes,      12728 total
: 41556K->12K(46720K), 0.0025701 secs] 136072K->94528K(149984K), 0.0026190 secs] [Times: user=0.00 sys=0.00, real=0.00 secs] 
Total time for which application threads were stopped: 0.0061496 seconds
Application time: 0.0156619 seconds
2025-04-10T12:06:57.804-0500: 6784.513: [GC 6784.514: [DefNew
Desired survivor size 2654208 bytes, new threshold 15 (max 15)
- age   1:       8936 bytes,       8936 total
- age   2:       1632 bytes,      10568 total
- age   3:        112 bytes,      10680 total
- age   5:       1192 bytes,      11872 total
- age   7:        224 bytes,      12096 total
- age   9:        176 bytes,      12272 total
- age  14:        456 bytes,      12728 total
: 41548K->12K(46720K), 0.0021154 secs] 136064K->94528K(149984K), 0.0021730 secs] [Times: user=0.02 sys=0.00, real=0.00 secs] 
Total time for which application threads were stopped: 0.0024820 seconds
Application time: 0.0654904 seconds
2025-04-10T12:06:57.884-0500: 6784.591: [GC 6784.591: [DefNew
Desired survivor size 2654208 bytes, new threshold 15 (max 15)
- age   1:       3760 bytes,       3760 total
- age   3:       1408 bytes,       5168 total
- age   4:        112 bytes,       5280 total
- age   6:       1128 bytes,       6408 total
- age   8:        192 bytes,       6600 total
- age  10:        176 bytes,       6776 total
- age  15:        392 bytes,       7168 total
: 41548K->7K(46720K), 0.0024502 secs] 136064K->94523K(149984K), 0.0026462 secs] [Times: user=0.02 sys=0.00, real=0.00 secs] 
Total time for which application threads were stopped: 0.0122544 seconds
Application time: 0.0184620 seconds
2025-04-10T12:06:57.908-0500: 6784.615: [GC 6784.615: [DefNew
Desired survivor size 2654208 bytes, new threshold 15 (max 15)
- age   1:        832 bytes,        832 total
- age   2:       3744 bytes,       4576 total
- age   4:       1408 bytes,       5984 total
- age   5:         96 bytes,       6080 total
- age   7:       1128 bytes,       7208 total
- age   9:        192 bytes,       7400 total
- age  11:        176 bytes,       7576 total
: 41543K->7K(46720K), 0.0024169 secs] 136059K->94523K(149984K), 0.0024640 secs] [Times: user=0.00 sys=0.00, real=0.00 secs] 
Total time for which application threads were stopped: 0.0052188 seconds
Application time: 0.0679038 seconds
2025-04-10T12:06:57.983-0500: 6784.687: [GC 6784.687: [DefNew
Desired survivor size 2654208 bytes, new threshold 15 (max 15)
- age   1:      10568 bytes,      10568 total
- age   3:       3744 bytes,      14312 total
- age   5:       1176 bytes,      15488 total
- age   6:         64 bytes,      15552 total
- age   8:       1096 bytes,      16648 total
- age  10:        160 bytes,      16808 total
- age  12:        144 bytes,      16952 total
: 41543K->16K(46720K), 0.0024498 secs] 136059K->94533K(149984K), 0.0024994 secs] [Times: user=0.00 sys=0.00, real=0.00 secs] 
Total time for which application threads were stopped: 0.0046728 seconds
Application time: 0.0157029 seconds
2025-04-10T12:06:58.001-0500: 6784.706: [GC 6784.706: [DefNew
Desired survivor size 2654208 bytes, new threshold 15 (max 15)
- age   1:       8936 bytes,       8936 total
- age   2:       1024 bytes,       9960 total
- age   4:       3744 bytes,      13704 total
- age   6:       1176 bytes,      14880 total
- age   7:         64 bytes,      14944 total
- age   9:       1096 bytes,      16040 total
- age  11:        160 bytes,      16200 total
- age  13:        144 bytes,      16344 total
: 41552K->15K(46720K), 0.0021270 secs] 136069K->94532K(149984K), 0.0021769 secs] [Times: user=0.00 sys=0.00, real=0.00 secs] 
Total time for which application threads were stopped: 0.0023543 seconds
Application time: 0.0173684 seconds
2025-04-10T12:06:58.023-0500: 6784.726: [GC 6784.726: [DefNew
Desired survivor size 2654208 bytes, new threshold 15 (max 15)
- age   1:       9736 bytes,       9736 total
- age   3:       1024 bytes,      10760 total
- age   5:       3728 bytes,      14488 total
- age   7:       1176 bytes,      15664 total
- age   8:         64 bytes,      15728 total
- age  10:       1096 bytes,      16824 total
- age  12:        160 bytes,      16984 total
- age  14:        112 bytes,      17096 total
: 41551K->16K(46720K), 0.0021858 secs] 136068K->94533K(149984K), 0.0022371 secs] [Times: user=0.00 sys=0.00, real=0.00 secs] 
Total time for which application threads were stopped: 0.0029272 seconds
Application time: 0.0479680 seconds
2025-04-10T12:06:58.074-0500: 6784.776: [GC 6784.776: [DefNew
Desired survivor size 2654208 bytes, new threshold 15 (max 15)
- age   1:      12904 bytes,      12904 total
- age   2:        160 bytes,      13064 total
- age   4:       1024 bytes,      14088 total
- age   6:        808 bytes,      14896 total
- age   8:        536 bytes,      15432 total
- age   9:         64 bytes,      15496 total
- age  13:         96 bytes,      15592 total
- age  15:         80 bytes,      15672 total
: 41552K->15K(46720K), 0.0023599 secs] 136069K->94531K(149984K), 0.0024141 secs] [Times: user=0.00 sys=0.00, real=0.00 secs] 
Total time for which application threads were stopped: 0.0025726 seconds
Application time: 0.0182228 seconds
2025-04-10T12:06:58.130-0500: 6784.831: [GC 6784.831: [DefNew
Desired survivor size 2654208 bytes, new threshold 15 (max 15)
- age   1:      11064 bytes,      11064 total
- age   2:       1928 bytes,      12992 total
- age   3:        128 bytes,      13120 total
- age   5:        784 bytes,      13904 total
- age   7:        808 bytes,      14712 total
- age   9:        536 bytes,      15248 total
- age  10:         64 bytes,      15312 total
- age  14:         96 bytes,      15408 total
: 41551K->15K(46720K), 0.0024080 secs] 136067K->94531K(149984K), 0.0024579 secs] [Times: user=0.00 sys=0.00, real=0.00 secs] 
Total time for which application threads were stopped: 0.0363454 seconds
Application time: 0.0682499 seconds
2025-04-10T12:06:58.303-0500: 6784.999: [GC 6784.999: [DefNew
Desired survivor size 2654208 bytes, new threshold 15 (max 15)
- age   1:      10144 bytes,      10144 total
- age   2:       2112 bytes,      12256 total
- age   3:       1928 bytes,      14184 total
- age   4:        128 bytes,      14312 total
- age   6:        536 bytes,      14848 total
- age   8:        808 bytes,      15656 total
- age  10:        504 bytes,      16160 total
- age  11:         64 bytes,      16224 total
- age  15:         96 bytes,      16320 total
: 41551K->15K(46720K), 0.0025432 secs] 136067K->94532K(149984K), 0.0025967 secs] [Times: user=0.00 sys=0.00, real=0.00 secs] 
Total time for which application threads were stopped: 0.1000691 seconds
Application time: 0.0324768 seconds
2025-04-10T12:06:58.339-0500: 6785.034: [GC 6785.034: [DefNew
Desired survivor size 2654208 bytes, new threshold 15 (max 15)
- age   1:       2128 bytes,       2128 total
- age   2:       9464 bytes,      11592 total
- age   3:       2112 bytes,      13704 total
- age   4:       1608 bytes,      15312 total
- age   5:        112 bytes,      15424 total
- age   7:        504 bytes,      15928 total
- age   9:        744 bytes,      16672 total
- age  11:        472 bytes,      17144 total
- age  12:         64 bytes,      17208 total
: 41551K->16K(46720K), 0.0027195 secs] 136068K->94533K(149984K), 0.0027719 secs] [Times: user=0.00 sys=0.00, real=0.00 secs] 
Total time for which application threads were stopped: 0.0029244 seconds
Application time: 0.0179528 seconds
2025-04-10T12:06:58.389-0500: 6785.083: [GC 6785.083: [DefNew
Desired survivor size 2654208 bytes, new threshold 15 (max 15)
- age   1:       4472 bytes,       4472 total
- age   2:        944 bytes,       5416 total
- age   3:        376 bytes,       5792 total
- age   4:       1792 bytes,       7584 total
- age   5:        272 bytes,       7856 total
- age   6:        112 bytes,       7968 total
- age   8:        504 bytes,       8472 total
- age  10:        744 bytes,       9216 total
- age  12:        472 bytes,       9688 total
- age  13:         64 bytes,       9752 total
: 41552K->9K(46720K), 0.0023422 secs] 136069K->94526K(149984K), 0.0023928 secs] [Times: user=0.00 sys=0.00, real=0.00 secs] 
Total time for which application threads were stopped: 0.0303788 seconds
Application time: 0.0186181 seconds
2025-04-10T12:06:58.411-0500: 6785.104: [GC 6785.104: [DefNew
Desired survivor size 2654208 bytes, new threshold 15 (max 15)
- age   1:       8936 bytes,       8936 total
- age   2:       3744 bytes,      12680 total
- age   3:        944 bytes,      13624 total
- age   4:        376 bytes,      14000 total
- age   5:       1792 bytes,      15792 total
- age   6:        272 bytes,      16064 total
- age   7:        112 bytes,      16176 total
- age   9:        504 bytes,      16680 total
- age  11:        744 bytes,      17424 total
- age  13:        472 bytes,      17896 total
- age  14:         64 bytes,      17960 total
: 41545K->17K(46720K), 0.0023801 secs] 136062K->94534K(149984K), 0.0024392 secs] [Times: user=0.00 sys=0.00, real=0.00 secs] 
Total time for which application threads were stopped: 0.0025963 seconds
Application time: 0.0182065 seconds
2025-04-10T12:06:58.549-0500: 6785.239: [GC 6785.239: [DefNew
Desired survivor size 2654208 bytes, new threshold 15 (max 15)
- age   1:      25352 bytes,      25352 total
- age   3:       3744 bytes,      29096 total
- age   4:        944 bytes,      30040 total
- age   5:        280 bytes,      30320 total
- age   6:       1792 bytes,      32112 total
- age   7:        272 bytes,      32384 total
- age   8:        112 bytes,      32496 total
- age  10:        504 bytes,      33000 total
- age  12:        744 bytes,      33744 total
- age  14:        472 bytes,      34216 total
- age  15:         64 bytes,      34280 total
: 41553K->33K(46720K), 0.0026080 secs] 136070K->94550K(149984K), 0.0026600 secs] [Times: user=0.00 sys=0.00, real=0.00 secs] 
Total time for which application threads were stopped: 0.1169336 seconds
Application time: 0.0786671 seconds
2025-04-10T12:06:58.672-0500: 6785.359: [GC 6785.359: [DefNew
Desired survivor size 2654208 bytes, new threshold 15 (max 15)
- age   1:      11240 bytes,      11240 total
- age   4:       3744 bytes,      14984 total
- age   5:        944 bytes,      15928 total
- age   6:        280 bytes,      16208 total
- age   7:       1792 bytes,      18000 total
- age   8:        272 bytes,      18272 total
- age   9:        112 bytes,      18384 total
- age  11:        456 bytes,      18840 total
- age  13:        744 bytes,      19584 total
- age  15:        472 bytes,      20056 total
: 41569K->19K(46720K), 0.0023677 secs] 136086K->94536K(149984K), 0.0024165 secs] [Times: user=0.00 sys=0.00, real=0.00 secs] 
Total time for which application threads were stopped: 0.0408274 seconds
Application time: 0.0253036 seconds
2025-04-10T12:06:58.701-0500: 6785.387: [GC 6785.387: [DefNew
Desired survivor size 2654208 bytes, new threshold 15 (max 15)
- age   1:        728 bytes,        728 total
- age   2:       2304 bytes,       3032 total
- age   5:       3744 bytes,       6776 total
- age   6:        944 bytes,       7720 total
- age   7:        280 bytes,       8000 total
- age   8:       1792 bytes,       9792 total
- age   9:        272 bytes,      10064 total
- age  10:        112 bytes,      10176 total
- age  12:        456 bytes,      10632 total
- age  14:        744 bytes,      11376 total
: 41555K->11K(46720K), 0.0021008 secs] 136072K->94528K(149984K), 0.0021507 secs] [Times: user=0.01 sys=0.00, real=0.00 secs] 
Total time for which application threads were stopped: 0.0023029 seconds
Application time: 0.0182058 seconds
2025-04-10T12:06:58.723-0500: 6785.408: [GC 6785.408: [DefNew
Desired survivor size 2654208 bytes, new threshold 15 (max 15)
- age   1:      17872 bytes,      17872 total
- age   3:       2304 bytes,      20176 total
- age   6:       3728 bytes,      23904 total
- age   7:        944 bytes,      24848 total
- age   8:        280 bytes,      25128 total
- age   9:       1792 bytes,      26920 total
- age  10:        272 bytes,      27192 total
- age  11:        112 bytes,      27304 total
- age  13:        456 bytes,      27760 total
- age  15:        744 bytes,      28504 total
: 41547K->27K(46720K), 0.0024169 secs] 136064K->94545K(149984K), 0.0025769 secs] [Times: user=0.00 sys=0.00, real=0.00 secs] 
Total time for which application threads were stopped: 0.0033261 seconds
Application time: 0.0160076 seconds
2025-04-10T12:06:58.742-0500: 6785.427: [GC 6785.427: [DefNew
Desired survivor size 2654208 bytes, new threshold 15 (max 15)
- age   1:       8936 bytes,       8936 total
- age   2:       8936 bytes,      17872 total
- age   4:       2304 bytes,      20176 total
- age   7:       3728 bytes,      23904 total
- age   8:        944 bytes,      24848 total
- age   9:        280 bytes,      25128 total
- age  10:       1792 bytes,      26920 total
- age  11:        272 bytes,      27192 total
- age  12:        112 bytes,      27304 total
- age  14:        456 bytes,      27760 total
: 41563K->27K(46720K), 0.0020378 secs] 136081K->94545K(149984K), 0.0020970 secs] [Times: user=0.00 sys=0.00, real=0.00 secs] 
Total time for which application threads were stopped: 0.0022460 seconds
Application time: 0.0186079 seconds
2025-04-10T12:06:58.772-0500: 6785.456: [GC 6785.456: [DefNew
Desired survivor size 2654208 bytes, new threshold 15 (max 15)
- age   1:       7560 bytes,       7560 total
- age   5:       2304 bytes,       9864 total
- age   8:        480 bytes,      10344 total
- age   9:        912 bytes,      11256 total
- age  10:        256 bytes,      11512 total
- age  11:        360 bytes,      11872 total
- age  12:        128 bytes,      12000 total
- age  13:        112 bytes,      12112 total
- age  15:        424 bytes,      12536 total
: 41563K->12K(46720K), 0.0023089 secs] 136081K->94530K(149984K), 0.0023988 secs] [Times: user=0.00 sys=0.00, real=0.00 secs] 
Total time for which application threads were stopped: 0.0108022 seconds
Application time: 0.0698383 seconds
2025-04-10T12:06:58.857-0500: 6785.540: [GC 6785.540: [DefNew
Desired survivor size 2654208 bytes, new threshold 15 (max 15)
- age   1:       6720 bytes,       6720 total
- age   2:       1112 bytes,       7832 total
- age   6:         32 bytes,       7864 total
- age   9:        416 bytes,       8280 total
- age  10:        880 bytes,       9160 total
- age  11:         64 bytes,       9224 total
- age  12:        360 bytes,       9584 total
- age  13:         64 bytes,       9648 total
- age  14:        112 bytes,       9760 total
: 41548K->9K(46720K), 0.0023698 secs] 136066K->94527K(149984K), 0.0024218 secs] [Times: user=0.00 sys=0.00, real=0.00 secs] 
Total time for which application threads were stopped: 0.0140346 seconds
Application time: 0.0215599 seconds
2025-04-10T12:06:58.883-0500: 6785.564: [GC 6785.564: [DefNew
Desired survivor size 2654208 bytes, new threshold 15 (max 15)
- age   1:       8936 bytes,       8936 total
- age   2:       5840 bytes,      14776 total
- age   3:        960 bytes,      15736 total
- age   7:         32 bytes,      15768 total
- age  10:        416 bytes,      16184 total
- age  11:        880 bytes,      17064 total
- age  12:         64 bytes,      17128 total
- age  13:        360 bytes,      17488 total
- age  14:         64 bytes,      17552 total
- age  15:        112 bytes,      17664 total
: 41545K->17K(46720K), 0.0023709 secs] 136063K->94535K(149984K), 0.0024236 secs] [Times: user=0.00 sys=0.00, real=0.00 secs] 
Total time for which application threads were stopped: 0.0028069 seconds
Application time: 0.0194852 seconds
2025-04-10T12:06:58.906-0500: 6785.587: [GC 6785.587: [DefNew
Desired survivor size 2654208 bytes, new threshold 15 (max 15)
- age   1:      25432 bytes,      25432 total
- age   3:       5744 bytes,      31176 total
- age   4:        960 bytes,      32136 total
- age   8:         32 bytes,      32168 total
- age  11:        416 bytes,      32584 total
- age  12:        880 bytes,      33464 total
- age  13:         64 bytes,      33528 total
- age  14:        360 bytes,      33888 total
- age  15:         64 bytes,      33952 total
: 41553K->33K(46720K), 0.0028267 secs] 136071K->94551K(149984K), 0.0028752 secs] [Times: user=0.00 sys=0.00, real=0.00 secs] 
Total time for which application threads were stopped: 0.0038283 seconds
Application time: 0.0661519 seconds
2025-04-10T12:06:58.980-0500: 6785.660: [GC 6785.660: [DefNew
Desired survivor size 2654208 bytes, new threshold 15 (max 15)
- age   1:      12112 bytes,      12112 total
- age   2:      25336 bytes,      37448 total
- age   4:       5744 bytes,      43192 total
- age   5:        920 bytes,      44112 total
- age   9:         32 bytes,      44144 total
- age  12:        160 bytes,      44304 total
- age  13:        880 bytes,      45184 total
- age  14:         32 bytes,      45216 total
- age  15:        360 bytes,      45576 total
: 41569K->44K(46720K), 0.0025570 secs] 136087K->94563K(149984K), 0.0026593 secs] [Times: user=0.00 sys=0.00, real=0.00 secs] 
Total time for which application threads were stopped: 0.0062675 seconds
Application time: 0.0171841 seconds
2025-04-10T12:06:59.001-0500: 6785.680: [GC 6785.680: [DefNew
Desired survivor size 2654208 bytes, new threshold 15 (max 15)
- age   1:       8936 bytes,       8936 total
- age   2:       3176 bytes,      12112 total
- age   3:      25336 bytes,      37448 total
- age   5:       5744 bytes,      43192 total
- age   6:        920 bytes,      44112 total
- age  10:         32 bytes,      44144 total
- age  13:        160 bytes,      44304 total
- age  14:        880 bytes,      45184 total
- age  15:         32 bytes,      45216 total
: 41580K->44K(46720K), 0.0021649 secs] 136099K->94563K(149984K), 0.0022148 secs] [Times: user=0.00 sys=0.00, real=0.00 secs] 
Total time for which application threads were stopped: 0.0023666 seconds
Application time: 0.0214484 seconds
2025-04-10T12:06:59.028-0500: 6785.707: [GC 6785.707: [DefNew
Desired survivor size 2654208 bytes, new threshold 15 (max 15)
- age   1:      26384 bytes,      26384 total
- age   3:       3032 bytes,      29416 total
- age   4:      25336 bytes,      54752 total
- age   6:       3256 bytes,      58008 total
- age   7:        920 bytes,      58928 total
- age  11:         32 bytes,      58960 total
- age  14:        160 bytes,      59120 total
- age  15:        880 bytes,      60000 total
: 41580K->58K(46720K), 0.0024937 secs] 136099K->94577K(149984K), 0.0025422 secs] [Times: user=0.00 sys=0.00, real=0.00 secs] 
Total time for which application threads were stopped: 0.0059649 seconds
Application time: 0.0659788 seconds
2025-04-10T12:06:59.103-0500: 6785.779: [GC 6785.779: [DefNew
Desired survivor size 2654208 bytes, new threshold 15 (max 15)
- age   1:       4736 bytes,       4736 total
- age   2:      25528 bytes,      30264 total
- age   4:       2392 bytes,      32656 total
- age   7:       1864 bytes,      34520 total
- age   8:        888 bytes,      35408 total
- age  12:         32 bytes,      35440 total
- age  15:        160 bytes,      35600 total
: 41594K->34K(46720K), 0.0025889 secs] 136113K->94554K(149984K), 0.0026508 secs] [Times: user=0.00 sys=0.00, real=0.00 secs] 
Total time for which application threads were stopped: 0.0064657 seconds
Application time: 0.0161290 seconds
2025-04-10T12:06:59.123-0500: 6785.798: [GC 6785.798: [DefNew
Desired survivor size 2654208 bytes, new threshold 15 (max 15)
- age   1:       1056 bytes,       1056 total
- age   2:       3856 bytes,       4912 total
- age   3:      25528 bytes,      30440 total
- age   5:       2392 bytes,      32832 total
- age   8:       1864 bytes,      34696 total
- age   9:        888 bytes,      35584 total
- age  13:         32 bytes,      35616 total
: 41570K->34K(46720K), 0.0021447 secs] 136090K->94554K(149984K), 0.0021936 secs] [Times: user=0.00 sys=0.00, real=0.00 secs] 
Total time for which application threads were stopped: 0.0023440 seconds
Application time: 0.0247310 seconds
2025-04-10T12:06:59.153-0500: 6785.827: [GC 6785.827: [DefNew
Desired survivor size 2654208 bytes, new threshold 15 (max 15)
- age   1:      10024 bytes,      10024 total
- age   2:        328 bytes,      10352 total
- age   3:       2880 bytes,      13232 total
- age   4:      25528 bytes,      38760 total
- age   6:         88 bytes,      38848 total
- age   9:       1400 bytes,      40248 total
- age  10:        856 bytes,      41104 total
- age  14:         32 bytes,      41136 total
: 41570K->40K(46720K), 0.0026384 secs] 136090K->94560K(149984K), 0.0027046 secs] [Times: user=0.00 sys=0.00, real=0.00 secs] 
Total time for which application threads were stopped: 0.0046165 seconds
Application time: 0.0636508 seconds
2025-04-10T12:06:59.221-0500: 6785.894: [GC 6785.894: [DefNew
Desired survivor size 2654208 bytes, new threshold 15 (max 15)
- age   1:      12736 bytes,      12736 total
- age   2:       9936 bytes,      22672 total
- age   3:        328 bytes,      23000 total
- age   4:       1320 bytes,      24320 total
- age   5:        160 bytes,      24480 total
- age   7:         88 bytes,      24568 total
- age  10:       1336 bytes,      25904 total
- age  11:        856 bytes,      26760 total
- age  15:         32 bytes,      26792 total
: 41576K->26K(46720K), 0.0021030 secs] 136096K->94546K(149984K), 0.0021493 secs] [Times: user=0.00 sys=0.00, real=0.00 secs] 
Total time for which application threads were stopped: 0.0030186 seconds
Application time: 0.0254246 seconds
2025-04-10T12:06:59.250-0500: 6785.922: [GC 6785.922: [DefNew
Desired survivor size 2654208 bytes, new threshold 15 (max 15)
- age   1:        728 bytes,        728 total
- age   2:       3344 bytes,       4072 total
- age   3:       9936 bytes,      14008 total
- age   4:        328 bytes,      14336 total
- age   5:       1320 bytes,      15656 total
- age   6:        160 bytes,      15816 total
- age   8:         88 bytes,      15904 total
- age  11:       1336 bytes,      17240 total
- age  12:        856 bytes,      18096 total
: 41562K->17K(46720K), 0.0024123 secs] 136082K->94537K(149984K), 0.0024633 secs] [Times: user=0.00 sys=0.00, real=0.00 secs] 
Total time for which application threads were stopped: 0.0026480 seconds
Application time: 0.0326226 seconds
2025-04-10T12:06:59.288-0500: 6785.959: [GC 6785.959: [DefNew
Desired survivor size 2654208 bytes, new threshold 15 (max 15)
- age   1:      11480 bytes,      11480 total
- age   3:       3344 bytes,      14824 total
- age   4:       9936 bytes,      24760 total
- age   5:        328 bytes,      25088 total
- age   6:       1288 bytes,      26376 total
- age   7:        160 bytes,      26536 total
- age   9:         64 bytes,      26600 total
- age  12:       1288 bytes,      27888 total
- age  13:        824 bytes,      28712 total
: 41553K->28K(46720K), 0.0026027 secs] 136073K->94547K(149984K), 0.0026544 secs] [Times: user=0.00 sys=0.00, real=0.00 secs] 
Total time for which application threads were stopped: 0.0047368 seconds
Application time: 0.0639601 seconds
2025-04-10T12:06:59.362-0500: 6786.031: [GC 6786.031: [DefNew
Desired survivor size 2654208 bytes, new threshold 15 (max 15)
- age   1:      12408 bytes,      12408 total
- age   2:      11232 bytes,      23640 total
- age   4:         64 bytes,      23704 total
- age   5:        680 bytes,      24384 total
- age   6:        328 bytes,      24712 total
- age   7:         64 bytes,      24776 total
- age   8:        160 bytes,      24936 total
- age  10:         64 bytes,      25000 total
- age  13:       1256 bytes,      26256 total
- age  14:        824 bytes,      27080 total
: 41564K->26K(46720K), 0.0024714 secs] 136083K->94546K(149984K), 0.0026763 secs] [Times: user=0.00 sys=0.00, real=0.00 secs] 
Total time for which application threads were stopped: 0.0078959 seconds
Application time: 0.0176215 seconds
2025-04-10T12:06:59.383-0500: 6786.051: [GC 6786.051: [DefNew
Desired survivor size 2654208 bytes, new threshold 15 (max 15)
- age   1:        728 bytes,        728 total
- age   2:       3320 bytes,       4048 total
- age   3:      11232 bytes,      15280 total
- age   5:         64 bytes,      15344 total
- age   6:        680 bytes,      16024 total
- age   7:        328 bytes,      16352 total
- age   8:         64 bytes,      16416 total
- age   9:        160 bytes,      16576 total
- age  11:         64 bytes,      16640 total
- age  14:       1256 bytes,      17896 total
- age  15:        824 bytes,      18720 total
: 41562K->18K(46720K), 0.0022796 secs] 136082K->94538K(149984K), 0.0023369 secs] [Times: user=0.00 sys=0.00, real=0.00 secs] 
Total time for which application threads were stopped: 0.0024898 seconds
Application time: 0.0321328 seconds
2025-04-10T12:06:59.424-0500: 6786.091: [GC 6786.091: [DefNew
Desired survivor size 2654208 bytes, new threshold 15 (max 15)
- age   1:       9128 bytes,       9128 total
- age   3:       3168 bytes,      12296 total
- age   4:      11232 bytes,      23528 total
- age   6:         64 bytes,      23592 total
- age   7:        680 bytes,      24272 total
- age   8:        328 bytes,      24600 total
- age   9:         64 bytes,      24664 total
- age  10:        160 bytes,      24824 total
- age  12:         64 bytes,      24888 total
- age  15:       1256 bytes,      26144 total
: 41554K->25K(46720K), 0.0024321 secs] 136074K->94546K(149984K), 0.0026328 secs] [Times: user=0.00 sys=0.00, real=0.00 secs] 
Total time for which application threads were stopped: 0.0077331 seconds
Application time: 0.0545615 seconds
2025-04-10T12:06:59.485-0500: 6786.151: [GC 6786.151: [DefNew
Desired survivor size 2654208 bytes, new threshold 15 (max 15)
- age   1:      14600 bytes,      14600 total
- age   2:       8968 bytes,      23568 total
- age   4:       1160 bytes,      24728 total
- age   5:       2264 bytes,      26992 total
- age   7:         32 bytes,      27024 total
- age   8:        584 bytes,      27608 total
- age   9:        328 bytes,      27936 total
- age  10:         64 bytes,      28000 total
- age  11:        160 bytes,      28160 total
- age  13:         64 bytes,      28224 total
: 41561K->27K(46720K), 0.0028037 secs] 136082K->94549K(149984K), 0.0028536 secs] [Times: user=0.01 sys=0.00, real=0.00 secs] 
Total time for which application threads were stopped: 0.0055338 seconds
Application time: 0.0162561 seconds
2025-04-10T12:06:59.505-0500: 6786.170: [GC 6786.170: [DefNew
Desired survivor size 2654208 bytes, new threshold 15 (max 15)
- age   1:      10400 bytes,      10400 total
- age   2:       4952 bytes,      15352 total
- age   3:       8968 bytes,      24320 total
- age   5:       1160 bytes,      25480 total
- age   6:       2264 bytes,      27744 total
- age   8:         32 bytes,      27776 total
- age   9:        584 bytes,      28360 total
- age  10:        328 bytes,      28688 total
- age  11:         64 bytes,      28752 total
- age  12:        160 bytes,      28912 total
- age  14:         64 bytes,      28976 total
: 41563K->28K(46720K), 0.0021546 secs] 136085K->94550K(149984K), 0.0022053 secs] [Times: user=0.00 sys=0.00, real=0.00 secs] 
Total time for which application threads were stopped: 0.0023518 seconds
Application time: 0.0350880 seconds
2025-04-10T12:06:59.547-0500: 6786.211: [GC 6786.211: [DefNew
Desired survivor size 2654208 bytes, new threshold 15 (max 15)
- age   1:      25744 bytes,      25744 total
- age   2:       1464 bytes,      27208 total
- age   3:       4848 bytes,      32056 total
- age   4:       8968 bytes,      41024 total
- age   6:       1160 bytes,      42184 total
- age   7:         96 bytes,      42280 total
- age   9:         32 bytes,      42312 total
- age  10:        584 bytes,      42896 total
- age  11:        328 bytes,      43224 total
- age  12:         64 bytes,      43288 total
- age  13:         16 bytes,      43304 total
- age  15:         32 bytes,      43336 total
: 41564K->42K(46720K), 0.0024456 secs] 136086K->94564K(149984K), 0.0024930 secs] [Times: user=0.00 sys=0.00, real=0.00 secs] 
Total time for which application threads were stopped: 0.0059752 seconds
Application time: 0.0498618 seconds
2025-04-10T12:06:59.607-0500: 6786.270: [GC 6786.270: [DefNew
Desired survivor size 2654208 bytes, new threshold 15 (max 15)
- age   1:      10184 bytes,      10184 total
- age   2:      25552 bytes,      35736 total
- age   3:       1160 bytes,      36896 total
- age   4:       4064 bytes,      40960 total
- age   5:         32 bytes,      40992 total
- age   7:         32 bytes,      41024 total
- age   8:         96 bytes,      41120 total
- age  10:         32 bytes,      41152 total
- age  11:        584 bytes,      41736 total
- age  12:        328 bytes,      42064 total
- age  13:         64 bytes,      42128 total
- age  14:         16 bytes,      42144 total
: 41578K->41K(46720K), 0.0026576 secs] 136100K->94563K(149984K), 0.0027117 secs] [Times: user=0.00 sys=0.00, real=0.00 secs] 
Total time for which application threads were stopped: 0.0098714 seconds
Application time: 0.0259201 seconds
2025-04-10T12:06:59.645-0500: 6786.307: [GC 6786.307: [DefNew
Desired survivor size 2654208 bytes, new threshold 15 (max 15)
- age   1:      34272 bytes,      34272 total
- age   2:       1248 bytes,      35520 total
- age   3:        216 bytes,      35736 total
- age   4:       1160 bytes,      36896 total
- age   5:       4064 bytes,      40960 total
- age   6:         32 bytes,      40992 total
- age   8:         32 bytes,      41024 total
- age   9:         96 bytes,      41120 total
- age  11:         32 bytes,      41152 total
- age  12:        584 bytes,      41736 total
- age  13:        328 bytes,      42064 total
- age  14:         64 bytes,      42128 total
- age  15:         16 bytes,      42144 total
: 41569K->41K(46720K), 0.0023836 secs] 136091K->94563K(149984K), 0.0024456 secs] [Times: user=0.02 sys=0.00, real=0.00 secs] 
Total time for which application threads were stopped: 0.0103358 seconds
Application time: 0.0222787 seconds
2025-04-10T12:06:59.671-0500: 6786.332: [GC 6786.332: [DefNew
Desired survivor size 2654208 bytes, new threshold 15 (max 15)
- age   1:       8936 bytes,       8936 total
- age   2:      25336 bytes,      34272 total
- age   3:       1248 bytes,      35520 total
- age   4:        216 bytes,      35736 total
- age   5:       1160 bytes,      36896 total
- age   6:       4064 bytes,      40960 total
- age   7:         32 bytes,      40992 total
- age   9:         32 bytes,      41024 total
- age  10:         96 bytes,      41120 total
- age  12:         32 bytes,      41152 total
- age  13:        584 bytes,      41736 total
- age  14:        328 bytes,      42064 total
- age  15:         64 bytes,      42128 total
: 41577K->41K(46720K), 0.0023270 secs] 136099K->94563K(149984K), 0.0023826 secs] [Times: user=0.00 sys=0.00, real=0.00 secs] 
Total time for which application threads were stopped: 0.0025602 seconds
Application time: 0.0179043 seconds
2025-04-10T12:06:59.695-0500: 6786.355: [GC 6786.355: [DefNew
Desired survivor size 2654208 bytes, new threshold 15 (max 15)
- age   1:      40208 bytes,      40208 total
- age   4:       1248 bytes,      41456 total
- age   5:        192 bytes,      41648 total
- age   6:       1112 bytes,      42760 total
- age   7:       4000 bytes,      46760 total
- age   8:         32 bytes,      46792 total
- age  11:         64 bytes,      46856 total
- age  13:         32 bytes,      46888 total
- age  14:        520 bytes,      47408 total
- age  15:        328 bytes,      47736 total
: 41577K->46K(46720K), 0.0024948 secs] 136099K->94568K(149984K), 0.0025443 secs] [Times: user=0.00 sys=0.00, real=0.00 secs] 
Total time for which application threads were stopped: 0.0052135 seconds
Application time: 0.0237205 seconds
2025-04-10T12:06:59.721-0500: 6786.381: [GC 6786.381: [DefNew
Desired survivor size 2654208 bytes, new threshold 15 (max 15)
- age   1:        728 bytes,        728 total
- age   2:      30664 bytes,      31392 total
- age   5:       1248 bytes,      32640 total
- age   6:        192 bytes,      32832 total
- age   7:       1112 bytes,      33944 total
- age   8:       4000 bytes,      37944 total
- age   9:         32 bytes,      37976 total
- age  12:         64 bytes,      38040 total
- age  14:         32 bytes,      38072 total
- age  15:        520 bytes,      38592 total
: 41582K->37K(46720K), 0.0021373 secs] 136104K->94560K(149984K), 0.0021876 secs] [Times: user=0.00 sys=0.00, real=0.00 secs] 
Total time for which application threads were stopped: 0.0024902 seconds
Application time: 0.0264216 seconds
2025-04-10T12:06:59.756-0500: 6786.415: [GC 6786.415: [DefNew
Desired survivor size 2654208 bytes, new threshold 15 (max 15)
- age   1:        592 bytes,        592 total
- age   3:      30664 bytes,      31256 total
- age   6:       1160 bytes,      32416 total
- age   7:        192 bytes,      32608 total
- age   8:       1112 bytes,      33720 total
- age   9:       3936 bytes,      37656 total
- age  10:         32 bytes,      37688 total
- age  13:         64 bytes,      37752 total
- age  15:         32 bytes,      37784 total
: 41573K->36K(46720K), 0.0024286 secs] 136096K->94559K(149984K), 0.0024806 secs] [Times: user=0.00 sys=0.00, real=0.00 secs] 
Total time for which application threads were stopped: 0.0072974 seconds
Application time: 0.0571058 seconds
2025-04-10T12:06:59.818-0500: 6786.475: [GC 6786.475: [DefNew
Desired survivor size 2654208 bytes, new threshold 15 (max 15)
- age   1:       1936 bytes,       1936 total
- age   2:        344 bytes,       2280 total
- age   4:      30512 bytes,      32792 total
- age   7:         32 bytes,      32824 total
- age   8:        192 bytes,      33016 total
- age   9:         32 bytes,      33048 total
- age  10:       1312 bytes,      34360 total
- age  11:         32 bytes,      34392 total
- age  14:         64 bytes,      34456 total
: 41572K->33K(46720K), 0.0026568 secs] 136095K->94556K(149984K), 0.0027213 secs] [Times: user=0.00 sys=0.00, real=0.00 secs] 
Total time for which application threads were stopped: 0.0035643 seconds
Application time: 0.0159287 seconds
2025-04-10T12:06:59.837-0500: 6786.494: [GC 6786.494: [DefNew
Desired survivor size 2654208 bytes, new threshold 15 (max 15)
- age   1:        912 bytes,        912 total
- age   2:       1056 bytes,       1968 total
- age   3:        312 bytes,       2280 total
- age   5:      30512 bytes,      32792 total
- age   8:         32 bytes,      32824 total
- age   9:        192 bytes,      33016 total
- age  10:         32 bytes,      33048 total
- age  11:       1312 bytes,      34360 total
- age  12:         32 bytes,      34392 total
- age  15:         64 bytes,      34456 total
: 41569K->33K(46720K), 0.0021603 secs] 136092K->94556K(149984K), 0.0022102 secs] [Times: user=0.02 sys=0.00, real=0.00 secs] 
Total time for which application threads were stopped: 0.0023599 seconds
Application time: 0.0177609 seconds
2025-04-10T12:06:59.867-0500: 6786.523: [GC 6786.523: [DefNew
Desired survivor size 2654208 bytes, new threshold 15 (max 15)
- age   1:        224 bytes,        224 total
- age   2:         32 bytes,        256 total
- age   3:       1056 bytes,       1312 total
- age   4:        128 bytes,       1440 total
- age   6:       5120 bytes,       6560 total
- age   9:         32 bytes,       6592 total
- age  10:        160 bytes,       6752 total
- age  11:         32 bytes,       6784 total
- age  12:       1280 bytes,       8064 total
- age  13:         32 bytes,       8096 total
: 41569K->7K(46720K), 0.0024194 secs] 136092K->94530K(149984K), 0.0038885 secs] [Times: user=0.02 sys=0.00, real=0.00 secs] 
Total time for which application threads were stopped: 0.0128334 seconds
Application time: 0.0241835 seconds
2025-04-10T12:06:59.896-0500: 6786.551: [GC 6786.551: [DefNew
Desired survivor size 2654208 bytes, new threshold 15 (max 15)
- age   1:       8936 bytes,       8936 total
- age   2:        208 bytes,       9144 total
- age   3:         32 bytes,       9176 total
- age   4:       1056 bytes,      10232 total
- age   5:        128 bytes,      10360 total
- age   7:       5120 bytes,      15480 total
- age  10:         32 bytes,      15512 total
- age  11:        160 bytes,      15672 total
- age  12:         32 bytes,      15704 total
- age  13:       1280 bytes,      16984 total
- age  14:         32 bytes,      17016 total
: 41543K->16K(46720K), 0.0023535 secs] 136066K->94539K(149984K), 0.0024034 secs] [Times: user=0.00 sys=0.00, real=0.00 secs] 
Total time for which application threads were stopped: 0.0025893 seconds
Application time: 0.0174346 seconds
2025-04-10T12:06:59.916-0500: 6786.572: [GC 6786.572: [DefNew
Desired survivor size 2654208 bytes, new threshold 15 (max 15)
- age   1:      31152 bytes,      31152 total
- age   3:        120 bytes,      31272 total
- age   4:         32 bytes,      31304 total
- age   5:       1024 bytes,      32328 total
- age   6:        128 bytes,      32456 total
- age   8:       1416 bytes,      33872 total
- age  12:         16 bytes,      33888 total
- age  14:       1280 bytes,      35168 total
- age  15:         32 bytes,      35200 total
: 41552K->34K(46720K), 0.0023946 secs] 136075K->94557K(149984K), 0.0024505 secs] [Times: user=0.01 sys=0.00, real=0.00 secs] 
Total time for which application threads were stopped: 0.0030985 seconds
Application time: 0.0161765 seconds
2025-04-10T12:06:59.936-0500: 6786.591: [GC 6786.591: [DefNew
Desired survivor size 2654208 bytes, new threshold 15 (max 15)
- age   1:        944 bytes,        944 total
- age   2:      30240 bytes,      31184 total
- age   4:        120 bytes,      31304 total
- age   6:       1024 bytes,      32328 total
- age   7:        128 bytes,      32456 total
- age   9:       1416 bytes,      33872 total
- age  13:         16 bytes,      33888 total
- age  15:       1280 bytes,      35168 total
: 41570K->34K(46720K), 0.0021352 secs] 136093K->94557K(149984K), 0.0021847 secs] [Times: user=0.00 sys=0.00, real=0.00 secs] 
Total time for which application threads were stopped: 0.0025135 seconds
Application time: 0.0312048 seconds
2025-04-10T12:06:59.971-0500: 6786.624: [GC 6786.624: [DefNew
Desired survivor size 2654208 bytes, new threshold 15 (max 15)
- age   1:        280 bytes,        280 total
- age   2:         64 bytes,        344 total
- age   3:      30240 bytes,      30584 total
- age   5:        120 bytes,      30704 total
- age   7:        856 bytes,      31560 total
- age   8:        128 bytes,      31688 total
- age  10:       1416 bytes,      33104 total
- age  14:         16 bytes,      33120 total
: 41570K->32K(46720K), 0.0024498 secs] 136093K->94556K(149984K), 0.0025018 secs] [Times: user=0.00 sys=0.00, real=0.00 secs] 
Total time for which application threads were stopped: 0.0026508 seconds
Application time: 0.0523198 seconds
2025-04-10T12:07:00.027-0500: 6786.680: [GC 6786.680: [DefNew
Desired survivor size 2654208 bytes, new threshold 15 (max 15)
- age   1:      12864 bytes,      12864 total
- age   2:         16 bytes,      12880 total
- age   4:       4840 bytes,      17720 total
- age   6:        120 bytes,      17840 total
- age   8:        856 bytes,      18696 total
- age   9:        128 bytes,      18824 total
- age  11:       1416 bytes,      20240 total
- age  15:         16 bytes,      20256 total
: 41568K->19K(46720K), 0.0025985 secs] 136092K->94543K(149984K), 0.0026522 secs] [Times: user=0.00 sys=0.00, real=0.00 secs] 
Total time for which application threads were stopped: 0.0033151 seconds
Application time: 0.0164936 seconds
2025-04-10T12:07:00.048-0500: 6786.699: [GC 6786.699: [DefNew
Desired survivor size 2654208 bytes, new threshold 15 (max 15)
- age   1:        792 bytes,        792 total
- age   2:       3544 bytes,       4336 total
- age   3:         16 bytes,       4352 total
- age   5:       4840 bytes,       9192 total
- age   7:        120 bytes,       9312 total
- age   9:        856 bytes,      10168 total
- age  10:        128 bytes,      10296 total
- age  12:       1416 bytes,      11712 total
: 41555K->11K(46720K), 0.0020623 secs] 136079K->94535K(149984K), 0.0021104 secs] [Times: user=0.00 sys=0.00, real=0.00 secs] 
Total time for which application threads were stopped: 0.0022619 seconds
Application time: 0.0344159 seconds
2025-04-10T12:07:00.089-0500: 6786.740: [GC 6786.740: [DefNew
Desired survivor size 2654208 bytes, new threshold 15 (max 15)
- age   1:      29904 bytes,      29904 total
- age   2:         32 bytes,      29936 total
- age   3:       1552 bytes,      31488 total
- age   4:         16 bytes,      31504 total
- age   6:        192 bytes,      31696 total
- age   8:         96 bytes,      31792 total
- age  10:        504 bytes,      32296 total
- age  11:        128 bytes,      32424 total
- age  13:        160 bytes,      32584 total
: 41547K->31K(46720K), 0.0023136 secs] 136071K->94556K(149984K), 0.0023702 secs] [Times: user=0.00 sys=0.00, real=0.00 secs] 
Total time for which application threads were stopped: 0.0065114 seconds
Application time: 0.0507105 seconds
2025-04-10T12:07:00.150-0500: 6786.799: [GC 6786.799: [DefNew
Desired survivor size 2654208 bytes, new threshold 15 (max 15)
- age   1:      11648 bytes,      11648 total
- age   2:      29752 bytes,      41400 total
- age   3:         32 bytes,      41432 total
- age   4:       1552 bytes,      42984 total
- age   7:        192 bytes,      43176 total
- age   9:         96 bytes,      43272 total
- age  11:        504 bytes,      43776 total
- age  12:        128 bytes,      43904 total
- age  14:        160 bytes,      44064 total
: 41567K->43K(46720K), 0.0025004 secs] 136092K->94567K(149984K), 0.0025507 secs] [Times: user=0.00 sys=0.00, real=0.00 secs] 
Total time for which application threads were stopped: 0.0090581 seconds
Application time: 0.0160370 seconds
2025-04-10T12:07:00.170-0500: 6786.818: [GC 6786.818: [DefNew
Desired survivor size 2654208 bytes, new threshold 15 (max 15)
- age   1:       8968 bytes,       8968 total
- age   2:       2680 bytes,      11648 total
- age   3:      29752 bytes,      41400 total
- age   4:         32 bytes,      41432 total
- age   5:       1552 bytes,      42984 total
- age   8:        192 bytes,      43176 total
- age  10:         96 bytes,      43272 total
- age  12:        504 bytes,      43776 total
- age  13:        128 bytes,      43904 total
- age  15:        160 bytes,      44064 total
: 41579K->43K(46720K), 0.0020559 secs] 136103K->94567K(149984K), 0.0021058 secs] [Times: user=0.00 sys=0.00, real=0.00 secs] 
Total time for which application threads were stopped: 0.0022537 seconds
Application time: 0.0698822 seconds
2025-04-10T12:07:00.247-0500: 6786.893: [GC 6786.893: [DefNew
Desired survivor size 2654208 bytes, new threshold 15 (max 15)
- age   1:      29560 bytes,      29560 total
- age   3:       2504 bytes,      32064 total
- age   4:       4392 bytes,      36456 total
- age   5:         32 bytes,      36488 total
- age   6:       1552 bytes,      38040 total
- age   9:        192 bytes,      38232 total
- age  11:         32 bytes,      38264 total
- age  13:        472 bytes,      38736 total
- age  14:        128 bytes,      38864 total
: 41579K->37K(46720K), 0.0023114 secs] 136103K->94562K(149984K), 0.0023631 secs] [Times: user=0.00 sys=0.00, real=0.00 secs] 
Total time for which application threads were stopped: 0.0056782 seconds
Application time: 0.0259998 seconds
2025-04-10T12:07:00.276-0500: 6786.922: [GC 6786.922: [DefNew
Desired survivor size 2654208 bytes, new threshold 15 (max 15)
- age   1:       8968 bytes,       8968 total
- age   2:      28800 bytes,      37768 total
- age   4:       2504 bytes,      40272 total
- age   5:       4392 bytes,      44664 total
- age   6:         32 bytes,      44696 total
- age   7:       1552 bytes,      46248 total
- age  10:        192 bytes,      46440 total
- age  12:         32 bytes,      46472 total
- age  14:        472 bytes,      46944 total
- age  15:        128 bytes,      47072 total
: 41573K->45K(46720K), 0.0022332 secs] 136098K->94570K(149984K), 0.0022828 secs] [Times: user=0.00 sys=0.00, real=0.00 secs] 
Total time for which application threads were stopped: 0.0024318 seconds
Application time: 0.0172297 seconds
2025-04-10T12:07:00.298-0500: 6786.943: [GC 6786.943: [DefNew
Desired survivor size 2654208 bytes, new threshold 15 (max 15)
- age   1:      12944 bytes,      12944 total
- age   2:         32 bytes,      12976 total
- age   3:       2792 bytes,      15768 total
- age   5:       2184 bytes,      17952 total
- age   6:       1784 bytes,      19736 total
- age   7:         32 bytes,      19768 total
- age   8:        424 bytes,      20192 total
- age  11:         16 bytes,      20208 total
- age  13:         32 bytes,      20240 total
- age  15:        472 bytes,      20712 total
: 41581K->20K(46720K), 0.0025029 secs] 136106K->94544K(149984K), 0.0025595 secs] [Times: user=0.00 sys=0.00, real=0.00 secs] 
Total time for which application threads were stopped: 0.0039777 seconds
Application time: 0.0697962 seconds
2025-04-10T12:07:00.373-0500: 6787.016: [GC 6787.016: [DefNew
Desired survivor size 2654208 bytes, new threshold 15 (max 15)
- age   1:       5184 bytes,       5184 total
- age   2:        240 bytes,       5424 total
- age   4:        520 bytes,       5944 total
- age   6:       1104 bytes,       7048 total
- age   7:        176 bytes,       7224 total
- age   9:        424 bytes,       7648 total
- age  14:         32 bytes,       7680 total
: 41556K->7K(46720K), 0.0026841 secs] 136080K->94532K(149984K), 0.0027333 secs] [Times: user=0.00 sys=0.00, real=0.00 secs] 
Total time for which application threads were stopped: 0.0035261 seconds
Application time: 0.0159974 seconds
2025-04-10T12:07:00.392-0500: 6787.035: [GC 6787.035: [DefNew
Desired survivor size 2654208 bytes, new threshold 15 (max 15)
- age   1:       9120 bytes,       9120 total
- age   2:       4304 bytes,      13424 total
- age   3:        208 bytes,      13632 total
- age   5:        520 bytes,      14152 total
- age   7:       1104 bytes,      15256 total
- age   8:        176 bytes,      15432 total
- age  10:        424 bytes,      15856 total
- age  15:         32 bytes,      15888 total
: 41530K->15K(46720K), 0.0021476 secs] 136054K->94540K(149984K), 0.0021985 secs] [Times: user=0.00 sys=0.00, real=0.00 secs] 
Total time for which application threads were stopped: 0.0023497 seconds
Application time: 0.0188821 seconds
2025-04-10T12:07:00.421-0500: 6787.063: [GC 6787.063: [DefNew
Desired survivor size 2654208 bytes, new threshold 15 (max 15)
- age   1:       8952 bytes,       8952 total
- age   2:         32 bytes,       8984 total
- age   3:       4208 bytes,      13192 total
- age   4:        208 bytes,      13400 total
- age   6:        520 bytes,      13920 total
- age   8:       1104 bytes,      15024 total
- age   9:        176 bytes,      15200 total
- age  11:        424 bytes,      15624 total
: 41551K->15K(46720K), 0.0024986 secs] 136076K->94540K(149984K), 0.0025457 secs] [Times: user=0.00 sys=0.00, real=0.00 secs] 
Total time for which application threads were stopped: 0.0096272 seconds
Application time: 0.0651040 seconds
2025-04-10T12:07:00.493-0500: 6787.133: [GC 6787.133: [DefNew
Desired survivor size 2654208 bytes, new threshold 15 (max 15)
- age   1:       1672 bytes,       1672 total
- age   2:       8936 bytes,      10608 total
- age   4:       4176 bytes,      14784 total
- age   5:        192 bytes,      14976 total
- age   7:        488 bytes,      15464 total
- age   9:       1104 bytes,      16568 total
- age  10:        176 bytes,      16744 total
- age  12:        392 bytes,      17136 total
: 41551K->16K(46720K), 0.0024300 secs] 136076K->94541K(149984K), 0.0024771 secs] [Times: user=0.02 sys=0.00, real=0.00 secs] 
Total time for which application threads were stopped: 0.0051272 seconds
Application time: 0.0261208 seconds
2025-04-10T12:07:00.523-0500: 6787.162: [GC 6787.162: [DefNew
Desired survivor size 2654208 bytes, new threshold 15 (max 15)
- age   1:       8936 bytes,       8936 total
- age   2:        640 bytes,       9576 total
- age   3:       8936 bytes,      18512 total
- age   5:       4176 bytes,      22688 total
- age   6:        192 bytes,      22880 total
- age   8:        488 bytes,      23368 total
- age  10:       1104 bytes,      24472 total
- age  11:        176 bytes,      24648 total
- age  13:        392 bytes,      25040 total
: 41552K->24K(46720K), 0.0021670 secs] 136077K->94549K(149984K), 0.0022169 secs] [Times: user=0.00 sys=0.00, real=0.00 secs] 
Total time for which application threads were stopped: 0.0023663 seconds
Application time: 0.0266467 seconds
2025-04-10T12:07:00.558-0500: 6787.196: [GC 6787.196: [DefNew
Desired survivor size 2654208 bytes, new threshold 15 (max 15)
- age   1:      25584 bytes,      25584 total
- age   3:        552 bytes,      26136 total
- age   4:       8936 bytes,      35072 total
- age   6:       2032 bytes,      37104 total
- age   7:         48 bytes,      37152 total
- age   9:        488 bytes,      37640 total
- age  11:       1104 bytes,      38744 total
- age  12:        176 bytes,      38920 total
- age  14:        392 bytes,      39312 total
: 41560K->38K(46720K), 0.0022488 secs] 136085K->94563K(149984K), 0.0023992 secs] [Times: user=0.01 sys=0.00, real=0.00 secs] 
Total time for which application threads were stopped: 0.0074230 seconds
Application time: 0.0565282 seconds
2025-04-10T12:07:00.619-0500: 6787.256: [GC 6787.256: [DefNew
Desired survivor size 2654208 bytes, new threshold 15 (max 15)
- age   1:       9072 bytes,       9072 total
- age   2:      25496 bytes,      34568 total
- age   4:        552 bytes,      35120 total
- age   7:       2032 bytes,      37152 total
- age   8:         48 bytes,      37200 total
- age  10:        488 bytes,      37688 total
- age  12:       1104 bytes,      38792 total
- age  13:        176 bytes,      38968 total
- age  15:        392 bytes,      39360 total
: 41574K->38K(46720K), 0.0027864 secs] 136099K->94563K(149984K), 0.0028391 secs] [Times: user=0.00 sys=0.00, real=0.00 secs] 
Total time for which application threads were stopped: 0.0037873 seconds
Application time: 0.0156537 seconds
2025-04-10T12:07:00.638-0500: 6787.275: [GC 6787.275: [DefNew
Desired survivor size 2654208 bytes, new threshold 15 (max 15)
- age   1:       8936 bytes,       8936 total
- age   2:        136 bytes,       9072 total
- age   3:      25496 bytes,      34568 total
- age   5:        552 bytes,      35120 total
- age   8:       2032 bytes,      37152 total
- age   9:         48 bytes,      37200 total
- age  11:        488 bytes,      37688 total
- age  13:       1104 bytes,      38792 total
- age  14:        176 bytes,      38968 total
: 41574K->38K(46720K), 0.0022658 secs] 136099K->94563K(149984K), 0.0023266 secs] [Times: user=0.02 sys=0.00, real=0.00 secs] 
Total time for which application threads were stopped: 0.0026540 seconds
Application time: 0.0292791 seconds
2025-04-10T12:07:00.680-0500: 6787.315: [GC 6787.315: [DefNew
Desired survivor size 2654208 bytes, new threshold 15 (max 15)
- age   1:      12176 bytes,      12176 total
- age   4:      25496 bytes,      37672 total
- age   6:        552 bytes,      38224 total
- age   9:        736 bytes,      38960 total
- age  10:         16 bytes,      38976 total
- age  12:        456 bytes,      39432 total
- age  14:       1104 bytes,      40536 total
- age  15:        144 bytes,      40680 total
: 41574K->39K(46720K), 0.0025666 secs] 136099K->94565K(149984K), 0.0026183 secs] [Times: user=0.00 sys=0.00, real=0.00 secs] 
Total time for which application threads were stopped: 0.0113961 seconds
Application time: 0.0542653 seconds
2025-04-10T12:07:00.739-0500: 6787.374: [GC 6787.374: [DefNew
Desired survivor size 2654208 bytes, new threshold 15 (max 15)
- age   1:       9608 bytes,       9608 total
- age   2:      12040 bytes,      21648 total
- age   5:        160 bytes,      21808 total
- age   7:        552 bytes,      22360 total
- age  10:        736 bytes,      23096 total
- age  11:         16 bytes,      23112 total
- age  13:        424 bytes,      23536 total
- age  15:       1104 bytes,      24640 total
: 41575K->24K(46720K), 0.0023111 secs] 136101K->94549K(149984K), 0.0023571 secs] [Times: user=0.00 sys=0.00, real=0.00 secs] 
Total time for which application threads were stopped: 0.0040053 seconds
Application time: 0.0261548 seconds
2025-04-10T12:07:00.769-0500: 6787.402: [GC 6787.402: [DefNew
Desired survivor size 2654208 bytes, new threshold 15 (max 15)
- age   1:        752 bytes,        752 total
- age   2:        672 bytes,       1424 total
- age   3:      12040 bytes,      13464 total
- age   6:        160 bytes,      13624 total
- age   8:        552 bytes,      14176 total
- age  11:        736 bytes,      14912 total
- age  12:         16 bytes,      14928 total
- age  14:        424 bytes,      15352 total
: 41560K->14K(46720K), 0.0023850 secs] 136085K->94541K(149984K), 0.0024424 secs] [Times: user=0.00 sys=0.00, real=0.00 secs] 
Total time for which application threads were stopped: 0.0025970 seconds
Application time: 0.0724137 seconds
2025-04-10T12:07:00.852-0500: 6787.483: [GC 6787.483: [DefNew
Desired survivor size 2654208 bytes, new threshold 15 (max 15)
- age   1:       4440 bytes,       4440 total
- age   3:        424 bytes,       4864 total
- age   4:       3104 bytes,       7968 total
- age   9:        456 bytes,       8424 total
- age  12:        704 bytes,       9128 total
- age  15:        360 bytes,       9488 total
: 41550K->9K(46720K), 0.0023259 secs] 136077K->94535K(149984K), 0.0023755 secs] [Times: user=0.00 sys=0.00, real=0.00 secs] 
Total time for which application threads were stopped: 0.0081468 seconds
Application time: 0.0160505 seconds
2025-04-10T12:07:00.871-0500: 6787.502: [GC 6787.502: [DefNew
Desired survivor size 2654208 bytes, new threshold 15 (max 15)
- age   1:       9216 bytes,       9216 total
- age   2:       2800 bytes,      12016 total
- age   4:        424 bytes,      12440 total
- age   5:       3104 bytes,      15544 total
- age  10:        456 bytes,      16000 total
- age  13:        704 bytes,      16704 total
: 41545K->16K(46720K), 0.0020824 secs] 136071K->94543K(149984K), 0.0021334 secs] [Times: user=0.00 sys=0.00, real=0.00 secs] 
Total time for which application threads were stopped: 0.0024155 seconds
Application time: 0.0160979 seconds
2025-04-10T12:07:00.890-0500: 6787.521: [GC 6787.521: [DefNew
Desired survivor size 2654208 bytes, new threshold 15 (max 15)
- age   1:      25336 bytes,      25336 total
- age   2:        280 bytes,      25616 total
- age   3:       2800 bytes,      28416 total
- age   5:        424 bytes,      28840 total
- age   6:       3104 bytes,      31944 total
- age  11:        456 bytes,      32400 total
- age  14:        704 bytes,      33104 total
: 41552K->32K(46720K), 0.0024693 secs] 136079K->94559K(149984K), 0.0025365 secs] [Times: user=0.00 sys=0.00, real=0.00 secs] 
Total time for which application threads were stopped: 0.0030270 seconds
Application time: 0.0191132 seconds
2025-04-10T12:07:00.913-0500: 6787.542: [GC 6787.542: [DefNew
Desired survivor size 2654208 bytes, new threshold 15 (max 15)
- age   1:       5704 bytes,       5704 total
- age   3:        280 bytes,       5984 total
- age   4:       2800 bytes,       8784 total
- age   6:        424 bytes,       9208 total
- age   7:        176 bytes,       9384 total
- age  12:        456 bytes,       9840 total
- age  15:        144 bytes,       9984 total
: 41568K->9K(46720K), 0.0028462 secs] 136095K->94536K(149984K), 0.0028989 secs] [Times: user=0.00 sys=0.00, real=0.00 secs] 
Total time for which application threads were stopped: 0.0030529 seconds
Application time: 0.0158183 seconds
2025-04-10T12:07:00.932-0500: 6787.562: [GC 6787.562: [DefNew
Desired survivor size 2654208 bytes, new threshold 15 (max 15)
- age   1:       8968 bytes,       8968 total
- age   2:       4976 bytes,      13944 total
- age   4:        280 bytes,      14224 total
- age   5:       2800 bytes,      17024 total
- age   7:        424 bytes,      17448 total
- age   8:        144 bytes,      17592 total
- age  13:        456 bytes,      18048 total
: 41545K->17K(46720K), 0.0022229 secs] 136072K->94544K(149984K), 0.0022746 secs] [Times: user=0.00 sys=0.00, real=0.00 secs] 
Total time for which application threads were stopped: 0.0027106 seconds
Application time: 0.0163350 seconds
2025-04-10T12:07:00.952-0500: 6787.580: [GC 6787.580: [DefNew
Desired survivor size 2654208 bytes, new threshold 15 (max 15)
- age   1:        184 bytes,        184 total
- age   2:         32 bytes,        216 total
- age   3:       4944 bytes,       5160 total
- age   5:        280 bytes,       5440 total
- age   6:       2800 bytes,       8240 total
- age   8:        424 bytes,       8664 total
- age   9:        144 bytes,       8808 total
- age  14:        456 bytes,       9264 total
: 41553K->9K(46720K), 0.0021886 secs] 136080K->94536K(149984K), 0.0022527 secs] [Times: user=0.00 sys=0.00, real=0.00 secs] 
Total time for which application threads were stopped: 0.0024431 seconds
Application time: 0.0166065 seconds
2025-04-10T12:07:00.974-0500: 6787.603: [GC 6787.603: [DefNew
Desired survivor size 2654208 bytes, new threshold 15 (max 15)
- age   1:      35736 bytes,      35736 total
- age   2:         32 bytes,      35768 total
- age   4:       4944 bytes,      40712 total
- age   6:        280 bytes,      40992 total
- age   7:       2712 bytes,      43704 total
- age   9:        424 bytes,      44128 total
- age  10:        144 bytes,      44272 total
- age  15:        456 bytes,      44728 total
: 41545K->43K(46720K), 0.0024866 secs] 136072K->94570K(149984K), 0.0025379 secs] [Times: user=0.00 sys=0.02, real=0.00 secs] 
Total time for which application threads were stopped: 0.0063496 seconds
Application time: 0.0255846 seconds
2025-04-10T12:07:01.004-0500: 6787.631: [GC 6787.631: [DefNew
Desired survivor size 2654208 bytes, new threshold 15 (max 15)
- age   1:       8936 bytes,       8936 total
- age   2:      26800 bytes,      35736 total
- age   3:         32 bytes,      35768 total
- age   5:       4944 bytes,      40712 total
- age   7:        280 bytes,      40992 total
- age   8:       2712 bytes,      43704 total
- age  10:        424 bytes,      44128 total
- age  11:        144 bytes,      44272 total
: 41579K->43K(46720K), 0.0021603 secs] 136106K->94570K(149984K), 0.0022102 secs] [Times: user=0.00 sys=0.00, real=0.00 secs] 
Total time for which application threads were stopped: 0.0023627 seconds
Application time: 0.0200278 seconds
2025-04-10T12:07:01.027-0500: 6787.654: [GC 6787.654: [DefNew
Desired survivor size 2654208 bytes, new threshold 15 (max 15)
- age   1:        152 bytes,        152 total
- age   3:      26800 bytes,      26952 total
- age   4:         32 bytes,      26984 total
- age   6:       4944 bytes,      31928 total
- age   8:        280 bytes,      32208 total
- age   9:       2624 bytes,      34832 total
- age  11:        424 bytes,      35256 total
- age  12:        144 bytes,      35400 total
: 41579K->34K(46720K), 0.0021603 secs] 136106K->94562K(149984K), 0.0022130 secs] [Times: user=0.00 sys=0.00, real=0.00 secs] 
Total time for which application threads were stopped: 0.0025075 seconds
Application time: 0.0633259 seconds
2025-04-10T12:07:01.098-0500: 6787.724: [GC 6787.724: [DefNew
Desired survivor size 2654208 bytes, new threshold 15 (max 15)
- age   1:      13288 bytes,      13288 total
- age   2:         16 bytes,      13304 total
- age   4:       1432 bytes,      14736 total
- age   7:       4656 bytes,      19392 total
- age   9:        280 bytes,      19672 total
- age  10:        304 bytes,      19976 total
- age  12:        424 bytes,      20400 total
- age  13:        144 bytes,      20544 total
: 41570K->20K(46720K), 0.0035236 secs] 136098K->94547K(149984K), 0.0035721 secs] [Times: user=0.00 sys=0.00, real=0.00 secs] 
Total time for which application threads were stopped: 0.0078148 seconds
Application time: 0.0164111 seconds
2025-04-10T12:07:01.119-0500: 6787.744: [GC 6787.744: [DefNew
Desired survivor size 2654208 bytes, new threshold 15 (max 15)
- age   1:       2344 bytes,       2344 total
- age   2:       3560 bytes,       5904 total
- age   3:         16 bytes,       5920 total
- age   5:       1432 bytes,       7352 total
- age   8:       4656 bytes,      12008 total
- age  10:        280 bytes,      12288 total
- age  11:        272 bytes,      12560 total
- age  13:        424 bytes,      12984 total
- age  14:        144 bytes,      13128 total
: 41556K->12K(46720K), 0.0021999 secs] 136083K->94540K(149984K), 0.0023058 secs] [Times: user=0.02 sys=0.00, real=0.00 secs] 
Total time for which application threads were stopped: 0.0025800 seconds
Application time: 0.0228874 seconds
2025-04-10T12:07:01.148-0500: 6787.771: [GC 6787.771: [DefNew
Desired survivor size 2654208 bytes, new threshold 15 (max 15)
- age   1:      26856 bytes,      26856 total
- age   2:       1128 bytes,      27984 total
- age   3:        584 bytes,      28568 total
- age   4:         16 bytes,      28584 total
- age   6:         32 bytes,      28616 total
- age   9:       1296 bytes,      29912 total
- age  11:        280 bytes,      30192 total
- age  12:        240 bytes,      30432 total
- age  14:        392 bytes,      30824 total
- age  15:         80 bytes,      30904 total
: 41548K->30K(46720K), 0.0027000 secs] 136076K->94557K(149984K), 0.0027513 secs] [Times: user=0.00 sys=0.00, real=0.00 secs] 
Total time for which application threads were stopped: 0.0049053 seconds
Application time: 0.0619304 seconds
2025-04-10T12:07:01.222-0500: 6787.844: [GC 6787.844: [DefNew
Desired survivor size 2654208 bytes, new threshold 15 (max 15)
- age   1:      12912 bytes,      12912 total
- age   2:      26400 bytes,      39312 total
- age   3:         32 bytes,      39344 total
- age   4:        552 bytes,      39896 total
- age   7:         32 bytes,      39928 total
- age  10:       1232 bytes,      41160 total
- age  12:        280 bytes,      41440 total
- age  13:        240 bytes,      41680 total
- age  15:        392 bytes,      42072 total
: 41566K->41K(46720K), 0.0025662 secs] 136093K->94568K(149984K), 0.0026147 secs] [Times: user=0.00 sys=0.00, real=0.00 secs] 
Total time for which application threads were stopped: 0.0102409 seconds
Application time: 0.0158993 seconds
2025-04-10T12:07:01.241-0500: 6787.862: [GC 6787.862: [DefNew
Desired survivor size 2654208 bytes, new threshold 15 (max 15)
- age   1:       8968 bytes,       8968 total
- age   2:       3640 bytes,      12608 total
- age   3:      26400 bytes,      39008 total
- age   4:         32 bytes,      39040 total
- age   5:        552 bytes,      39592 total
- age   8:         32 bytes,      39624 total
- age  11:       1232 bytes,      40856 total
- age  13:        280 bytes,      41136 total
- age  14:        240 bytes,      41376 total
: 41577K->40K(46720K), 0.0020580 secs] 136104K->94568K(149984K), 0.0021079 secs] [Times: user=0.00 sys=0.00, real=0.00 secs] 
Total time for which application threads were stopped: 0.0022569 seconds
Application time: 0.0239247 seconds
2025-04-10T12:07:01.269-0500: 6787.889: [GC 6787.889: [DefNew
Desired survivor size 2654208 bytes, new threshold 15 (max 15)
- age   1:      29112 bytes,      29112 total
- age   3:       3472 bytes,      32584 total
- age   4:      26400 bytes,      58984 total
- age   5:         32 bytes,      59016 total
- age   6:        552 bytes,      59568 total
- age   9:         32 bytes,      59600 total
- age  12:       1232 bytes,      60832 total
- age  14:        280 bytes,      61112 total
- age  15:        192 bytes,      61304 total
: 41576K->59K(46720K), 0.0022590 secs] 136104K->94587K(149984K), 0.0023118 secs] [Times: user=0.00 sys=0.00, real=0.00 secs] 
Total time for which application threads were stopped: 0.0033279 seconds
Application time: 0.0687327 seconds
2025-04-10T12:07:01.345-0500: 6787.963: [GC 6787.963: [DefNew
Desired survivor size 2654208 bytes, new threshold 15 (max 15)
- age   1:      11112 bytes,      11112 total
- age   2:      28960 bytes,      40072 total
- age   4:       1872 bytes,      41944 total
- age   5:        600 bytes,      42544 total
- age   6:         32 bytes,      42576 total
- age   7:        552 bytes,      43128 total
- age  10:         32 bytes,      43160 total
- age  13:       1200 bytes,      44360 total
- age  15:        280 bytes,      44640 total
: 41595K->43K(46720K), 0.0026784 secs] 136123K->94571K(149984K), 0.0027290 secs] [Times: user=0.00 sys=0.00, real=0.00 secs] 
Total time for which application threads were stopped: 0.0055108 seconds
Application time: 0.0155663 seconds
2025-04-10T12:07:01.363-0500: 6787.982: [GC 6787.982: [DefNew
Desired survivor size 2654208 bytes, new threshold 15 (max 15)
- age   1:        728 bytes,        728 total
- age   2:       2176 bytes,       2904 total
- age   3:      28960 bytes,      31864 total
- age   5:       1872 bytes,      33736 total
- age   6:        600 bytes,      34336 total
- age   7:         32 bytes,      34368 total
- age   8:        552 bytes,      34920 total
- age  11:         32 bytes,      34952 total
- age  14:       1200 bytes,      36152 total
: 41579K->35K(46720K), 0.0022905 secs] 136107K->94563K(149984K), 0.0023404 secs] [Times: user=0.00 sys=0.00, real=0.00 secs] 
Total time for which application threads were stopped: 0.0024919 seconds
Application time: 0.0284347 seconds
2025-04-10T12:07:01.396-0500: 6788.013: [GC 6788.013: [DefNew
Desired survivor size 2654208 bytes, new threshold 15 (max 15)
- age   1:       1952 bytes,       1952 total
- age   3:       1968 bytes,       3920 total
- age   4:      28960 bytes,      32880 total
- age   6:       1872 bytes,      34752 total
- age   7:        568 bytes,      35320 total
- age   8:         32 bytes,      35352 total
- age   9:        552 bytes,      35904 total
- age  12:         32 bytes,      35936 total
- age  15:       1200 bytes,      37136 total
: 41571K->36K(46720K), 0.0021352 secs] 136099K->94564K(149984K), 0.0021815 secs] [Times: user=0.00 sys=0.00, real=0.00 secs] 
Total time for which application threads were stopped: 0.0032259 seconds
Application time: 0.0542440 seconds
2025-04-10T12:07:01.468-0500: 6788.083: [GC 6788.083: [DefNew
Desired survivor size 2654208 bytes, new threshold 15 (max 15)
- age   1:       2432 bytes,       2432 total
- age   2:       1720 bytes,       4152 total
- age   4:       1968 bytes,       6120 total
- age   5:       3576 bytes,       9696 total
- age   7:       1872 bytes,      11568 total
- age   8:        568 bytes,      12136 total
- age   9:         32 bytes,      12168 total
- age  10:        552 bytes,      12720 total
- age  13:         32 bytes,      12752 total
: 41572K->12K(46720K), 0.0023889 secs] 136100K->94542K(149984K), 0.0024374 secs] [Times: user=0.00 sys=0.00, real=0.00 secs] 
Total time for which application threads were stopped: 0.0157118 seconds
Application time: 0.0160915 seconds
2025-04-10T12:07:01.487-0500: 6788.102: [GC 6788.102: [DefNew
Desired survivor size 2654208 bytes, new threshold 15 (max 15)
- age   1:      10368 bytes,      10368 total
- age   2:       1672 bytes,      12040 total
- age   3:       1720 bytes,      13760 total
- age   5:       1968 bytes,      15728 total
- age   6:       3576 bytes,      19304 total
- age   8:       1872 bytes,      21176 total
- age   9:        568 bytes,      21744 total
- age  10:         32 bytes,      21776 total
- age  11:        552 bytes,      22328 total
- age  14:         32 bytes,      22360 total
: 41548K->21K(46720K), 0.0021086 secs] 136078K->94551K(149984K), 0.0021582 secs] [Times: user=0.00 sys=0.00, real=0.00 secs] 
Total time for which application threads were stopped: 0.0023376 seconds
Application time: 0.0311422 seconds
2025-04-10T12:07:01.523-0500: 6788.137: [GC 6788.138: [DefNew
Desired survivor size 2654208 bytes, new threshold 15 (max 15)
- age   1:       3280 bytes,       3280 total
- age   2:       1096 bytes,       4376 total
- age   3:       1080 bytes,       5456 total
- age   4:       1400 bytes,       6856 total
- age   6:       1648 bytes,       8504 total
- age   7:       1112 bytes,       9616 total
- age   9:        568 bytes,      10184 total
- age  10:        568 bytes,      10752 total
- age  12:        408 bytes,      11160 total
- age  15:         32 bytes,      11192 total
: 41557K->10K(46720K), 0.0020966 secs] 136087K->94540K(149984K), 0.0021412 secs] [Times: user=0.00 sys=0.00, real=0.00 secs] 
Total time for which application threads were stopped: 0.0043256 seconds
Application time: 0.0945271 seconds
2025-04-10T12:07:01.628-0500: 6788.239: [GC 6788.239: [DefNew
Desired survivor size 2654208 bytes, new threshold 15 (max 15)
- age   1:      11912 bytes,      11912 total
- age   2:        272 bytes,      12184 total
- age   5:        240 bytes,      12424 total
- age   7:        248 bytes,      12672 total
- age   8:         32 bytes,      12704 total
- age  10:        424 bytes,      13128 total
- age  11:        536 bytes,      13664 total
- age  13:        408 bytes,      14072 total
: 41546K->13K(46720K), 0.0025931 secs] 136076K->94543K(149984K), 0.0026459 secs] [Times: user=0.00 sys=0.00, real=0.00 secs] 
Total time for which application threads were stopped: 0.0078484 seconds
Application time: 0.0168878 seconds
2025-04-10T12:07:01.649-0500: 6788.259: [GC 6788.259: [DefNew
Desired survivor size 2654208 bytes, new threshold 15 (max 15)
- age   1:      10368 bytes,      10368 total
- age   2:       2792 bytes,      13160 total
- age   3:        272 bytes,      13432 total
- age   6:        240 bytes,      13672 total
- age   8:        248 bytes,      13920 total
- age   9:         32 bytes,      13952 total
- age  11:        424 bytes,      14376 total
- age  12:        536 bytes,      14912 total
- age  14:        408 bytes,      15320 total
: 41549K->14K(46720K), 0.0021352 secs] 136079K->94544K(149984K), 0.0021844 secs] [Times: user=0.00 sys=0.00, real=0.00 secs] 
Total time for which application threads were stopped: 0.0023330 seconds
Application time: 0.0691563 seconds
2025-04-10T12:07:01.727-0500: 6788.335: [GC 6788.335: [DefNew
Desired survivor size 2654208 bytes, new threshold 15 (max 15)
- age   1:      38024 bytes,      38024 total
- age   3:        920 bytes,      38944 total
- age   4:        160 bytes,      39104 total
- age   7:         64 bytes,      39168 total
- age   9:        160 bytes,      39328 total
- age  10:         32 bytes,      39360 total
- age  12:        392 bytes,      39752 total
- age  13:        440 bytes,      40192 total
- age  15:        376 bytes,      40568 total
: 41550K->39K(46720K), 0.0022923 secs] 136080K->94569K(149984K), 0.0023426 secs] [Times: user=0.01 sys=0.00, real=0.00 secs] 
Total time for which application threads were stopped: 0.0072500 seconds
Application time: 0.0159439 seconds
2025-04-10T12:07:01.745-0500: 6788.354: [GC 6788.354: [DefNew
Desired survivor size 2654208 bytes, new threshold 15 (max 15)
- age   1:      10368 bytes,      10368 total
- age   2:      29056 bytes,      39424 total
- age   4:        920 bytes,      40344 total
- age   5:        160 bytes,      40504 total
- age   8:         64 bytes,      40568 total
- age  10:        160 bytes,      40728 total
- age  11:         32 bytes,      40760 total
- age  13:        392 bytes,      41152 total
- age  14:        440 bytes,      41592 total
: 41575K->40K(46720K), 0.0021217 secs] 136105K->94570K(149984K), 0.0022329 secs] [Times: user=0.00 sys=0.00, real=0.00 secs] 
Total time for which application threads were stopped: 0.0025071 seconds
Application time: 0.0171147 seconds
2025-04-10T12:07:01.765-0500: 6788.373: [GC 6788.373: [DefNew
Desired survivor size 2654208 bytes, new threshold 15 (max 15)
- age   1:      11656 bytes,      11656 total
- age   2:       1128 bytes,      12784 total
- age   3:       3584 bytes,      16368 total
- age   5:        920 bytes,      17288 total
- age   6:        160 bytes,      17448 total
- age   9:         64 bytes,      17512 total
- age  11:        160 bytes,      17672 total
- age  12:         32 bytes,      17704 total
- age  14:        392 bytes,      18096 total
- age  15:        440 bytes,      18536 total
: 41576K->18K(46720K), 0.0021614 secs] 136106K->94548K(149984K), 0.0022159 secs] [Times: user=0.00 sys=0.00, real=0.00 secs] 
Total time for which application threads were stopped: 0.0023843 seconds
Application time: 0.0162610 seconds
2025-04-10T12:07:01.785-0500: 6788.392: [GC 6788.392: [DefNew
Desired survivor size 2654208 bytes, new threshold 15 (max 15)
- age   1:      10368 bytes,      10368 total
- age   2:       2720 bytes,      13088 total
- age   3:       1096 bytes,      14184 total
- age   4:       3584 bytes,      17768 total
- age   6:        920 bytes,      18688 total
- age   7:        160 bytes,      18848 total
- age  10:         64 bytes,      18912 total
- age  12:        160 bytes,      19072 total
- age  13:         32 bytes,      19104 total
- age  15:        392 bytes,      19496 total
: 41554K->19K(46720K), 0.0022095 secs] 136084K->94549K(149984K), 0.0022622 secs] [Times: user=0.00 sys=0.00, real=0.00 secs] 
Total time for which application threads were stopped: 0.0024208 seconds
Application time: 0.0182748 seconds
2025-04-10T12:07:01.809-0500: 6788.416: [GC 6788.416: [DefNew
Desired survivor size 2654208 bytes, new threshold 15 (max 15)
- age   1:      25544 bytes,      25544 total
- age   2:       1432 bytes,      26976 total
- age   3:        544 bytes,      27520 total
- age   4:       1096 bytes,      28616 total
- age   5:       3312 bytes,      31928 total
- age   7:        920 bytes,      32848 total
- age   8:         16 bytes,      32864 total
- age  11:         64 bytes,      32928 total
- age  13:        160 bytes,      33088 total
- age  14:         32 bytes,      33120 total
: 41555K->32K(46720K), 0.0020892 secs] 136085K->94563K(149984K), 0.0021497 secs] [Times: user=0.00 sys=0.00, real=0.00 secs] 
Total time for which application threads were stopped: 0.0052560 seconds
Application time: 0.0737933 seconds
2025-04-10T12:07:01.888-0500: 6788.492: [GC 6788.492: [DefNew
Desired survivor size 2654208 bytes, new threshold 15 (max 15)
- age   1:      13368 bytes,      13368 total
- age   2:        160 bytes,      13528 total
- age   3:       1400 bytes,      14928 total
- age   4:        424 bytes,      15352 total
- age   5:       1096 bytes,      16448 total
- age   6:       1224 bytes,      17672 total
- age   8:        888 bytes,      18560 total
- age   9:         16 bytes,      18576 total
- age  12:         64 bytes,      18640 total
- age  14:        160 bytes,      18800 total
- age  15:         32 bytes,      18832 total
: 41568K->18K(46720K), 0.0023553 secs] 136099K->94549K(149984K), 0.0024070 secs] [Times: user=0.00 sys=0.00, real=0.00 secs] 
Total time for which application threads were stopped: 0.0029863 seconds
Application time: 0.0163226 seconds
2025-04-10T12:07:01.907-0500: 6788.511: [GC 6788.511: [DefNew
Desired survivor size 2654208 bytes, new threshold 15 (max 15)
- age   1:        760 bytes,        760 total
- age   2:       3640 bytes,       4400 total
- age   3:        160 bytes,       4560 total
- age   4:       1400 bytes,       5960 total
- age   5:        424 bytes,       6384 total
- age   6:       1096 bytes,       7480 total
- age   7:       1072 bytes,       8552 total
- age   9:        888 bytes,       9440 total
- age  10:         16 bytes,       9456 total
- age  13:         64 bytes,       9520 total
- age  15:        160 bytes,       9680 total
: 41554K->9K(46720K), 0.0021539 secs] 136085K->94540K(149984K), 0.0022042 secs] [Times: user=0.00 sys=0.00, real=0.00 secs] 
Total time for which application threads were stopped: 0.0023518 seconds
Application time: 0.0163421 seconds
2025-04-10T12:07:01.936-0500: 6788.539: [GC 6788.539: [DefNew
Desired survivor size 2654208 bytes, new threshold 15 (max 15)
- age   1:      34304 bytes,      34304 total
- age   2:         32 bytes,      34336 total
- age   3:       3608 bytes,      37944 total
- age   4:        160 bytes,      38104 total
- age   5:       1400 bytes,      39504 total
- age   6:        408 bytes,      39912 total
- age   7:       1096 bytes,      41008 total
- age   8:       1072 bytes,      42080 total
- age  10:        888 bytes,      42968 total
- age  11:         16 bytes,      42984 total
- age  14:         64 bytes,      43048 total
: 41545K->42K(46720K), 0.0024579 secs] 136076K->94573K(149984K), 0.0026600 secs] [Times: user=0.00 sys=0.00, real=0.00 secs] 
Total time for which application threads were stopped: 0.0122370 seconds
Application time: 0.0157316 seconds
2025-04-10T12:07:01.954-0500: 6788.558: [GC 6788.558: [DefNew
Desired survivor size 2654208 bytes, new threshold 15 (max 15)
- age   1:      10368 bytes,      10368 total
- age   2:      25368 bytes,      35736 total
- age   4:       3608 bytes,      39344 total
- age   5:        160 bytes,      39504 total
- age   6:       1400 bytes,      40904 total
- age   7:        408 bytes,      41312 total
- age   8:       1096 bytes,      42408 total
- age   9:       1072 bytes,      43480 total
- age  11:        888 bytes,      44368 total
- age  12:         16 bytes,      44384 total
- age  15:         64 bytes,      44448 total
: 41578K->43K(46720K), 0.0020764 secs] 136109K->94574K(149984K), 0.0021564 secs] [Times: user=0.00 sys=0.00, real=0.00 secs] 
Total time for which application threads were stopped: 0.0024381 seconds
Application time: 0.0179761 seconds
2025-04-10T12:07:01.985-0500: 6788.587: [GC 6788.587: [DefNew
Desired survivor size 2654208 bytes, new threshold 15 (max 15)
- age   1:      21960 bytes,      21960 total
- age   2:       1128 bytes,      23088 total
- age   5:       2968 bytes,      26056 total
- age   7:       1080 bytes,      27136 total
- age   8:        208 bytes,      27344 total
- age  10:        976 bytes,      28320 total
- age  12:        888 bytes,      29208 total
: 41579K->28K(46720K), 0.0024321 secs] 136110K->94559K(149984K), 0.0024916 secs] [Times: user=0.00 sys=0.00, real=0.00 secs] 
Total time for which application threads were stopped: 0.0118190 seconds
Application time: 0.0187671 seconds
2025-04-10T12:07:02.008-0500: 6788.609: [GC 6788.609: [DefNew
Desired survivor size 2654208 bytes, new threshold 15 (max 15)
- age   1:       8960 bytes,       8960 total
- age   2:      13024 bytes,      21984 total
- age   3:       1128 bytes,      23112 total
- age   6:       2968 bytes,      26080 total
- age   8:       1080 bytes,      27160 total
- age   9:        208 bytes,      27368 total
- age  11:        976 bytes,      28344 total
- age  13:        888 bytes,      29232 total
: 41564K->28K(46720K), 0.0022155 secs] 136095K->94559K(149984K), 0.0022732 secs] [Times: user=0.00 sys=0.00, real=0.00 secs] 
Total time for which application threads were stopped: 0.0026204 seconds
Application time: 0.0239148 seconds
2025-04-10T12:07:02.034-0500: 6788.636: [GC 6788.636: [DefNew
Desired survivor size 2654208 bytes, new threshold 15 (max 15)
- age   1:      26208 bytes,      26208 total
- age   3:      13000 bytes,      39208 total
- age   4:       1128 bytes,      40336 total
- age   7:       2840 bytes,      43176 total
- age   9:       1080 bytes,      44256 total
- age  10:        176 bytes,      44432 total
- age  12:        976 bytes,      45408 total
- age  14:        856 bytes,      46264 total
: 41564K->45K(46720K), 0.0026204 secs] 136095K->94576K(149984K), 0.0026714 secs] [Times: user=0.00 sys=0.00, real=0.00 secs] 
Total time for which application threads were stopped: 0.0031007 seconds
Application time: 0.0615981 seconds
2025-04-10T12:07:02.108-0500: 6788.707: [GC 6788.707: [DefNew
Desired survivor size 2654208 bytes, new threshold 15 (max 15)
- age   1:       9704 bytes,       9704 total
- age   2:        128 bytes,       9832 total
- age   4:      12968 bytes,      22800 total
- age   5:       1128 bytes,      23928 total
- age   8:       2656 bytes,      26584 total
- age  10:       1080 bytes,      27664 total
- age  11:        176 bytes,      27840 total
- age  13:        944 bytes,      28784 total
- age  15:        856 bytes,      29640 total
: 41581K->28K(46720K), 0.0024392 secs] 136112K->94559K(149984K), 0.0024884 secs] [Times: user=0.00 sys=0.00, real=0.00 secs] 
Total time for which application threads were stopped: 0.0097953 seconds
Application time: 0.0156449 seconds
2025-04-10T12:07:02.127-0500: 6788.726: [GC 6788.726: [DefNew
Desired survivor size 2654208 bytes, new threshold 15 (max 15)
- age   1:        728 bytes,        728 total
- age   2:        616 bytes,       1344 total
- age   3:        128 bytes,       1472 total
- age   5:      12968 bytes,      14440 total
- age   6:       1128 bytes,      15568 total
- age   9:       2656 bytes,      18224 total
- age  11:       1080 bytes,      19304 total
- age  12:        176 bytes,      19480 total
- age  14:        944 bytes,      20424 total
: 41564K->19K(46720K), 0.0021833 secs] 136095K->94551K(149984K), 0.0022392 secs] [Times: user=0.01 sys=0.00, real=0.00 secs] 
Total time for which application threads were stopped: 0.0025294 seconds
Application time: 0.0165275 seconds
2025-04-10T12:07:02.147-0500: 6788.745: [GC 6788.745: [DefNew
Desired survivor size 2654208 bytes, new threshold 15 (max 15)
- age   1:      34272 bytes,      34272 total
- age   3:        616 bytes,      34888 total
- age   4:        128 bytes,      35016 total
- age   6:       4032 bytes,      39048 total
- age   7:       1128 bytes,      40176 total
- age  10:       2656 bytes,      42832 total
- age  12:       1080 bytes,      43912 total
- age  13:        176 bytes,      44088 total
- age  15:        944 bytes,      45032 total
: 41555K->43K(46720K), 0.0022265 secs] 136087K->94575K(149984K), 0.0022764 secs] [Times: user=0.00 sys=0.00, real=0.00 secs] 
Total time for which application threads were stopped: 0.0031842 seconds
Application time: 0.0158261 seconds
2025-04-10T12:07:02.166-0500: 6788.764: [GC 6788.764: [DefNew
Desired survivor size 2654208 bytes, new threshold 15 (max 15)
- age   1:        728 bytes,        728 total
- age   2:      25336 bytes,      26064 total
- age   4:        616 bytes,      26680 total
- age   5:        128 bytes,      26808 total
- age   7:       4032 bytes,      30840 total
- age   8:       1128 bytes,      31968 total
- age  11:       2656 bytes,      34624 total
- age  13:       1080 bytes,      35704 total
- age  14:        176 bytes,      35880 total
: 41579K->35K(46720K), 0.0020375 secs] 136111K->94567K(149984K), 0.0020860 secs] [Times: user=0.00 sys=0.00, real=0.00 secs] 
Total time for which application threads were stopped: 0.0022318 seconds
Application time: 0.0176778 seconds
2025-04-10T12:07:02.194-0500: 6788.791: [GC 6788.791: [DefNew
Desired survivor size 2654208 bytes, new threshold 15 (max 15)
- age   1:      29640 bytes,      29640 total
- age   5:        616 bytes,      30256 total
- age   6:        128 bytes,      30384 total
- age   8:        176 bytes,      30560 total
- age  12:        144 bytes,      30704 total
- age  15:         32 bytes,      30736 total
: 41571K->30K(46720K), 0.0026830 secs] 136103K->94562K(149984K), 0.0027315 secs] [Times: user=0.00 sys=0.00, real=0.00 secs] 
Total time for which application threads were stopped: 0.0105821 seconds
Application time: 0.0156197 seconds
2025-04-10T12:07:02.213-0500: 6788.810: [GC 6788.810: [DefNew
Desired survivor size 2654208 bytes, new threshold 15 (max 15)
- age   1:       8936 bytes,       8936 total
- age   2:      28912 bytes,      37848 total
- age   6:        616 bytes,      38464 total
- age   7:        128 bytes,      38592 total
- age   9:        176 bytes,      38768 total
- age  13:        144 bytes,      38912 total
: 41566K->38K(46720K), 0.0022644 secs] 136098K->94570K(149984K), 0.0023125 secs] [Times: user=0.00 sys=0.00, real=0.00 secs] 
Total time for which application threads were stopped: 0.0024633 seconds
Application time: 0.0263501 seconds
2025-04-10T12:07:02.244-0500: 6788.839: [GC 6788.840: [DefNew
Desired survivor size 2654208 bytes, new threshold 15 (max 15)
- age   1:      26560 bytes,      26560 total
- age   3:      28880 bytes,      55440 total
- age   7:        448 bytes,      55888 total
- age   8:         96 bytes,      55984 total
- age  10:        176 bytes,      56160 total
- age  14:        144 bytes,      56304 total
: 41574K->54K(46720K), 0.0025928 secs] 136106K->94587K(149984K), 0.0026537 secs] [Times: user=0.00 sys=0.00, real=0.00 secs] 
Total time for which application threads were stopped: 0.0037108 seconds
Application time: 0.0580805 seconds
2025-04-10T12:07:02.307-0500: 6788.901: [GC 6788.901: [DefNew
Desired survivor size 2654208 bytes, new threshold 15 (max 15)
- age   1:       9960 bytes,       9960 total
- age   2:        568 bytes,      10528 total
- age   4:      28880 bytes,      39408 total
- age   8:        448 bytes,      39856 total
- age   9:         96 bytes,      39952 total
- age  11:        176 bytes,      40128 total
- age  15:        144 bytes,      40272 total
: 41590K->39K(46720K), 0.0023157 secs] 136123K->94572K(149984K), 0.0023656 secs] [Times: user=0.00 sys=0.00, real=0.00 secs] 
Total time for which application threads were stopped: 0.0033795 seconds
Application time: 0.0156629 seconds
2025-04-10T12:07:02.326-0500: 6788.919: [GC 6788.919: [DefNew
Desired survivor size 2654208 bytes, new threshold 15 (max 15)
- age   1:       8936 bytes,       8936 total
- age   2:        872 bytes,       9808 total
- age   3:        568 bytes,      10376 total
- age   5:      28880 bytes,      39256 total
- age   9:        448 bytes,      39704 total
- age  10:         96 bytes,      39800 total
- age  12:        176 bytes,      39976 total
: 41575K->39K(46720K), 0.0022813 secs] 136108K->94571K(149984K), 0.0023312 secs] [Times: user=0.00 sys=0.00, real=0.00 secs] 
Total time for which application threads were stopped: 0.0026399 seconds
Application time: 0.0168354 seconds
2025-04-10T12:07:02.346-0500: 6788.939: [GC 6788.939: [DefNew
Desired survivor size 2654208 bytes, new threshold 15 (max 15)
- age   1:        960 bytes,        960 total
- age   3:        872 bytes,       1832 total
- age   4:        536 bytes,       2368 total
- age   6:       3544 bytes,       5912 total
- age  10:        448 bytes,       6360 total
- age  11:         96 bytes,       6456 total
- age  13:        176 bytes,       6632 total
: 41575K->6K(46720K), 0.0021536 secs] 136107K->94539K(149984K), 0.0022031 secs] [Times: user=0.00 sys=0.00, real=0.00 secs] 
Total time for which application threads were stopped: 0.0023546 seconds
Application time: 0.0157581 seconds
2025-04-10T12:07:02.365-0500: 6788.957: [GC 6788.957: [DefNew
Desired survivor size 2654208 bytes, new threshold 15 (max 15)
- age   1:       8936 bytes,       8936 total
- age   2:         80 bytes,       9016 total
- age   4:        872 bytes,       9888 total
- age   5:        536 bytes,      10424 total
- age   7:       3544 bytes,      13968 total
- age  11:        448 bytes,      14416 total
- age  12:         96 bytes,      14512 total
- age  14:        176 bytes,      14688 total
: 41542K->14K(46720K), 0.0020906 secs] 136075K->94547K(149984K), 0.0021469 secs] [Times: user=0.00 sys=0.00, real=0.00 secs] 
Total time for which application threads were stopped: 0.0023015 seconds
Application time: 0.0293251 seconds
2025-04-10T12:07:02.404-0500: 6788.995: [GC 6788.995: [DefNew
Desired survivor size 2654208 bytes, new threshold 15 (max 15)
- age   1:       5088 bytes,       5088 total
- age   3:         80 bytes,       5168 total
- age   5:        776 bytes,       5944 total
- age   6:        536 bytes,       6480 total
- age   8:       1680 bytes,       8160 total
- age  12:        392 bytes,       8552 total
- age  13:         64 bytes,       8616 total
- age  15:         64 bytes,       8680 total
: 41550K->8K(46720K), 0.0024360 secs] 136083K->94541K(149984K), 0.0024859 secs] [Times: user=0.00 sys=0.00, real=0.00 secs] 
Total time for which application threads were stopped: 0.0090086 seconds
Application time: 0.0559800 seconds
2025-04-10T12:07:02.465-0500: 6789.055: [GC 6789.055: [DefNew
Desired survivor size 2654208 bytes, new threshold 15 (max 15)
- age   1:      12184 bytes,      12184 total
- age   2:       4608 bytes,      16792 total
- age   4:         80 bytes,      16872 total
- age   6:        776 bytes,      17648 total
- age   7:        536 bytes,      18184 total
- age   9:       1680 bytes,      19864 total
- age  13:        392 bytes,      20256 total
- age  14:         64 bytes,      20320 total
: 41544K->19K(46720K), 0.0024877 secs] 136077K->94552K(149984K), 0.0027156 secs] [Times: user=0.00 sys=0.00, real=0.00 secs] 
Total time for which application threads were stopped: 0.0042764 seconds
Application time: 0.0156873 seconds
2025-04-10T12:07:02.484-0500: 6789.074: [GC 6789.074: [DefNew
Desired survivor size 2654208 bytes, new threshold 15 (max 15)
- age   1:       8968 bytes,       8968 total
- age   2:       3216 bytes,      12184 total
- age   3:       4608 bytes,      16792 total
- age   5:         80 bytes,      16872 total
- age   7:        776 bytes,      17648 total
- age   8:        536 bytes,      18184 total
- age  10:       1680 bytes,      19864 total
- age  14:        392 bytes,      20256 total
- age  15:         64 bytes,      20320 total
: 41555K->19K(46720K), 0.0020955 secs] 136088K->94552K(149984K), 0.0021458 secs] [Times: user=0.00 sys=0.00, real=0.00 secs] 
Total time for which application threads were stopped: 0.0024190 seconds
Application time: 0.0162632 seconds
2025-04-10T12:07:02.504-0500: 6789.093: [GC 6789.093: [DefNew
Desired survivor size 2654208 bytes, new threshold 15 (max 15)
- age   1:       8952 bytes,       8952 total
- age   2:         32 bytes,       8984 total
- age   3:       3216 bytes,      12200 total
- age   4:       4608 bytes,      16808 total
- age   6:         64 bytes,      16872 total
- age   8:        776 bytes,      17648 total
- age   9:        536 bytes,      18184 total
- age  11:       1680 bytes,      19864 total
- age  15:        392 bytes,      20256 total
: 41555K->19K(46720K), 0.0021946 secs] 136088K->94552K(149984K), 0.0022484 secs] [Times: user=0.00 sys=0.00, real=0.00 secs] 
Total time for which application threads were stopped: 0.0030904 seconds
Application time: 0.0184709 seconds
2025-04-10T12:07:02.526-0500: 6789.114: [GC 6789.114: [DefNew
Desired survivor size 2654208 bytes, new threshold 15 (max 15)
- age   1:      14360 bytes,      14360 total
- age   2:         16 bytes,      14376 total
- age   3:         32 bytes,      14408 total
- age   4:       3064 bytes,      17472 total
- age   5:        552 bytes,      18024 total
- age   7:         64 bytes,      18088 total
- age   9:        744 bytes,      18832 total
- age  10:        472 bytes,      19304 total
- age  12:       1488 bytes,      20792 total
: 41555K->20K(46720K), 0.0023942 secs] 136088K->94553K(149984K), 0.0024452 secs] [Times: user=0.02 sys=0.00, real=0.00 secs] 
Total time for which application threads were stopped: 0.0025963 seconds
Application time: 0.0266382 seconds
2025-04-10T12:07:02.561-0500: 6789.149: [GC 6789.149: [DefNew
Desired survivor size 2654208 bytes, new threshold 15 (max 15)
- age   1:      25656 bytes,      25656 total
- age   2:       2680 bytes,      28336 total
- age   3:         16 bytes,      28352 total
- age   4:         32 bytes,      28384 total
- age   5:       2816 bytes,      31200 total
- age   6:        552 bytes,      31752 total
- age   8:         64 bytes,      31816 total
- age  10:        744 bytes,      32560 total
- age  11:        472 bytes,      33032 total
- age  13:       1488 bytes,      34520 total
: 41556K->33K(46720K), 0.0020874 secs] 136089K->94567K(149984K), 0.0023206 secs] [Times: user=0.00 sys=0.00, real=0.00 secs] 
Total time for which application threads were stopped: 0.0079122 seconds
Application time: 0.0641923 seconds
2025-04-10T12:07:02.638-0500: 6789.223: [GC 6789.223: [DefNew
Desired survivor size 2654208 bytes, new threshold 15 (max 15)
- age   1:       9872 bytes,       9872 total
- age   2:        160 bytes,      10032 total
- age   3:       2376 bytes,      12408 total
- age   4:         16 bytes,      12424 total
- age   5:         32 bytes,      12456 total
- age   6:       1256 bytes,      13712 total
- age   7:        456 bytes,      14168 total
- age   9:         64 bytes,      14232 total
- age  11:        744 bytes,      14976 total
- age  12:        472 bytes,      15448 total
- age  14:       1488 bytes,      16936 total
: 41555K->16K(46720K), 0.0026607 secs] 136088K->94549K(149984K), 0.0027170 secs] [Times: user=0.01 sys=0.00, real=0.00 secs] 
Total time for which application threads were stopped: 0.0106911 seconds
Application time: 0.0156781 seconds
2025-04-10T12:07:02.656-0500: 6789.242: [GC 6789.242: [DefNew
Desired survivor size 2654208 bytes, new threshold 15 (max 15)
- age   1:        728 bytes,        728 total
- age   2:        936 bytes,       1664 total
- age   3:        160 bytes,       1824 total
- age   4:       2376 bytes,       4200 total
- age   5:         16 bytes,       4216 total
- age   6:         32 bytes,       4248 total
- age   7:       1256 bytes,       5504 total
- age   8:        456 bytes,       5960 total
- age  10:         64 bytes,       6024 total
- age  12:        744 bytes,       6768 total
- age  13:        472 bytes,       7240 total
- age  15:       1488 bytes,       8728 total
: 41552K->8K(46720K), 0.0021780 secs] 136085K->94541K(149984K), 0.0022293 secs] [Times: user=0.00 sys=0.00, real=0.00 secs] 
Total time for which application threads were stopped: 0.0025132 seconds
Application time: 0.0652116 seconds
2025-04-10T12:07:02.822-0500: 6789.403: [GC 6789.403: [DefNew
Desired survivor size 2654208 bytes, new threshold 15 (max 15)
- age   1:       5800 bytes,       5800 total
- age   3:        848 bytes,       6648 total
- age   4:         16 bytes,       6664 total
- age   5:       2072 bytes,       8736 total
- age   8:       1256 bytes,       9992 total
- age   9:        424 bytes,      10416 total
- age  11:         32 bytes,      10448 total
- age  13:        744 bytes,      11192 total
- age  14:        472 bytes,      11664 total
: 41544K->11K(46720K), 0.0023150 secs] 136077K->94546K(149984K), 0.0023645 secs] [Times: user=0.00 sys=0.00, real=0.00 secs] 
Total time for which application threads were stopped: 0.0963580 seconds
Application time: 0.0706919 seconds
2025-04-10T12:07:02.898-0500: 6789.477: [GC 6789.477: [DefNew
Desired survivor size 2654208 bytes, new threshold 15 (max 15)
- age   1:       9632 bytes,       9632 total
- age   2:       5008 bytes,      14640 total
- age   4:        352 bytes,      14992 total
- age   5:         16 bytes,      15008 total
- age   6:       1728 bytes,      16736 total
- age   9:         64 bytes,      16800 total
- age  10:        328 bytes,      17128 total
- age  12:         32 bytes,      17160 total
- age  14:        744 bytes,      17904 total
- age  15:        472 bytes,      18376 total
: 41547K->17K(46720K), 0.0022123 secs] 136082K->94552K(149984K), 0.0022590 secs] [Times: user=0.00 sys=0.00, real=0.00 secs] 
Total time for which application threads were stopped: 0.0032259 seconds
Application time: 0.0157369 seconds
2025-04-10T12:07:02.917-0500: 6789.496: [GC 6789.496: [DefNew
Desired survivor size 2654208 bytes, new threshold 15 (max 15)
- age   1:       9216 bytes,       9216 total
- age   2:        696 bytes,       9912 total
- age   3:       5008 bytes,      14920 total
- age   5:        352 bytes,      15272 total
- age   6:         16 bytes,      15288 total
- age   7:       1728 bytes,      17016 total
- age  10:         64 bytes,      17080 total
- age  11:        328 bytes,      17408 total
- age  13:         32 bytes,      17440 total
- age  15:        744 bytes,      18184 total
: 41553K->17K(46720K), 0.0021631 secs] 136088K->94553K(149984K), 0.0022123 secs] [Times: user=0.00 sys=0.00, real=0.00 secs] 
Total time for which application threads were stopped: 0.0025079 seconds
Application time: 0.0224411 seconds
2025-04-10T12:07:02.946-0500: 6789.523: [GC 6789.523: [DefNew
Desired survivor size 2654208 bytes, new threshold 15 (max 15)
- age   1:      13880 bytes,      13880 total
- age   2:        280 bytes,      14160 total
- age   3:        672 bytes,      14832 total
- age   4:       4880 bytes,      19712 total
- age   6:        352 bytes,      20064 total
- age   7:         16 bytes,      20080 total
- age   8:       1632 bytes,      21712 total
- age  11:         64 bytes,      21776 total
- age  12:        328 bytes,      22104 total
- age  14:         32 bytes,      22136 total
: 41553K->21K(46720K), 0.0025043 secs] 136089K->94556K(149984K), 0.0025574 secs] [Times: user=0.00 sys=0.00, real=0.00 secs] 
Total time for which application threads were stopped: 0.0055629 seconds
Application time: 0.0156247 seconds
2025-04-10T12:07:02.964-0500: 6789.542: [GC 6789.542: [DefNew
Desired survivor size 2654208 bytes, new threshold 15 (max 15)
- age   1:        912 bytes,        912 total
- age   2:       4336 bytes,       5248 total
- age   3:        280 bytes,       5528 total
- age   4:        672 bytes,       6200 total
- age   5:       4848 bytes,      11048 total
- age   7:        352 bytes,      11400 total
- age   8:         16 bytes,      11416 total
- age   9:       1632 bytes,      13048 total
- age  12:         64 bytes,      13112 total
- age  13:        328 bytes,      13440 total
- age  15:         32 bytes,      13472 total
: 41557K->13K(46720K), 0.0022229 secs] 136092K->94548K(149984K), 0.0022721 secs] [Times: user=0.00 sys=0.00, real=0.00 secs] 
Total time for which application threads were stopped: 0.0024240 seconds
Application time: 0.0162076 seconds
2025-04-10T12:07:02.984-0500: 6789.561: [GC 6789.561: [DefNew
Desired survivor size 2654208 bytes, new threshold 15 (max 15)
- age   1:       2848 bytes,       2848 total
- age   2:         32 bytes,       2880 total
- age   3:       3640 bytes,       6520 total
- age   4:        280 bytes,       6800 total
- age   5:        672 bytes,       7472 total
- age   6:       3744 bytes,      11216 total
- age   8:        208 bytes,      11424 total
- age  10:        504 bytes,      11928 total
- age  13:         32 bytes,      11960 total
- age  14:        328 bytes,      12288 total
: 41549K->12K(46720K), 0.0024098 secs] 136084K->94547K(149984K), 0.0024647 secs] [Times: user=0.00 sys=0.00, real=0.00 secs] 
Total time for which application threads were stopped: 0.0029917 seconds
Application time: 0.0678861 seconds
2025-04-10T12:07:03.056-0500: 6789.632: [GC 6789.632: [DefNew
Desired survivor size 2654208 bytes, new threshold 15 (max 15)
- age   1:      14000 bytes,      14000 total
- age   2:        208 bytes,      14208 total
- age   3:         32 bytes,      14240 total
- age   4:        936 bytes,      15176 total
- age   5:        280 bytes,      15456 total
- age   6:        208 bytes,      15664 total
- age   7:        392 bytes,      16056 total
- age   9:         32 bytes,      16088 total
- age  11:        472 bytes,      16560 total
- age  14:         32 bytes,      16592 total
- age  15:        328 bytes,      16920 total
: 41548K->16K(46720K), 0.0026296 secs] 136083K->94551K(149984K), 0.0026816 secs] [Times: user=0.00 sys=0.00, real=0.00 secs] 
Total time for which application threads were stopped: 0.0030918 seconds
Application time: 0.0161580 seconds
2025-04-10T12:07:03.076-0500: 6789.651: [GC 6789.651: [DefNew
Desired survivor size 2654208 bytes, new threshold 15 (max 15)
- age   1:       2160 bytes,       2160 total
- age   2:       4728 bytes,       6888 total
- age   3:        208 bytes,       7096 total
- age   4:         32 bytes,       7128 total
- age   5:        936 bytes,       8064 total
- age   6:        280 bytes,       8344 total
- age   7:        208 bytes,       8552 total
- age   8:        392 bytes,       8944 total
- age  10:         32 bytes,       8976 total
- age  12:        472 bytes,       9448 total
- age  15:         32 bytes,       9480 total
: 41552K->9K(46720K), 0.0020492 secs] 136087K->94544K(149984K), 0.0020994 secs] [Times: user=0.00 sys=0.00, real=0.00 secs] 
Total time for which application threads were stopped: 0.0022442 seconds
Application time: 0.0191525 seconds
2025-04-10T12:07:03.104-0500: 6789.677: [GC 6789.677: [DefNew
Desired survivor size 2654208 bytes, new threshold 15 (max 15)
- age   1:       9064 bytes,       9064 total
- age   2:       1432 bytes,      10496 total
- age   3:       4600 bytes,      15096 total
- age   4:        208 bytes,      15304 total
- age   5:         32 bytes,      15336 total
- age   6:        936 bytes,      16272 total
- age   7:        280 bytes,      16552 total
- age   8:        208 bytes,      16760 total
- age   9:        392 bytes,      17152 total
- age  11:         32 bytes,      17184 total
- age  13:        472 bytes,      17656 total
: 41545K->17K(46720K), 0.0023164 secs] 136080K->94552K(149984K), 0.0023822 secs] [Times: user=0.02 sys=0.00, real=0.00 secs] 
Total time for which application threads were stopped: 0.0078208 seconds
Application time: 0.0827113 seconds
2025-04-10T12:07:03.192-0500: 6789.764: [GC 6789.764: [DefNew
Desired survivor size 2654208 bytes, new threshold 15 (max 15)
- age   1:      12280 bytes,      12280 total
- age   2:       8936 bytes,      21216 total
- age   3:       1400 bytes,      22616 total
- age   4:       4568 bytes,      27184 total
- age   5:        192 bytes,      27376 total
- age   7:        936 bytes,      28312 total
- age   8:        280 bytes,      28592 total
- age   9:        176 bytes,      28768 total
- age  10:        392 bytes,      29160 total
- age  14:        440 bytes,      29600 total
: 41553K->28K(46720K), 0.0027878 secs] 136088K->94564K(149984K), 0.0028381 secs] [Times: user=0.00 sys=0.00, real=0.00 secs] 
Total time for which application threads were stopped: 0.0039893 seconds
Application time: 0.0171678 seconds
2025-04-10T12:07:03.212-0500: 6789.784: [GC 6789.784: [DefNew
Desired survivor size 2654208 bytes, new threshold 15 (max 15)
- age   1:       8968 bytes,       8968 total
- age   2:       3008 bytes,      11976 total
- age   3:       8936 bytes,      20912 total
- age   4:       1400 bytes,      22312 total
- age   5:       4568 bytes,      26880 total
- age   6:        192 bytes,      27072 total
- age   8:        936 bytes,      28008 total
- age   9:        280 bytes,      28288 total
- age  10:        176 bytes,      28464 total
- age  11:        392 bytes,      28856 total
- age  15:        440 bytes,      29296 total
: 41564K->28K(46720K), 0.0023305 secs] 136100K->94564K(149984K), 0.0023808 secs] [Times: user=0.00 sys=0.00, real=0.00 secs] 
Total time for which application threads were stopped: 0.0025319 seconds
Application time: 0.0276957 seconds
2025-04-10T12:07:03.278-0500: 6789.848: [GC 6789.848: [DefNew
Desired survivor size 2654208 bytes, new threshold 15 (max 15)
- age   1:       1872 bytes,       1872 total
- age   3:       2944 bytes,       4816 total
- age   4:       8936 bytes,      13752 total
- age   5:       1400 bytes,      15152 total
- age   6:       2424 bytes,      17576 total
- age   7:         48 bytes,      17624 total
- age   9:        936 bytes,      18560 total
- age  10:        280 bytes,      18840 total
- age  11:        144 bytes,      18984 total
- age  12:        392 bytes,      19376 total
: 41564K->18K(46720K), 0.0026710 secs] 136100K->94555K(149984K), 0.0027298 secs] [Times: user=0.01 sys=0.00, real=0.00 secs] 
Total time for which application threads were stopped: 0.0367535 seconds
Application time: 0.0717728 seconds
2025-04-10T12:07:03.463-0500: 6790.028: [GC 6790.028: [DefNew
Desired survivor size 2654208 bytes, new threshold 15 (max 15)
- age   1:       9456 bytes,       9456 total
- age   2:       1704 bytes,      11160 total
- age   4:       2944 bytes,      14104 total
- age   6:       1400 bytes,      15504 total
- age   7:       2392 bytes,      17896 total
- age   8:         48 bytes,      17944 total
- age  10:        936 bytes,      18880 total
- age  11:        280 bytes,      19160 total
- age  12:        144 bytes,      19304 total
- age  13:        392 bytes,      19696 total
: 41554K->19K(46720K), 0.0023309 secs] 136091K->94555K(149984K), 0.0025217 secs] [Times: user=0.00 sys=0.00, real=0.00 secs] 
Total time for which application threads were stopped: 0.1077767 seconds
Application time: 0.0224507 seconds
2025-04-10T12:07:03.488-0500: 6790.053: [GC 6790.053: [DefNew
Desired survivor size 2654208 bytes, new threshold 15 (max 15)
- age   1:        104 bytes,        104 total
- age   2:        520 bytes,        624 total
- age   3:       1704 bytes,       2328 total
- age   5:       2944 bytes,       5272 total
- age   7:       1400 bytes,       6672 total
- age   8:       2392 bytes,       9064 total
- age   9:         48 bytes,       9112 total
- age  11:        936 bytes,      10048 total
- age  12:        280 bytes,      10328 total
- age  13:        144 bytes,      10472 total
- age  14:        392 bytes,      10864 total
: 41555K->10K(46720K), 0.0024827 secs] 136091K->94546K(149984K), 0.0025369 secs] [Times: user=0.00 sys=0.00, real=0.00 secs] 
Total time for which application threads were stopped: 0.0027276 seconds
Application time: 0.0203665 seconds
2025-04-10T12:07:03.512-0500: 6790.076: [GC 6790.076: [DefNew
Desired survivor size 2654208 bytes, new threshold 15 (max 15)
- age   1:       1808 bytes,       1808 total
- age   3:        424 bytes,       2232 total
- age   4:       1400 bytes,       3632 total
- age   6:       2304 bytes,       5936 total
- age   8:       1080 bytes,       7016 total
- age   9:       1096 bytes,       8112 total
- age  10:         48 bytes,       8160 total
- age  12:        904 bytes,       9064 total
- age  13:        280 bytes,       9344 total
- age  14:        144 bytes,       9488 total
- age  15:        392 bytes,       9880 total
: 41546K->9K(46720K), 0.0024335 secs] 136082K->94545K(149984K), 0.0024852 secs] [Times: user=0.00 sys=0.00, real=0.00 secs] 
Total time for which application threads were stopped: 0.0026636 seconds
Application time: 0.0649203 seconds
2025-04-10T12:07:03.612-0500: 6790.172: [GC 6790.172: [DefNew
Desired survivor size 2654208 bytes, new threshold 15 (max 15)
- age   1:      10224 bytes,      10224 total
- age   2:        368 bytes,      10592 total
- age   4:        424 bytes,      11016 total
- age   5:       1384 bytes,      12400 total
- age   7:        144 bytes,      12544 total
- age  10:        600 bytes,      13144 total
- age  11:         48 bytes,      13192 total
- age  13:        904 bytes,      14096 total
- age  14:        280 bytes,      14376 total
- age  15:        144 bytes,      14520 total
: 41545K->14K(46720K), 0.0022233 secs] 136081K->94550K(149984K), 0.0022835 secs] [Times: user=0.00 sys=0.00, real=0.00 secs] 
Total time for which application threads were stopped: 0.0312437 seconds
Application time: 0.0158321 seconds
2025-04-10T12:07:03.630-0500: 6790.190: [GC 6790.191: [DefNew
Desired survivor size 2654208 bytes, new threshold 15 (max 15)
- age   1:       8936 bytes,       8936 total
- age   2:       1288 bytes,      10224 total
- age   3:        368 bytes,      10592 total
- age   5:        424 bytes,      11016 total
- age   6:       1384 bytes,      12400 total
- age   8:        144 bytes,      12544 total
- age  11:        600 bytes,      13144 total
- age  12:         48 bytes,      13192 total
- age  14:        904 bytes,      14096 total
- age  15:        280 bytes,      14376 total
: 41550K->14K(46720K), 0.0021207 secs] 136086K->94550K(149984K), 0.0021695 secs] [Times: user=0.00 sys=0.00, real=0.00 secs] 
Total time for which application threads were stopped: 0.0023196 seconds
Application time: 0.0161765 seconds
2025-04-10T12:07:03.650-0500: 6790.209: [GC 6790.209: [DefNew
Desired survivor size 2654208 bytes, new threshold 15 (max 15)
- age   1:       8936 bytes,       8936 total
- age   3:       1288 bytes,      10224 total
- age   4:        368 bytes,      10592 total
- age   6:        424 bytes,      11016 total
- age   7:       1384 bytes,      12400 total
- age   9:        144 bytes,      12544 total
- age  12:        600 bytes,      13144 total
- age  13:         48 bytes,      13192 total
- age  15:        904 bytes,      14096 total
: 41550K->13K(46720K), 0.0022714 secs] 136086K->94550K(149984K), 0.0023245 secs] [Times: user=0.00 sys=0.00, real=0.00 secs] 
Total time for which application threads were stopped: 0.0029131 seconds
Application time: 0.0165803 seconds
2025-04-10T12:07:03.669-0500: 6790.228: [GC 6790.229: [DefNew
Desired survivor size 2654208 bytes, new threshold 15 (max 15)
- age   1:        728 bytes,        728 total
- age   4:       1288 bytes,       2016 total
- age   5:        368 bytes,       2384 total
- age   7:        424 bytes,       2808 total
- age   8:       1384 bytes,       4192 total
- age  10:        144 bytes,       4336 total
- age  13:        600 bytes,       4936 total
- age  14:         48 bytes,       4984 total
: 41549K->4K(46720K), 0.0021345 secs] 136086K->94542K(149984K), 0.0021865 secs] [Times: user=0.00 sys=0.00, real=0.00 secs] 
Total time for which application threads were stopped: 0.0023468 seconds
Application time: 0.0177825 seconds
2025-04-10T12:07:03.795-0500: 6790.352: [GC 6790.352: [DefNew
Desired survivor size 2654208 bytes, new threshold 15 (max 15)
- age   1:       8936 bytes,       8936 total
- age   5:       1288 bytes,      10224 total
- age   6:        368 bytes,      10592 total
- age   8:        424 bytes,      11016 total
- age   9:       1384 bytes,      12400 total
- age  11:        144 bytes,      12544 total
- age  14:        600 bytes,      13144 total
- age  15:         48 bytes,      13192 total
: 41540K->12K(46720K), 0.0025011 secs] 136078K->94550K(149984K), 0.0025493 secs] [Times: user=0.00 sys=0.00, real=0.00 secs] 
Total time for which application threads were stopped: 0.1059622 seconds
Application time: 0.0199623 seconds
2025-04-10T12:07:03.819-0500: 6790.375: [GC 6790.375: [DefNew
Desired survivor size 2654208 bytes, new threshold 15 (max 15)
- age   1:       7464 bytes,       7464 total
- age   6:       1288 bytes,       8752 total
- age   7:        224 bytes,       8976 total
- age   9:        424 bytes,       9400 total
- age  10:        256 bytes,       9656 total
- age  12:         80 bytes,       9736 total
- age  15:        568 bytes,      10304 total
: 41548K->10K(46720K), 0.0028048 secs] 136086K->94547K(149984K), 0.0028579 secs] [Times: user=0.00 sys=0.00, real=0.00 secs] 
Total time for which application threads were stopped: 0.0030108 seconds
Application time: 0.0163187 seconds
2025-04-10T12:07:03.839-0500: 6790.394: [GC 6790.394: [DefNew
Desired survivor size 2654208 bytes, new threshold 15 (max 15)
- age   1:        912 bytes,        912 total
- age   2:       5640 bytes,       6552 total
- age   7:       1032 bytes,       7584 total
- age   8:        224 bytes,       7808 total
- age  10:        424 bytes,       8232 total
- age  11:        224 bytes,       8456 total
- age  13:         80 bytes,       8536 total
: 41546K->8K(46720K), 0.0020821 secs] 136083K->94546K(149984K), 0.0021331 secs] [Times: user=0.01 sys=0.00, real=0.00 secs] 
Total time for which application threads were stopped: 0.0026512 seconds
Application time: 0.0178777 seconds
2025-04-10T12:07:03.860-0500: 6790.414: [GC 6790.414: [DefNew
Desired survivor size 2654208 bytes, new threshold 15 (max 15)
- age   1:        728 bytes,        728 total
- age   2:         32 bytes,        760 total
- age   3:       5640 bytes,       6400 total
- age   8:       1032 bytes,       7432 total
- age   9:        224 bytes,       7656 total
- age  11:        424 bytes,       8080 total
- age  12:        224 bytes,       8304 total
- age  14:         80 bytes,       8384 total
: 41544K->8K(46720K), 0.0020488 secs] 136082K->94546K(149984K), 0.0020984 secs] [Times: user=0.00 sys=0.00, real=0.00 secs] 
Total time for which application threads were stopped: 0.0022484 seconds
Application time: 0.0171483 seconds
2025-04-10T12:07:03.879-0500: 6790.434: [GC 6790.434: [DefNew
Desired survivor size 2654208 bytes, new threshold 15 (max 15)
- age   1:        424 bytes,        424 total
- age   3:         32 bytes,        456 total
- age   4:       5608 bytes,       6064 total
- age   9:        896 bytes,       6960 total
- age  10:        224 bytes,       7184 total
- age  12:        424 bytes,       7608 total
- age  13:        224 bytes,       7832 total
- age  15:         80 bytes,       7912 total
: 41544K->7K(46720K), 0.0023950 secs] 136082K->94546K(149984K), 0.0024491 secs] [Times: user=0.00 sys=0.00, real=0.00 secs] 
Total time for which application threads were stopped: 0.0025868 seconds
Application time: 0.0677774 seconds
2025-04-10T12:07:03.981-0500: 6790.533: [GC 6790.533: [DefNew
Desired survivor size 2654208 bytes, new threshold 15 (max 15)
- age   1:       9104 bytes,       9104 total
- age   2:        176 bytes,       9280 total
- age   4:         32 bytes,       9312 total
- age   5:       5608 bytes,      14920 total
- age  10:        896 bytes,      15816 total
- age  11:        208 bytes,      16024 total
- age  13:        424 bytes,      16448 total
- age  14:        224 bytes,      16672 total
: 41534K->16K(46720K), 0.0021299 secs] 136072K->94554K(149984K), 0.0021787 secs] [Times: user=0.00 sys=0.00, real=0.00 secs] 
Total time for which application threads were stopped: 0.0306824 seconds
Application time: 0.0170510 seconds
2025-04-10T12:07:04.001-0500: 6790.552: [GC 6790.552: [DefNew
Desired survivor size 2654208 bytes, new threshold 15 (max 15)
- age   1:        728 bytes,        728 total
- age   2:        168 bytes,        896 total
- age   3:        176 bytes,       1072 total
- age   5:         32 bytes,       1104 total
- age   6:       5608 bytes,       6712 total
- age  11:        896 bytes,       7608 total
- age  12:        208 bytes,       7816 total
- age  14:        424 bytes,       8240 total
- age  15:        224 bytes,       8464 total
: 41552K->8K(46720K), 0.0022530 secs] 136090K->94546K(149984K), 0.0024272 secs] [Times: user=0.00 sys=0.00, real=0.00 secs] 
Total time for which application threads were stopped: 0.0025829 seconds
Application time: 0.0161651 seconds
2025-04-10T12:07:04.020-0500: 6790.571: [GC 6790.571: [DefNew
Desired survivor size 2654208 bytes, new threshold 15 (max 15)
- age   1:       8936 bytes,       8936 total
- age   3:        168 bytes,       9104 total
- age   4:        176 bytes,       9280 total
- age   6:         32 bytes,       9312 total
- age   7:       5608 bytes,      14920 total
- age  12:        896 bytes,      15816 total
- age  13:        208 bytes,      16024 total
- age  15:        424 bytes,      16448 total
: 41544K->16K(46720K), 0.0021791 secs] 136082K->94554K(149984K), 0.0022290 secs] [Times: user=0.00 sys=0.00, real=0.00 secs] 
Total time for which application threads were stopped: 0.0025843 seconds
Application time: 0.0181598 seconds
2025-04-10T12:07:04.042-0500: 6790.591: [GC 6790.592: [DefNew
Desired survivor size 2654208 bytes, new threshold 15 (max 15)
- age   1:        728 bytes,        728 total
- age   4:        168 bytes,        896 total
- age   5:        176 bytes,       1072 total
- age   7:         32 bytes,       1104 total
- age   8:       5608 bytes,       6712 total
- age  13:        896 bytes,       7608 total
- age  14:        208 bytes,       7816 total
: 41552K->7K(46720K), 0.0026282 secs] 136090K->94546K(149984K), 0.0027011 secs] [Times: user=0.00 sys=0.00, real=0.00 secs] 
Total time for which application threads were stopped: 0.0028586 seconds
Application time: 0.0156781 seconds
2025-04-10T12:07:04.061-0500: 6790.610: [GC 6790.610: [DefNew
Desired survivor size 2654208 bytes, new threshold 15 (max 15)
- age   1:       8936 bytes,       8936 total
- age   5:        168 bytes,       9104 total
- age   6:        176 bytes,       9280 total
- age   8:         32 bytes,       9312 total
- age   9:       5608 bytes,      14920 total
- age  14:        896 bytes,      15816 total
- age  15:        208 bytes,      16024 total
: 41543K->15K(46720K), 0.0021380 secs] 136082K->94554K(149984K), 0.0021883 secs] [Times: user=0.00 sys=0.00, real=0.00 secs] 
Total time for which application threads were stopped: 0.0024672 seconds
Application time: 0.0355792 seconds
2025-04-10T12:07:04.214-0500: 6790.760: [GC 6790.760: [DefNew
Desired survivor size 2654208 bytes, new threshold 15 (max 15)
- age   1:       2048 bytes,       2048 total
- age   7:        176 bytes,       2224 total
- age   9:         32 bytes,       2256 total
- age  10:       5176 bytes,       7432 total
- age  15:        872 bytes,       8304 total
: 41551K->8K(46720K), 0.0025454 secs] 136090K->94547K(149984K), 0.0026091 secs] [Times: user=0.00 sys=0.00, real=0.00 secs] 
Total time for which application threads were stopped: 0.1143068 seconds
Application time: 0.0550885 seconds
2025-04-10T12:07:04.277-0500: 6790.821: [GC 6790.821: [DefNew
Desired survivor size 2654208 bytes, new threshold 15 (max 15)
- age   1:       1152 bytes,       1152 total
- age   2:       1952 bytes,       3104 total
- age   8:        160 bytes,       3264 total
- age  11:       5128 bytes,       8392 total
: 41544K->8K(46720K), 0.0023196 secs] 136083K->94548K(149984K), 0.0023666 secs] [Times: user=0.00 sys=0.00, real=0.00 secs] 
Total time for which application threads were stopped: 0.0055508 seconds
Application time: 0.0698369 seconds
2025-04-10T12:07:04.362-0500: 6790.903: [GC 6790.904: [DefNew
Desired survivor size 2654208 bytes, new threshold 15 (max 15)
- age   1:       3600 bytes,       3600 total
- age   2:        728 bytes,       4328 total
- age   3:       1920 bytes,       6248 total
- age   9:        160 bytes,       6408 total
- age  12:       4824 bytes,      11232 total
: 41544K->10K(46720K), 0.0026968 secs] 136084K->94551K(149984K), 0.0027506 secs] [Times: user=0.00 sys=0.00, real=0.00 secs] 
Total time for which application threads were stopped: 0.0135026 seconds
Application time: 0.0155773 seconds
2025-04-10T12:07:04.380-0500: 6790.922: [GC 6790.922: [DefNew
Desired survivor size 2654208 bytes, new threshold 15 (max 15)
- age   1:       8936 bytes,       8936 total
- age   2:       3600 bytes,      12536 total
- age   3:        728 bytes,      13264 total
- age   4:       1920 bytes,      15184 total
- age  10:        160 bytes,      15344 total
- age  13:       4824 bytes,      20168 total
: 41546K->19K(46720K), 0.0023097 secs] 136087K->94559K(149984K), 0.0023599 secs] [Times: user=0.00 sys=0.00, real=0.00 secs] 
Total time for which application threads were stopped: 0.0025132 seconds
Application time: 0.0193210 seconds
2025-04-10T12:07:04.411-0500: 6790.951: [GC 6790.951: [DefNew
Desired survivor size 2654208 bytes, new threshold 15 (max 15)
- age   1:       9024 bytes,       9024 total
- age   3:       3416 bytes,      12440 total
- age   4:        728 bytes,      13168 total
- age   5:       1920 bytes,      15088 total
- age  11:        160 bytes,      15248 total
- age  14:       4824 bytes,      20072 total
: 41555K->19K(46720K), 0.0024183 secs] 136095K->94559K(149984K), 0.0024657 secs] [Times: user=0.00 sys=0.00, real=0.00 secs] 
Total time for which application threads were stopped: 0.0102137 seconds
Application time: 0.0680100 seconds
2025-04-10T12:07:04.485-0500: 6791.024: [GC 6791.024: [DefNew
Desired survivor size 2654208 bytes, new threshold 15 (max 15)
- age   1:      12032 bytes,      12032 total
- age   4:       1128 bytes,      13160 total
- age   5:        728 bytes,      13888 total
- age   6:       1920 bytes,      15808 total
- age  12:        160 bytes,      15968 total
- age  15:       4776 bytes,      20744 total
: 41555K->20K(46720K), 0.0025376 secs] 136095K->94560K(149984K), 0.0025864 secs] [Times: user=0.00 sys=0.00, real=0.00 secs] 
Total time for which application threads were stopped: 0.0043818 seconds
Application time: 0.0170542 seconds
2025-04-10T12:07:04.505-0500: 6791.043: [GC 6791.044: [DefNew
Desired survivor size 2654208 bytes, new threshold 15 (max 15)
- age   1:       8936 bytes,       8936 total
- age   2:       3096 bytes,      12032 total
- age   5:       1128 bytes,      13160 total
- age   6:        728 bytes,      13888 total
- age   7:       1920 bytes,      15808 total
- age  13:        160 bytes,      15968 total
: 41556K->15K(46720K), 0.0020463 secs] 136096K->94560K(149984K), 0.0020952 secs] [Times: user=0.00 sys=0.00, real=0.00 secs] 
Total time for which application threads were stopped: 0.0022530 seconds
Application time: 0.0208184 seconds
2025-04-10T12:07:04.529-0500: 6791.067: [GC 6791.067: [DefNew
Desired survivor size 2654208 bytes, new threshold 15 (max 15)
- age   1:       1840 bytes,       1840 total
- age   3:       3096 bytes,       4936 total
- age   6:       1104 bytes,       6040 total
- age   7:        728 bytes,       6768 total
- age   8:       1888 bytes,       8656 total
- age  14:        160 bytes,       8816 total
: 41551K->8K(46720K), 0.0020789 secs] 136096K->94553K(149984K), 0.0021539 secs] [Times: user=0.00 sys=0.00, real=0.00 secs] 
Total time for which application threads were stopped: 0.0022852 seconds
Application time: 0.0649769 seconds
2025-04-10T12:07:04.608-0500: 6791.144: [GC 6791.144: [DefNew
Desired survivor size 2654208 bytes, new threshold 15 (max 15)
- age   1:      11056 bytes,      11056 total
- age   2:        256 bytes,      11312 total
- age   4:       2976 bytes,      14288 total
- age   7:        728 bytes,      15016 total
- age   9:       1888 bytes,      16904 total
- age  15:        128 bytes,      17032 total
: 41544K->16K(46720K), 0.0024063 secs] 136089K->94561K(149984K), 0.0025914 secs] [Times: user=0.00 sys=0.01, real=0.00 secs] 
Total time for which application threads were stopped: 0.0129172 seconds
Application time: 0.0171607 seconds
2025-04-10T12:07:04.629-0500: 6791.164: [GC 6791.164: [DefNew
Desired survivor size 2654208 bytes, new threshold 15 (max 15)
- age   1:        728 bytes,        728 total
- age   2:       1512 bytes,       2240 total
- age   3:        104 bytes,       2344 total
- age   5:       2976 bytes,       5320 total
- age   8:        728 bytes,       6048 total
- age  10:       1888 bytes,       7936 total
: 41552K->7K(46720K), 0.0020640 secs] 136097K->94552K(149984K), 0.0022488 secs] [Times: user=0.00 sys=0.00, real=0.00 secs] 
Total time for which application threads were stopped: 0.0024077 seconds
Application time: 0.0215043 seconds
2025-04-10T12:07:04.657-0500: 6791.191: [GC 6791.192: [DefNew
Desired survivor size 2654208 bytes, new threshold 15 (max 15)
- age   1:       6008 bytes,       6008 total
- age   3:        920 bytes,       6928 total
- age   4:        104 bytes,       7032 total
- age   6:        224 bytes,       7256 total
- age   9:        680 bytes,       7936 total
- age  11:       1824 bytes,       9760 total
: 41543K->9K(46720K), 0.0027998 secs] 136088K->94554K(149984K), 0.0028547 secs] [Times: user=0.00 sys=0.00, real=0.00 secs] 
Total time for which application threads were stopped: 0.0066058 seconds
Application time: 0.0536895 seconds
2025-04-10T12:07:04.720-0500: 6791.252: [GC 6791.252: [DefNew
Desired survivor size 2654208 bytes, new threshold 15 (max 15)
- age   1:      10192 bytes,      10192 total
- age   2:       3696 bytes,      13888 total
- age   4:        704 bytes,      14592 total
- age   5:         32 bytes,      14624 total
- age   7:         48 bytes,      14672 total
- age  10:        648 bytes,      15320 total
- age  12:       1144 bytes,      16464 total
: 41545K->16K(46720K), 0.0029771 secs] 136090K->94560K(149984K), 0.0030232 secs] [Times: user=0.02 sys=0.00, real=0.00 secs] 
Total time for which application threads were stopped: 0.0074050 seconds
Application time: 0.0683989 seconds
2025-04-10T12:07:04.794-0500: 6791.325: [GC 6791.325: [DefNew
Desired survivor size 2654208 bytes, new threshold 15 (max 15)
- age   1:      15352 bytes,      15352 total
- age   2:      10024 bytes,      25376 total
- age   3:       3192 bytes,      28568 total
- age   5:        704 bytes,      29272 total
- age   6:         32 bytes,      29304 total
- age   8:         32 bytes,      29336 total
- age  11:        584 bytes,      29920 total
- age  13:       1144 bytes,      31064 total
: 41552K->30K(46720K), 0.0025068 secs] 136096K->94575K(149984K), 0.0025546 secs] [Times: user=0.00 sys=0.00, real=0.00 secs] 
Total time for which application threads were stopped: 0.0035377 seconds
Application time: 0.0693945 seconds
2025-04-10T12:07:04.879-0500: 6791.408: [GC 6791.408: [DefNew
Desired survivor size 2654208 bytes, new threshold 15 (max 15)
- age   1:       1064 bytes,       1064 total
- age   2:       6168 bytes,       7232 total
- age   3:       9992 bytes,      17224 total
- age   4:       3192 bytes,      20416 total
- age   6:        704 bytes,      21120 total
- age   7:         32 bytes,      21152 total
- age   9:         32 bytes,      21184 total
- age  12:        584 bytes,      21768 total
- age  14:       1144 bytes,      22912 total
: 41566K->22K(46720K), 0.0026370 secs] 136111K->94567K(149984K), 0.0026898 secs] [Times: user=0.02 sys=0.00, real=0.00 secs] 
Total time for which application threads were stopped: 0.0135394 seconds
Application time: 0.0155875 seconds
2025-04-10T12:07:04.897-0500: 6791.426: [GC 6791.426: [DefNew
Desired survivor size 2654208 bytes, new threshold 15 (max 15)
- age   1:       8936 bytes,       8936 total
- age   2:        184 bytes,       9120 total
- age   3:       6168 bytes,      15288 total
- age   4:       9992 bytes,      25280 total
- age   5:       3192 bytes,      28472 total
- age   7:        704 bytes,      29176 total
- age   8:         32 bytes,      29208 total
- age  10:         32 bytes,      29240 total
- age  13:        584 bytes,      29824 total
- age  15:       1144 bytes,      30968 total
: 41558K->30K(46720K), 0.0022123 secs] 136103K->94575K(149984K), 0.0022640 secs] [Times: user=0.00 sys=0.00, real=0.00 secs] 
Total time for which application threads were stopped: 0.0025712 seconds
Application time: 0.0179542 seconds
2025-04-10T12:07:04.919-0500: 6791.447: [GC 6791.447: [DefNew
Desired survivor size 2654208 bytes, new threshold 15 (max 15)
- age   1:      11112 bytes,      11112 total
- age   3:        184 bytes,      11296 total
- age   4:       4096 bytes,      15392 total
- age   5:        776 bytes,      16168 total
- age   6:        424 bytes,      16592 total
- age   8:        608 bytes,      17200 total
- age  14:        584 bytes,      17784 total
: 41566K->17K(46720K), 0.0024360 secs] 136111K->94563K(149984K), 0.0024834 secs] [Times: user=0.00 sys=0.00, real=0.00 secs] 
Total time for which application threads were stopped: 0.0029120 seconds
Application time: 0.0265561 seconds
2025-04-10T12:07:04.950-0500: 6791.476: [GC 6791.476: [DefNew
Desired survivor size 2654208 bytes, new threshold 15 (max 15)
- age   1:       8936 bytes,       8936 total
- age   2:      10384 bytes,      19320 total
- age   4:        184 bytes,      19504 total
- age   5:       4096 bytes,      23600 total
- age   6:        776 bytes,      24376 total
- age   7:        424 bytes,      24800 total
- age   9:        608 bytes,      25408 total
- age  15:        584 bytes,      25992 total
: 41553K->25K(46720K), 0.0021624 secs] 136099K->94571K(149984K), 0.0023369 secs] [Times: user=0.00 sys=0.00, real=0.00 secs] 
Total time for which application threads were stopped: 0.0024923 seconds
Application time: 0.0178105 seconds
2025-04-10T12:07:04.978-0500: 6791.503: [GC 6791.504: [DefNew
Desired survivor size 2654208 bytes, new threshold 15 (max 15)
- age   1:      39688 bytes,      39688 total
- age   3:       1448 bytes,      41136 total
- age   5:        184 bytes,      41320 total
- age   6:       1760 bytes,      43080 total
- age   7:        776 bytes,      43856 total
- age   8:        424 bytes,      44280 total
- age  10:        608 bytes,      44888 total
: 41561K->43K(46720K), 0.0023999 secs] 136107K->94590K(149984K), 0.0024473 secs] [Times: user=0.00 sys=0.00, real=0.00 secs] 
Total time for which application threads were stopped: 0.0096778 seconds
Application time: 0.0168899 seconds
2025-04-10T12:07:04.998-0500: 6791.523: [GC 6791.523: [DefNew
Desired survivor size 2654208 bytes, new threshold 15 (max 15)
- age   1:       8936 bytes,       8936 total
- age   2:      30752 bytes,      39688 total
- age   4:       1448 bytes,      41136 total
- age   6:        184 bytes,      41320 total
- age   7:       1760 bytes,      43080 total
- age   8:        776 bytes,      43856 total
- age   9:        424 bytes,      44280 total
- age  11:        608 bytes,      44888 total
: 41579K->43K(46720K), 0.0021246 secs] 136126K->94590K(149984K), 0.0021837 secs] [Times: user=0.00 sys=0.00, real=0.00 secs] 
Total time for which application threads were stopped: 0.0027025 seconds
Application time: 0.0234862 seconds
2025-04-10T12:07:05.027-0500: 6791.552: [GC 6791.552: [DefNew
Desired survivor size 2654208 bytes, new threshold 15 (max 15)
- age   1:      25776 bytes,      25776 total
- age   3:      30752 bytes,      56528 total
- age   5:       1008 bytes,      57536 total
- age   7:         96 bytes,      57632 total
- age   8:       1648 bytes,      59280 total
- age   9:        776 bytes,      60056 total
- age  10:        392 bytes,      60448 total
- age  12:        608 bytes,      61056 total
: 41579K->59K(46720K), 0.0025082 secs] 136126K->94606K(149984K), 0.0026997 secs] [Times: user=0.00 sys=0.00, real=0.00 secs] 
Total time for which application threads were stopped: 0.0052436 seconds
Application time: 0.0615506 seconds
2025-04-10T12:07:05.101-0500: 6791.623: [GC 6791.623: [DefNew
Desired survivor size 2654208 bytes, new threshold 15 (max 15)
- age   1:      10416 bytes,      10416 total
- age   2:        352 bytes,      10768 total
- age   4:       5416 bytes,      16184 total
- age   6:        976 bytes,      17160 total
- age   8:         96 bytes,      17256 total
- age   9:       1616 bytes,      18872 total
- age  10:        776 bytes,      19648 total
- age  11:        392 bytes,      20040 total
- age  13:        608 bytes,      20648 total
: 41595K->20K(46720K), 0.0024318 secs] 136142K->94566K(149984K), 0.0024813 secs] [Times: user=0.00 sys=0.00, real=0.00 secs] 
Total time for which application threads were stopped: 0.0101132 seconds
Application time: 0.0216622 seconds
2025-04-10T12:07:05.125-0500: 6791.648: [GC 6791.648: [DefNew
Desired survivor size 2654208 bytes, new threshold 15 (max 15)
- age   1:        752 bytes,        752 total
- age   2:        720 bytes,       1472 total
- age   3:        352 bytes,       1824 total
- age   5:       5416 bytes,       7240 total
- age   7:        976 bytes,       8216 total
- age   9:         96 bytes,       8312 total
- age  10:       1616 bytes,       9928 total
- age  11:        776 bytes,      10704 total
- age  12:        392 bytes,      11096 total
- age  14:        608 bytes,      11704 total
: 41556K->11K(46720K), 0.0026657 secs] 136102K->94558K(149984K), 0.0027237 secs] [Times: user=0.00 sys=0.00, real=0.00 secs] 
Total time for which application threads were stopped: 0.0029258 seconds
Application time: 0.0287691 seconds
2025-04-10T12:07:05.163-0500: 6791.684: [GC 6791.691: [DefNew
Desired survivor size 2654208 bytes, new threshold 15 (max 15)
- age   1:       8608 bytes,       8608 total
- age   3:        360 bytes,       8968 total
- age   4:        352 bytes,       9320 total
- age   6:       2472 bytes,      11792 total
- age   8:        808 bytes,      12600 total
- age  10:         32 bytes,      12632 total
- age  11:        424 bytes,      13056 total
- age  12:        744 bytes,      13800 total
- age  13:        392 bytes,      14192 total
- age  15:        352 bytes,      14544 total
: 41547K->14K(46720K), 0.0022109 secs] 136094K->94560K(149984K), 0.0022651 secs] [Times: user=0.00 sys=0.00, real=0.01 secs] 
Total time for which application threads were stopped: 0.0135607 seconds
Application time: 5.6283706 seconds
2025-04-10T12:07:10.938-0500: 6797.322: [GC 6797.322: [DefNew
Desired survivor size 2654208 bytes, new threshold 15 (max 15)
- age   1:      10960 bytes,      10960 total
- age   2:       7888 bytes,      18848 total
- age   4:        264 bytes,      19112 total
- age   5:        352 bytes,      19464 total
- age   7:       2392 bytes,      21856 total
- age   9:        424 bytes,      22280 total
- age  12:         32 bytes,      22312 total
: 41550K->21K(46720K), 0.0022583 secs] 136096K->94568K(149984K), 0.0023150 secs] [Times: user=0.00 sys=0.00, real=0.00 secs] 
Total time for which application threads were stopped: 0.0032171 seconds
Application time: 0.0340414 seconds
2025-04-10T12:07:10.976-0500: 6797.359: [GC 6797.359: [DefNew
Desired survivor size 2654208 bytes, new threshold 15 (max 15)
- age   1:         16 bytes,         16 total
- age   2:       9944 bytes,       9960 total
- age   3:       7888 bytes,      17848 total
- age   5:        264 bytes,      18112 total
- age   6:        352 bytes,      18464 total
- age   8:       2192 bytes,      20656 total
- age  10:        224 bytes,      20880 total
- age  13:         32 bytes,      20912 total
: 41557K->20K(46720K), 0.0021911 secs] 136104K->94567K(149984K), 0.0022410 secs] [Times: user=0.00 sys=0.00, real=0.00 secs] 
Total time for which application threads were stopped: 0.0023928 seconds
Application time: 0.0316426 seconds
2025-04-10T12:07:11.011-0500: 6797.393: [GC 6797.393: [DefNew
Desired survivor size 2654208 bytes, new threshold 15 (max 15)
- age   1:       9080 bytes,       9080 total
- age   3:       9944 bytes,      19024 total
- age   4:       7776 bytes,      26800 total
- age   6:        264 bytes,      27064 total
- age   7:        352 bytes,      27416 total
- age   9:       2192 bytes,      29608 total
- age  11:        224 bytes,      29832 total
- age  14:         32 bytes,      29864 total
: 41556K->29K(46720K), 0.0020425 secs] 136103K->94576K(149984K), 0.0020902 secs] [Times: user=0.00 sys=0.00, real=0.00 secs] 
Total time for which application threads were stopped: 0.0027152 seconds
Application time: 0.0152906 seconds
2025-04-10T12:07:11.029-0500: 6797.411: [GC 6797.411: [DefNew
Desired survivor size 2654208 bytes, new threshold 15 (max 15)
- age   1:      28608 bytes,      28608 total
- age   2:       9080 bytes,      37688 total
- age   4:       9944 bytes,      47632 total
- age   5:       4632 bytes,      52264 total
- age   7:        144 bytes,      52408 total
- age   8:        320 bytes,      52728 total
- age  10:       2192 bytes,      54920 total
- age  12:        192 bytes,      55112 total
- age  15:         32 bytes,      55144 total
: 41565K->53K(46720K), 0.0020789 secs] 136112K->94600K(149984K), 0.0023167 secs] [Times: user=0.00 sys=0.00, real=0.00 secs] 
Total time for which application threads were stopped: 0.0024618 seconds
Application time: 0.0144295 seconds
2025-04-10T12:07:11.047-0500: 6797.428: [GC 6797.428: [DefNew
Desired survivor size 2654208 bytes, new threshold 15 (max 15)
- age   1:       8936 bytes,       8936 total
- age   2:      12208 bytes,      21144 total
- age   3:        144 bytes,      21288 total
- age   5:       9944 bytes,      31232 total
- age   6:       4480 bytes,      35712 total
- age   8:        144 bytes,      35856 total
- age   9:        320 bytes,      36176 total
- age  11:       2192 bytes,      38368 total
- age  13:        192 bytes,      38560 total
: 41589K->37K(46720K), 0.0020651 secs] 136136K->94584K(149984K), 0.0022159 secs] [Times: user=0.00 sys=0.00, real=0.00 secs] 
Total time for which application threads were stopped: 0.0023631 seconds
Application time: 0.0160912 seconds
2025-04-10T12:07:11.065-0500: 6797.446: [GC 6797.446: [DefNew
Desired survivor size 2654208 bytes, new threshold 15 (max 15)
- age   1:       8936 bytes,       8936 total
- age   3:      12208 bytes,      21144 total
- age   4:        144 bytes,      21288 total
- age   6:       9944 bytes,      31232 total
- age   7:       4480 bytes,      35712 total
- age   9:        144 bytes,      35856 total
- age  10:        320 bytes,      36176 total
- age  12:       2192 bytes,      38368 total
- age  14:        192 bytes,      38560 total
: 41573K->37K(46720K), 0.0020924 secs] 136120K->94584K(149984K), 0.0021415 secs] [Times: user=0.00 sys=0.00, real=0.00 secs] 
Total time for which application threads were stopped: 0.0022824 seconds
Application time: 0.0146904 seconds
2025-04-10T12:07:11.083-0500: 6797.463: [GC 6797.463: [DefNew
Desired survivor size 2654208 bytes, new threshold 15 (max 15)
- age   1:       9216 bytes,       9216 total
- age   4:      12208 bytes,      21424 total
- age   5:        144 bytes,      21568 total
- age   7:       9864 bytes,      31432 total
- age   8:       4480 bytes,      35912 total
- age  10:        144 bytes,      36056 total
- age  11:        320 bytes,      36376 total
- age  13:       2192 bytes,      38568 total
- age  15:        192 bytes,      38760 total
: 41573K->37K(46720K), 0.0021331 secs] 136120K->94584K(149984K), 0.0022109 secs] [Times: user=0.00 sys=0.00, real=0.00 secs] 
Total time for which application threads were stopped: 0.0023705 seconds
Application time: 0.0147339 seconds
2025-04-10T12:07:11.100-0500: 6797.480: [GC 6797.480: [DefNew
Desired survivor size 2654208 bytes, new threshold 15 (max 15)
- age   1:       8936 bytes,       8936 total
- age   2:        280 bytes,       9216 total
- age   5:      12208 bytes,      21424 total
- age   6:        144 bytes,      21568 total
- age   8:       9664 bytes,      31232 total
- age   9:       4480 bytes,      35712 total
- age  11:        144 bytes,      35856 total
- age  12:        320 bytes,      36176 total
- age  14:       2192 bytes,      38368 total
: 41573K->37K(46720K), 0.0020375 secs] 136120K->94584K(149984K), 0.0020860 secs] [Times: user=0.00 sys=0.00, real=0.00 secs] 
Total time for which application threads were stopped: 0.0022307 seconds
Application time: 0.0148482 seconds
2025-04-10T12:07:11.117-0500: 6797.497: [GC 6797.497: [DefNew
Desired survivor size 2654208 bytes, new threshold 15 (max 15)
- age   1:        728 bytes,        728 total
- age   3:        280 bytes,       1008 total
- age   6:      12208 bytes,      13216 total
- age   7:        144 bytes,      13360 total
- age   9:       9664 bytes,      23024 total
- age  10:       4480 bytes,      27504 total
- age  12:        144 bytes,      27648 total
- age  13:        320 bytes,      27968 total
- age  15:       2192 bytes,      30160 total
: 41573K->29K(46720K), 0.0021069 secs] 136120K->94576K(149984K), 0.0021557 secs] [Times: user=0.02 sys=0.00, real=0.00 secs] 
Total time for which application threads were stopped: 0.0022959 seconds
Application time: 0.0146001 seconds
2025-04-10T12:07:11.135-0500: 6797.514: [GC 6797.514: [DefNew
Desired survivor size 2654208 bytes, new threshold 15 (max 15)
- age   1:       8936 bytes,       8936 total
- age   4:        280 bytes,       9216 total
- age   7:      12208 bytes,      21424 total
- age   8:        144 bytes,      21568 total
- age  10:       9664 bytes,      31232 total
- age  11:       4480 bytes,      35712 total
- age  13:        144 bytes,      35856 total
- age  14:        320 bytes,      36176 total
: 41565K->35K(46720K), 0.0021861 secs] 136112K->94584K(149984K), 0.0022350 secs] [Times: user=0.02 sys=0.00, real=0.00 secs] 
Total time for which application threads were stopped: 0.0023811 seconds
Application time: 0.0373973 seconds
2025-04-10T12:07:11.195-0500: 6797.572: [GC 6797.572: [DefNew
Desired survivor size 2654208 bytes, new threshold 15 (max 15)
- age   1:      25504 bytes,      25504 total
- age   5:        280 bytes,      25784 total
- age   8:      12208 bytes,      37992 total
- age  11:       9632 bytes,      47624 total
- age  12:       4480 bytes,      52104 total
- age  14:        144 bytes,      52248 total
- age  15:        320 bytes,      52568 total
: 41571K->51K(46720K), 0.0019080 secs] 136120K->94600K(149984K), 0.0019515 secs] [Times: user=0.00 sys=0.00, real=0.00 secs] 
Total time for which application threads were stopped: 0.0205261 seconds
Application time: 0.0315389 seconds
2025-04-10T12:07:11.229-0500: 6797.606: [GC 6797.606: [DefNew
Desired survivor size 2654208 bytes, new threshold 15 (max 15)
- age   1:         88 bytes,         88 total
- age   2:      25416 bytes,      25504 total
- age   6:        280 bytes,      25784 total
- age   9:      12208 bytes,      37992 total
- age  12:       9632 bytes,      47624 total
- age  13:       4480 bytes,      52104 total
- age  15:        144 bytes,      52248 total
: 41587K->51K(46720K), 0.0018786 secs] 136136K->94600K(149984K), 0.0019317 secs] [Times: user=0.02 sys=0.00, real=0.00 secs] 
Total time for which application threads were stopped: 0.0020796 seconds
Application time: 0.0304931 seconds
2025-04-10T12:07:11.263-0500: 6797.639: [GC 6797.639: [DefNew
Desired survivor size 2654208 bytes, new threshold 15 (max 15)
- age   1:        184 bytes,        184 total
- age   3:      25416 bytes,      25600 total
- age   7:        280 bytes,      25880 total
- age  10:      12208 bytes,      38088 total
- age  13:       9600 bytes,      47688 total
- age  14:       4480 bytes,      52168 total
: 41587K->50K(46720K), 0.0019887 secs] 136136K->94600K(149984K), 0.0020357 secs] [Times: user=0.00 sys=0.00, real=0.00 secs] 
Total time for which application threads were stopped: 0.0021801 seconds
Application time: 0.0205742 seconds
2025-04-10T12:07:11.290-0500: 6797.665: [GC 6797.665: [DefNew
Desired survivor size 2654208 bytes, new threshold 15 (max 15)
- age   1:       8584 bytes,       8584 total
- age   2:         24 bytes,       8608 total
- age   4:      25416 bytes,      34024 total
- age   8:        280 bytes,      34304 total
- age  11:       1552 bytes,      35856 total
- age  14:       9600 bytes,      45456 total
- age  15:        320 bytes,      45776 total
: 41586K->44K(46720K), 0.0023281 secs] 136136K->94594K(149984K), 0.0024243 secs] [Times: user=0.00 sys=0.00, real=0.00 secs] 
Total time for which application threads were stopped: 0.0061942 seconds
Application time: 0.0130153 seconds
2025-04-10T12:07:11.306-0500: 6797.681: [GC 6797.681: [DefNew
Desired survivor size 2654208 bytes, new threshold 15 (max 15)
- age   1:       8936 bytes,       8936 total
- age   2:       7704 bytes,      16640 total
- age   3:         24 bytes,      16664 total
- age   5:      25416 bytes,      42080 total
- age   9:        280 bytes,      42360 total
- age  12:       1400 bytes,      43760 total
- age  15:       9600 bytes,      53360 total
: 41580K->52K(46720K), 0.0019752 secs] 136130K->94602K(149984K), 0.0020216 secs] [Times: user=0.00 sys=0.00, real=0.00 secs] 
Total time for which application threads were stopped: 0.0021635 seconds
Application time: 0.0132942 seconds
2025-04-10T12:07:11.321-0500: 6797.696: [GC 6797.696: [DefNew
Desired survivor size 2654208 bytes, new threshold 15 (max 15)
- age   1:       8936 bytes,       8936 total
- age   3:       7704 bytes,      16640 total
- age   4:         24 bytes,      16664 total
- age   6:      25416 bytes,      42080 total
- age  10:        280 bytes,      42360 total
- age  13:       1400 bytes,      43760 total
: 41588K->42K(46720K), 0.0019745 secs] 136138K->94602K(149984K), 0.0020223 secs] [Times: user=0.00 sys=0.00, real=0.00 secs] 
Total time for which application threads were stopped: 0.0021635 seconds
Application time: 0.0132103 seconds
2025-04-10T12:07:11.338-0500: 6797.711: [GC 6797.711: [DefNew
Desired survivor size 2654208 bytes, new threshold 15 (max 15)
- age   1:        728 bytes,        728 total
- age   4:       7704 bytes,       8432 total
- age   5:         24 bytes,       8456 total
- age   7:      25416 bytes,      33872 total
- age  11:        280 bytes,      34152 total
- age  14:       1400 bytes,      35552 total
: 41578K->34K(46720K), 0.0018743 secs] 136138K->94594K(149984K), 0.0019211 secs] [Times: user=0.00 sys=0.00, real=0.00 secs] 
Total time for which application threads were stopped: 0.0020637 seconds
Application time: 0.0133228 seconds
2025-04-10T12:07:11.353-0500: 6797.727: [GC 6797.727: [DefNew
Desired survivor size 2654208 bytes, new threshold 15 (max 15)
- age   1:       8936 bytes,       8936 total
- age   5:       7704 bytes,      16640 total
- age   6:         24 bytes,      16664 total
- age   8:      25416 bytes,      42080 total
- age  12:        280 bytes,      42360 total
- age  15:       1400 bytes,      43760 total
: 41570K->42K(46720K), 0.0017703 secs] 136130K->94602K(149984K), 0.0018227 secs] [Times: user=0.00 sys=0.00, real=0.00 secs] 
Total time for which application threads were stopped: 0.0019826 seconds
Application time: 0.0132704 seconds
2025-04-10T12:07:11.369-0500: 6797.742: [GC 6797.742: [DefNew
Desired survivor size 2654208 bytes, new threshold 15 (max 15)
- age   1:       8936 bytes,       8936 total
- age   6:       7704 bytes,      16640 total
- age   7:         24 bytes,      16664 total
- age   9:      25416 bytes,      42080 total
- age  13:        280 bytes,      42360 total
: 41578K->41K(46720K), 0.0018712 secs] 136138K->94602K(149984K), 0.0019157 secs] [Times: user=0.00 sys=0.00, real=0.00 secs] 
Total time for which application threads were stopped: 0.0020580 seconds
Application time: 0.0417642 seconds
2025-04-10T12:07:11.416-0500: 6797.788: [GC 6797.788: [DefNew
Desired survivor size 2654208 bytes, new threshold 15 (max 15)
- age   1:      28216 bytes,      28216 total
- age   7:       4736 bytes,      32952 total
- age  10:      25416 bytes,      58368 total
- age  14:        280 bytes,      58648 total
: 41577K->57K(46720K), 0.0019267 secs] 136138K->94618K(149984K), 0.0019717 secs] [Times: user=0.00 sys=0.00, real=0.00 secs] 
Total time for which application threads were stopped: 0.0043829 seconds
Application time: 0.0305462 seconds
2025-04-10T12:07:11.450-0500: 6797.821: [GC 6797.821: [DefNew
Desired survivor size 2654208 bytes, new threshold 15 (max 15)
- age   1:         88 bytes,         88 total
- age   2:      27904 bytes,      27992 total
- age   8:       4584 bytes,      32576 total
- age  11:      25416 bytes,      57992 total
- age  15:        280 bytes,      58272 total
: 41593K->56K(46720K), 0.0018630 secs] 136154K->94617K(149984K), 0.0019111 secs] [Times: user=0.00 sys=0.00, real=0.00 secs] 
Total time for which application threads were stopped: 0.0022375 seconds
Application time: 0.0304007 seconds
2025-04-10T12:07:11.483-0500: 6797.854: [GC 6797.854: [DefNew
Desired survivor size 2654208 bytes, new threshold 15 (max 15)
- age   1:         88 bytes,         88 total
- age   3:      27904 bytes,      27992 total
- age   9:       4584 bytes,      32576 total
- age  12:      25416 bytes,      57992 total
: 41592K->56K(46720K), 0.0018719 secs] 136153K->94617K(149984K), 0.0019175 secs] [Times: user=0.00 sys=0.00, real=0.00 secs] 
Total time for which application threads were stopped: 0.0020672 seconds
Application time: 0.0238961 seconds
2025-04-10T12:07:11.512-0500: 6797.881: [GC 6797.881: [DefNew
Desired survivor size 2654208 bytes, new threshold 15 (max 15)
- age   1:       9088 bytes,       9088 total
- age   4:      27904 bytes,      36992 total
- age  10:       4584 bytes,      41576 total
- age  13:         80 bytes,      41656 total
: 41592K->40K(46720K), 0.0017770 secs] 136153K->94601K(149984K), 0.0018202 secs] [Times: user=0.00 sys=0.00, real=0.00 secs] 
Total time for which application threads were stopped: 0.0038892 seconds
Application time: 0.0136863 seconds
2025-04-10T12:07:11.527-0500: 6797.897: [GC 6797.897: [DefNew
Desired survivor size 2654208 bytes, new threshold 15 (max 15)
- age   1:       2120 bytes,       2120 total
- age   2:        152 bytes,       2272 total
- age   5:      27904 bytes,      30176 total
- age  11:       4584 bytes,      34760 total
- age  14:         80 bytes,      34840 total
: 41576K->34K(46720K), 0.0018878 secs] 136137K->94595K(149984K), 0.0019349 secs] [Times: user=0.00 sys=0.00, real=0.00 secs] 
Total time for which application threads were stopped: 0.0020927 seconds
Application time: 0.0134637 seconds
2025-04-10T12:07:11.544-0500: 6797.913: [GC 6797.913: [DefNew
Desired survivor size 2654208 bytes, new threshold 15 (max 15)
- age   1:       8936 bytes,       8936 total
- age   2:       1392 bytes,      10328 total
- age   3:        152 bytes,      10480 total
- age   6:      27904 bytes,      38384 total
- age  12:       4584 bytes,      42968 total
- age  15:         80 bytes,      43048 total
: 41570K->42K(46720K), 0.0017611 secs] 136131K->94603K(149984K), 0.0018113 secs] [Times: user=0.00 sys=0.00, real=0.00 secs] 
Total time for which application threads were stopped: 0.0019554 seconds
Application time: 0.0133812 seconds
2025-04-10T12:07:11.559-0500: 6797.928: [GC 6797.928: [DefNew
Desired survivor size 2654208 bytes, new threshold 15 (max 15)
- age   1:       8936 bytes,       8936 total
- age   3:       1392 bytes,      10328 total
- age   4:        152 bytes,      10480 total
- age   7:      27904 bytes,      38384 total
- age  13:       4584 bytes,      42968 total
: 41578K->41K(46720K), 0.0017986 secs] 136139K->94603K(149984K), 0.0018446 secs] [Times: user=0.00 sys=0.00, real=0.00 secs] 
Total time for which application threads were stopped: 0.0019908 seconds
Application time: 0.0132981 seconds
2025-04-10T12:07:11.575-0500: 6797.943: [GC 6797.943: [DefNew
Desired survivor size 2654208 bytes, new threshold 15 (max 15)
- age   1:       8936 bytes,       8936 total
- age   4:       1392 bytes,      10328 total
- age   5:        152 bytes,      10480 total
- age   8:      27904 bytes,      38384 total
- age  14:       4584 bytes,      42968 total
: 41577K->41K(46720K), 0.0019614 secs] 136139K->94603K(149984K), 0.0020095 secs] [Times: user=0.00 sys=0.00, real=0.00 secs] 
Total time for which application threads were stopped: 0.0021525 seconds
Application time: 0.0131781 seconds
2025-04-10T12:07:11.591-0500: 6797.959: [GC 6797.959: [DefNew
Desired survivor size 2654208 bytes, new threshold 15 (max 15)
- age   1:       8936 bytes,       8936 total
- age   5:       1392 bytes,      10328 total
- age   6:        152 bytes,      10480 total
- age   9:      27904 bytes,      38384 total
- age  15:       4584 bytes,      42968 total
: 41577K->41K(46720K), 0.0018736 secs] 136139K->94603K(149984K), 0.0019193 secs] [Times: user=0.00 sys=0.00, real=0.00 secs] 
Total time for which application threads were stopped: 0.0020580 seconds
Application time: 0.0133869 seconds
2025-04-10T12:07:11.606-0500: 6797.974: [GC 6797.974: [DefNew
Desired survivor size 2654208 bytes, new threshold 15 (max 15)
- age   1:       8936 bytes,       8936 total
- age   6:       1392 bytes,      10328 total
- age   7:        152 bytes,      10480 total
- age  10:      27904 bytes,      38384 total
: 41577K->37K(46720K), 0.0018496 secs] 136139K->94603K(149984K), 0.0018952 secs] [Times: user=0.00 sys=0.00, real=0.00 secs] 
Total time for which application threads were stopped: 0.0020393 seconds
Application time: 0.0174173 seconds
2025-04-10T12:07:11.627-0500: 6797.994: [GC 6797.994: [DefNew
Desired survivor size 2654208 bytes, new threshold 15 (max 15)
- age   1:        184 bytes,        184 total
- age   7:       1392 bytes,       1576 total
- age  11:      27904 bytes,      29480 total
: 41573K->28K(46720K), 0.0018899 secs] 136139K->94594K(149984K), 0.0019352 secs] [Times: user=0.00 sys=0.00, real=0.00 secs] 
Total time for which application threads were stopped: 0.0020835 seconds
Application time: 0.0305072 seconds
2025-04-10T12:07:11.660-0500: 6798.026: [GC 6798.026: [DefNew
Desired survivor size 2654208 bytes, new threshold 15 (max 15)
- age   1:        168 bytes,        168 total
- age   2:         16 bytes,        184 total
- age   8:       1392 bytes,       1576 total
- age  12:      27904 bytes,      29480 total
: 41564K->28K(46720K), 0.0018513 secs] 136130K->94594K(149984K), 0.0018973 secs] [Times: user=0.00 sys=0.00, real=0.00 secs] 
Total time for which application threads were stopped: 0.0020449 seconds
Application time: 0.0304796 seconds
2025-04-10T12:07:11.694-0500: 6798.059: [GC 6798.059: [DefNew
Desired survivor size 2654208 bytes, new threshold 15 (max 15)
- age   1:        176 bytes,        176 total
- age   3:         16 bytes,        192 total
- age   9:       1392 bytes,       1584 total
- age  13:      27904 bytes,      29488 total
: 41564K->28K(46720K), 0.0018673 secs] 136130K->94594K(149984K), 0.0019211 secs] [Times: user=0.02 sys=0.00, real=0.00 secs] 
Total time for which application threads were stopped: 0.0020743 seconds
Application time: 0.0287447 seconds
2025-04-10T12:07:11.729-0500: 6798.094: [GC 6798.094: [DefNew
Desired survivor size 2654208 bytes, new threshold 15 (max 15)
- age   1:       2680 bytes,       2680 total
- age   4:         16 bytes,       2696 total
- age  10:       1104 bytes,       3800 total
- age  14:       2512 bytes,       6312 total
: 41564K->6K(46720K), 0.0018078 secs] 136130K->94571K(149984K), 0.0018499 secs] [Times: user=0.00 sys=0.00, real=0.00 secs] 
Total time for which application threads were stopped: 0.0060137 seconds
Application time: 0.0132205 seconds
2025-04-10T12:07:11.745-0500: 6798.109: [GC 6798.109: [DefNew
Desired survivor size 2654208 bytes, new threshold 15 (max 15)
- age   1:        152 bytes,        152 total
- age   2:       1952 bytes,       2104 total
- age   5:         16 bytes,       2120 total
- age  11:       1104 bytes,       3224 total
- age  15:       2512 bytes,       5736 total
: 41542K->5K(46720K), 0.0017335 secs] 136107K->94571K(149984K), 0.0018195 secs] [Times: user=0.00 sys=0.00, real=0.00 secs] 
Total time for which application threads were stopped: 0.0019646 seconds
Application time: 0.0134885 seconds
2025-04-10T12:07:11.760-0500: 6798.124: [GC 6798.124: [DefNew
Desired survivor size 2654208 bytes, new threshold 15 (max 15)
- age   1:        728 bytes,        728 total
- age   3:       1952 bytes,       2680 total
- age   6:         16 bytes,       2696 total
- age  12:       1104 bytes,       3800 total
: 41541K->3K(46720K), 0.0018450 secs] 136107K->94571K(149984K), 0.0018896 secs] [Times: user=0.00 sys=0.00, real=0.00 secs] 
Total time for which application threads were stopped: 0.0020354 seconds
Application time: 0.0134240 seconds
2025-04-10T12:07:11.777-0500: 6798.140: [GC 6798.140: [DefNew
Desired survivor size 2654208 bytes, new threshold 15 (max 15)
- age   1:        728 bytes,        728 total
- age   4:       1952 bytes,       2680 total
- age   7:         16 bytes,       2696 total
- age  13:       1104 bytes,       3800 total
: 41539K->3K(46720K), 0.0017183 secs] 136107K->94571K(149984K), 0.0017632 secs] [Times: user=0.00 sys=0.00, real=0.00 secs] 
Total time for which application threads were stopped: 0.0019055 seconds
Application time: 0.0131990 seconds
2025-04-10T12:07:11.792-0500: 6798.155: [GC 6798.155: [DefNew
Desired survivor size 2654208 bytes, new threshold 15 (max 15)
- age   1:        728 bytes,        728 total
- age   5:       1952 bytes,       2680 total
- age   8:         16 bytes,       2696 total
- age  14:       1104 bytes,       3800 total
: 41539K->3K(46720K), 0.0017940 secs] 136107K->94571K(149984K), 0.0018400 secs] [Times: user=0.00 sys=0.00, real=0.00 secs] 
Total time for which application threads were stopped: 0.0019989 seconds
Application time: 0.0133653 seconds
2025-04-10T12:07:11.807-0500: 6798.170: [GC 6798.170: [DefNew
Desired survivor size 2654208 bytes, new threshold 15 (max 15)
- age   1:       8936 bytes,       8936 total
- age   6:       1952 bytes,      10888 total
- age   9:         16 bytes,      10904 total
- age  15:       1104 bytes,      12008 total
: 41539K->11K(46720K), 0.0018032 secs] 136107K->94579K(149984K), 0.0018489 secs] [Times: user=0.00 sys=0.00, real=0.00 secs] 
Total time for which application threads were stopped: 0.0019901 seconds
Application time: 0.0131791 seconds
2025-04-10T12:07:11.824-0500: 6798.185: [GC 6798.185: [DefNew
Desired survivor size 2654208 bytes, new threshold 15 (max 15)
- age   1:        728 bytes,        728 total
- age   7:       1952 bytes,       2680 total
- age  10:         16 bytes,       2696 total
: 41547K->2K(46720K), 0.0018043 secs] 136115K->94571K(149984K), 0.0018489 secs] [Times: user=0.00 sys=0.00, real=0.00 secs] 
Total time for which application threads were stopped: 0.0019901 seconds
Application time: 0.1111042 seconds
2025-04-10T12:07:11.942-0500: 6798.300: [GC 6798.300: [DefNew
Desired survivor size 2654208 bytes, new threshold 15 (max 15)
- age   1:      28416 bytes,      28416 total
- age   8:       1616 bytes,      30032 total
- age  11:         16 bytes,      30048 total
: 41538K->29K(46720K), 0.0017965 secs] 136107K->94598K(149984K), 0.0018400 secs] [Times: user=0.00 sys=0.00, real=0.00 secs] 
Total time for which application threads were stopped: 0.0039462 seconds
Application time: 0.0303858 seconds
2025-04-10T12:07:11.974-0500: 6798.333: [GC 6798.333: [DefNew
Desired survivor size 2654208 bytes, new threshold 15 (max 15)
- age   1:         88 bytes,         88 total
- age   2:      28272 bytes,      28360 total
- age   9:       1616 bytes,      29976 total
- age  12:         16 bytes,      29992 total
: 41565K->29K(46720K), 0.0018584 secs] 136134K->94598K(149984K), 0.0019062 secs] [Times: user=0.00 sys=0.00, real=0.00 secs] 
Total time for which application threads were stopped: 0.0022534 seconds
Application time: 0.0309822 seconds
2025-04-10T12:07:12.008-0500: 6798.366: [GC 6798.366: [DefNew
Desired survivor size 2654208 bytes, new threshold 15 (max 15)
- age   1:         96 bytes,         96 total
- age   3:      28272 bytes,      28368 total
- age  10:       1616 bytes,      29984 total
- age  13:         16 bytes,      30000 total
: 41565K->29K(46720K), 0.0019342 secs] 136134K->94598K(149984K), 0.0019802 secs] [Times: user=0.00 sys=0.00, real=0.00 secs] 
Total time for which application threads were stopped: 0.0021281 seconds
Application time: 0.0309008 seconds
2025-04-10T12:07:12.042-0500: 6798.399: [GC 6798.399: [DefNew
Desired survivor size 2654208 bytes, new threshold 15 (max 15)
- age   1:         80 bytes,         80 total
- age   4:      28272 bytes,      28352 total
- age  11:       1616 bytes,      29968 total
- age  14:         16 bytes,      29984 total
: 41565K->29K(46720K), 0.0017696 secs] 136134K->94598K(149984K), 0.0018159 secs] [Times: user=0.00 sys=0.00, real=0.00 secs] 
Total time for which application threads were stopped: 0.0019618 seconds
Application time: 0.0144108 seconds
2025-04-10T12:07:12.059-0500: 6798.416: [GC 6798.416: [DefNew
Desired survivor size 2654208 bytes, new threshold 15 (max 15)
- age   1:       9104 bytes,       9104 total
- age   5:      28272 bytes,      37376 total
- age  12:       1616 bytes,      38992 total
: 41565K->38K(46720K), 0.0018308 secs] 136134K->94607K(149984K), 0.0018722 secs] [Times: user=0.00 sys=0.00, real=0.00 secs] 
Total time for which application threads were stopped: 0.0026353 seconds
Application time: 0.0134127 seconds
2025-04-10T12:07:12.076-0500: 6798.432: [GC 6798.432: [DefNew
Desired survivor size 2654208 bytes, new threshold 15 (max 15)
- age   1:       8992 bytes,       8992 total
- age   2:        168 bytes,       9160 total
- age   6:      28272 bytes,      37432 total
- age  13:       1592 bytes,      39024 total
: 41574K->38K(46720K), 0.0019621 secs] 136143K->94607K(149984K), 0.0020067 secs] [Times: user=0.00 sys=0.00, real=0.00 secs] 
Total time for which application threads were stopped: 0.0021617 seconds
Application time: 0.0133674 seconds
2025-04-10T12:07:12.091-0500: 6798.447: [GC 6798.447: [DefNew
Desired survivor size 2654208 bytes, new threshold 15 (max 15)
- age   1:        752 bytes,        752 total
- age   2:         56 bytes,        808 total
- age   3:        168 bytes,        976 total
- age   7:      28272 bytes,      29248 total
- age  14:       1592 bytes,      30840 total
: 41574K->30K(46720K), 0.0018485 secs] 136143K->94599K(149984K), 0.0018952 secs] [Times: user=0.00 sys=0.00, real=0.00 secs] 
Total time for which application threads were stopped: 0.0020393 seconds
Application time: 0.0134088 seconds
2025-04-10T12:07:12.108-0500: 6798.463: [GC 6798.463: [DefNew
Desired survivor size 2654208 bytes, new threshold 15 (max 15)
- age   1:       9216 bytes,       9216 total
- age   2:         24 bytes,       9240 total
- age   3:         56 bytes,       9296 total
- age   4:        168 bytes,       9464 total
- age   8:      28272 bytes,      37736 total
- age  15:       1592 bytes,      39328 total
: 41566K->38K(46720K), 0.0017586 secs] 136135K->94607K(149984K), 0.0018096 secs] [Times: user=0.00 sys=0.00, real=0.00 secs] 
Total time for which application threads were stopped: 0.0019572 seconds
Application time: 0.0132828 seconds
2025-04-10T12:07:12.123-0500: 6798.478: [GC 6798.478: [DefNew
Desired survivor size 2654208 bytes, new threshold 15 (max 15)
- age   1:       8936 bytes,       8936 total
- age   2:        280 bytes,       9216 total
- age   3:         24 bytes,       9240 total
- age   4:         56 bytes,       9296 total
- age   5:        168 bytes,       9464 total
- age   9:      28272 bytes,      37736 total
: 41574K->36K(46720K), 0.0017519 secs] 136143K->94607K(149984K), 0.0017965 secs] [Times: user=0.00 sys=0.00, real=0.00 secs] 
Total time for which application threads were stopped: 0.0019380 seconds
Application time: 0.0132230 seconds
2025-04-10T12:07:12.138-0500: 6798.493: [GC 6798.493: [DefNew
Desired survivor size 2654208 bytes, new threshold 15 (max 15)
- age   1:       8936 bytes,       8936 total
- age   3:        280 bytes,       9216 total
- age   4:         24 bytes,       9240 total
- age   5:         56 bytes,       9296 total
- age   6:        168 bytes,       9464 total
- age  10:      28272 bytes,      37736 total
: 41572K->36K(46720K), 0.0017002 secs] 136143K->94607K(149984K), 0.0017452 secs] [Times: user=0.00 sys=0.00, real=0.00 secs] 
Total time for which application threads were stopped: 0.0019030 seconds
Application time: 0.0133444 seconds
2025-04-10T12:07:12.154-0500: 6798.508: [GC 6798.508: [DefNew
Desired survivor size 2654208 bytes, new threshold 15 (max 15)
- age   1:        728 bytes,        728 total
- age   4:        280 bytes,       1008 total
- age   5:         24 bytes,       1032 total
- age   6:         56 bytes,       1088 total
- age   7:        168 bytes,       1256 total
- age  11:      28272 bytes,      29528 total
: 41572K->28K(46720K), 0.0017225 secs] 136143K->94599K(149984K), 0.0017675 secs] [Times: user=0.00 sys=0.00, real=0.00 secs] 
Total time for which application threads were stopped: 0.0019111 seconds
Application time: 0.0255545 seconds
2025-04-10T12:07:12.182-0500: 6798.536: [GC 6798.536: [DefNew
Desired survivor size 2654208 bytes, new threshold 15 (max 15)
- age   1:      25432 bytes,      25432 total
- age   5:        280 bytes,      25712 total
- age   6:         24 bytes,      25736 total
- age   7:         56 bytes,      25792 total
- age  12:      28272 bytes,      54064 total
: 41564K->52K(46720K), 0.0018283 secs] 136135K->94623K(149984K), 0.0018973 secs] [Times: user=0.00 sys=0.00, real=0.00 secs] 
Total time for which application threads were stopped: 0.0021876 seconds
Application time: 0.1086565 seconds
2025-04-10T12:07:12.297-0500: 6798.648: [GC 6798.648: [DefNew
Desired survivor size 2654208 bytes, new threshold 15 (max 15)
- age   1:       1752 bytes,       1752 total
- age   2:      25352 bytes,      27104 total
- age   6:        280 bytes,      27384 total
- age   7:         24 bytes,      27408 total
- age   8:         56 bytes,      27464 total
- age  13:       2824 bytes,      30288 total
: 41588K->29K(46720K), 0.0018775 secs] 136159K->94600K(149984K), 0.0019207 secs] [Times: user=0.00 sys=0.00, real=0.00 secs] 
Total time for which application threads were stopped: 0.0035353 seconds
Application time: 0.0306392 seconds
2025-04-10T12:07:12.331-0500: 6798.681: [GC 6798.681: [DefNew
Desired survivor size 2654208 bytes, new threshold 15 (max 15)
- age   1:         80 bytes,         80 total
- age   2:       1600 bytes,       1680 total
- age   3:      25336 bytes,      27016 total
- age   7:        280 bytes,      27296 total
- age   8:         24 bytes,      27320 total
- age   9:         56 bytes,      27376 total
- age  14:       2824 bytes,      30200 total
: 41565K->29K(46720K), 0.0017898 secs] 136136K->94600K(149984K), 0.0018368 secs] [Times: user=0.00 sys=0.00, real=0.00 secs] 
Total time for which application threads were stopped: 0.0019848 seconds
Application time: 0.0304336 seconds
2025-04-10T12:07:12.364-0500: 6798.713: [GC 6798.713: [DefNew
Desired survivor size 2654208 bytes, new threshold 15 (max 15)
- age   1:        176 bytes,        176 total
- age   3:       1600 bytes,       1776 total
- age   4:      25336 bytes,      27112 total
- age   8:        280 bytes,      27392 total
- age   9:         24 bytes,      27416 total
- age  10:         56 bytes,      27472 total
- age  15:       2824 bytes,      30296 total
: 41565K->29K(46720K), 0.0018973 secs] 136136K->94600K(149984K), 0.0019465 secs] [Times: user=0.00 sys=0.00, real=0.00 secs] 
Total time for which application threads were stopped: 0.0020991 seconds
Application time: 0.0196176 seconds
2025-04-10T12:07:12.387-0500: 6798.736: [GC 6798.736: [DefNew
Desired survivor size 2654208 bytes, new threshold 15 (max 15)
- age   1:        288 bytes,        288 total
- age   4:       1600 bytes,       1888 total
- age   9:        280 bytes,       2168 total
- age  10:         24 bytes,       2192 total
- age  11:         56 bytes,       2248 total
: 41565K->2K(46720K), 0.0017894 secs] 136136K->94575K(149984K), 0.0018322 secs] [Times: user=0.00 sys=0.00, real=0.00 secs] 
Total time for which application threads were stopped: 0.0032804 seconds
Application time: 0.0136421 seconds
2025-04-10T12:07:12.404-0500: 6798.752: [GC 6798.752: [DefNew
Desired survivor size 2654208 bytes, new threshold 15 (max 15)
- age   1:       9808 bytes,       9808 total
- age   2:        136 bytes,       9944 total
- age   5:       1600 bytes,      11544 total
- age  10:        280 bytes,      11824 total
- age  12:         32 bytes,      11856 total
: 41538K->11K(46720K), 0.0020867 secs] 136111K->94585K(149984K), 0.0021338 secs] [Times: user=0.00 sys=0.00, real=0.00 secs] 
Total time for which application threads were stopped: 0.0022987 seconds
Application time: 0.0132602 seconds
2025-04-10T12:07:12.420-0500: 6798.767: [GC 6798.767: [DefNew
Desired survivor size 2654208 bytes, new threshold 15 (max 15)
- age   1:       8936 bytes,       8936 total
- age   2:        872 bytes,       9808 total
- age   3:        136 bytes,       9944 total
- age   6:       1600 bytes,      11544 total
- age  11:        280 bytes,      11824 total
- age  13:         32 bytes,      11856 total
: 41547K->11K(46720K), 0.0018322 secs] 136121K->94585K(149984K), 0.0018775 secs] [Times: user=0.00 sys=0.00, real=0.00 secs] 
Total time for which application threads were stopped: 0.0020237 seconds
Application time: 0.0134644 seconds
2025-04-10T12:07:12.436-0500: 6798.783: [GC 6798.783: [DefNew
Desired survivor size 2654208 bytes, new threshold 15 (max 15)
- age   1:         16 bytes,         16 total
- age   3:        872 bytes,        888 total
- age   4:        136 bytes,       1024 total
- age   7:       1600 bytes,       2624 total
- age  12:        280 bytes,       2904 total
- age  14:         32 bytes,       2936 total
: 41547K->2K(46720K), 0.0017126 secs] 136121K->94576K(149984K), 0.0018018 secs] [Times: user=0.00 sys=0.00, real=0.00 secs] 
Total time for which application threads were stopped: 0.0019472 seconds
Application time: 0.0133034 seconds
2025-04-10T12:07:12.451-0500: 6798.798: [GC 6798.798: [DefNew
Desired survivor size 2654208 bytes, new threshold 15 (max 15)
- age   1:        728 bytes,        728 total
- age   4:        872 bytes,       1600 total
- age   5:        136 bytes,       1736 total
- age   8:       1600 bytes,       3336 total
- age  13:        280 bytes,       3616 total
- age  15:         32 bytes,       3648 total
: 41538K->3K(46720K), 0.0017154 secs] 136112K->94576K(149984K), 0.0017760 secs] [Times: user=0.00 sys=0.00, real=0.00 secs] 
Total time for which application threads were stopped: 0.0019228 seconds
Application time: 0.0132478 seconds
2025-04-10T12:07:12.466-0500: 6798.813: [GC 6798.813: [DefNew
Desired survivor size 2654208 bytes, new threshold 15 (max 15)
- age   1:       8936 bytes,       8936 total
- age   5:        872 bytes,       9808 total
- age   6:        136 bytes,       9944 total
- age   9:       1600 bytes,      11544 total
- age  14:        280 bytes,      11824 total
: 41539K->11K(46720K), 0.0018202 secs] 136112K->94585K(149984K), 0.0018740 secs] [Times: user=0.00 sys=0.00, real=0.00 secs] 
Total time for which application threads were stopped: 0.0020170 seconds
Application time: 0.0132531 seconds
2025-04-10T12:07:12.483-0500: 6798.829: [GC 6798.829: [DefNew
Desired survivor size 2654208 bytes, new threshold 15 (max 15)
- age   1:       8936 bytes,       8936 total
- age   6:        872 bytes,       9808 total
- age   7:        136 bytes,       9944 total
- age  10:       1600 bytes,      11544 total
- age  15:        280 bytes,      11824 total
: 41541K->11K(46720K), 0.0017264 secs] 136114K->94585K(149984K), 0.0017742 secs] [Times: user=0.00 sys=0.00, real=0.00 secs] 
Total time for which application threads were stopped: 0.0021047 seconds
Application time: 0.0211890 seconds
2025-04-10T12:07:12.512-0500: 6798.857: [GC 6798.857: [DefNew
Desired survivor size 2654208 bytes, new threshold 15 (max 15)
- age   1:      25376 bytes,      25376 total
- age   7:        872 bytes,      26248 total
- age   8:         32 bytes,      26280 total
- age  11:       1600 bytes,      27880 total
: 41547K->27K(46720K), 0.0017600 secs] 136121K->94600K(149984K), 0.0018039 secs] [Times: user=0.00 sys=0.00, real=0.00 secs] 
Total time for which application threads were stopped: 0.0070486 seconds
Application time: 0.1250935 seconds
2025-04-10T12:07:12.650-0500: 6798.992: [GC 6798.992: [DefNew
Desired survivor size 2654208 bytes, new threshold 15 (max 15)
- age   1:        216 bytes,        216 total
- age   2:      25360 bytes,      25576 total
- age   8:        872 bytes,      26448 total
- age   9:         32 bytes,      26480 total
- age  12:       1600 bytes,      28080 total
: 41563K->27K(46720K), 0.0017798 secs] 136136K->94601K(149984K), 0.0018234 secs] [Times: user=0.00 sys=0.00, real=0.00 secs] 
Total time for which application threads were stopped: 0.0097596 seconds
Application time: 0.0268587 seconds
2025-04-10T12:07:12.680-0500: 6799.021: [GC 6799.021: [DefNew
Desired survivor size 2654208 bytes, new threshold 15 (max 15)
- age   1:        728 bytes,        728 total
- age   2:         48 bytes,        776 total
- age   3:         24 bytes,        800 total
- age   9:        872 bytes,       1672 total
- age  10:         32 bytes,       1704 total
- age  13:       1568 bytes,       3272 total
: 41563K->3K(46720K), 0.0018666 secs] 136137K->94576K(149984K), 0.0019097 secs] [Times: user=0.00 sys=0.00, real=0.00 secs] 
Total time for which application threads were stopped: 0.0020378 seconds
Application time: 0.0303865 seconds
2025-04-10T12:07:12.712-0500: 6799.053: [GC 6799.053: [DefNew
Desired survivor size 2654208 bytes, new threshold 15 (max 15)
- age   1:         16 bytes,         16 total
- age   2:        728 bytes,        744 total
- age   3:         48 bytes,        792 total
- age   4:         24 bytes,        816 total
- age  10:        872 bytes,       1688 total
- age  11:         32 bytes,       1720 total
- age  14:       1568 bytes,       3288 total
: 41539K->3K(46720K), 0.0018708 secs] 136112K->94576K(149984K), 0.0019175 secs] [Times: user=0.00 sys=0.00, real=0.00 secs] 
Total time for which application threads were stopped: 0.0020655 seconds
Application time: 0.0251642 seconds
2025-04-10T12:07:12.744-0500: 6799.084: [GC 6799.084: [DefNew
Desired survivor size 2654208 bytes, new threshold 15 (max 15)
- age   1:       6272 bytes,       6272 total
- age   3:        728 bytes,       7000 total
- age   4:         48 bytes,       7048 total
- age   5:         24 bytes,       7072 total
- age  11:        872 bytes,       7944 total
- age  12:         32 bytes,       7976 total
- age  15:        160 bytes,       8136 total
: 41539K->7K(46720K), 0.0018308 secs] 136112K->94581K(149984K), 0.0018747 secs] [Times: user=0.00 sys=0.00, real=0.00 secs] 
Total time for which application threads were stopped: 0.0057232 seconds
Application time: 0.0139797 seconds
2025-04-10T12:07:12.761-0500: 6799.100: [GC 6799.100: [DefNew
Desired survivor size 2654208 bytes, new threshold 15 (max 15)
- age   1:        728 bytes,        728 total
- age   2:       5544 bytes,       6272 total
- age   4:        728 bytes,       7000 total
- age   5:         48 bytes,       7048 total
- age   6:         24 bytes,       7072 total
- age  12:        872 bytes,       7944 total
- age  13:         32 bytes,       7976 total
: 41543K->7K(46720K), 0.0018995 secs] 136117K->94581K(149984K), 0.0019465 secs] [Times: user=0.00 sys=0.00, real=0.00 secs] 
Total time for which application threads were stopped: 0.0020934 seconds
Application time: 0.0132485 seconds
2025-04-10T12:07:12.777-0500: 6799.115: [GC 6799.115: [DefNew
Desired survivor size 2654208 bytes, new threshold 15 (max 15)
- age   1:       8936 bytes,       8936 total
- age   3:       5544 bytes,      14480 total
- age   5:        728 bytes,      15208 total
- age   6:         48 bytes,      15256 total
- age   7:         24 bytes,      15280 total
- age  13:        872 bytes,      16152 total
- age  14:         32 bytes,      16184 total
: 41543K->15K(46720K), 0.0018382 secs] 136117K->94589K(149984K), 0.0018839 secs] [Times: user=0.00 sys=0.00, real=0.00 secs] 
Total time for which application threads were stopped: 0.0020258 seconds
Application time: 0.0132039 seconds
2025-04-10T12:07:12.792-0500: 6799.131: [GC 6799.131: [DefNew
Desired survivor size 2654208 bytes, new threshold 15 (max 15)
- age   1:       8936 bytes,       8936 total
- age   4:       5544 bytes,      14480 total
- age   6:        728 bytes,      15208 total
- age   7:         48 bytes,      15256 total
- age   8:         24 bytes,      15280 total
- age  14:        872 bytes,      16152 total
- age  15:         32 bytes,      16184 total
: 41551K->15K(46720K), 0.0017710 secs] 136125K->94589K(149984K), 0.0018167 secs] [Times: user=0.00 sys=0.00, real=0.00 secs] 
Total time for which application threads were stopped: 0.0019575 seconds
Application time: 0.0132666 seconds
2025-04-10T12:07:12.808-0500: 6799.146: [GC 6799.146: [DefNew
Desired survivor size 2654208 bytes, new threshold 15 (max 15)
- age   1:        728 bytes,        728 total
- age   5:       5544 bytes,       6272 total
- age   7:        728 bytes,       7000 total
- age   8:         48 bytes,       7048 total
- age   9:         24 bytes,       7072 total
- age  15:        872 bytes,       7944 total
: 41551K->7K(46720K), 0.0018598 secs] 136125K->94581K(149984K), 0.0019055 secs] [Times: user=0.00 sys=0.00, real=0.00 secs] 
Total time for which application threads were stopped: 0.0020435 seconds
Application time: 0.0134152 seconds
2025-04-10T12:07:12.823-0500: 6799.161: [GC 6799.161: [DefNew
Desired survivor size 2654208 bytes, new threshold 15 (max 15)
- age   1:        728 bytes,        728 total
- age   6:       5544 bytes,       6272 total
- age   8:        728 bytes,       7000 total
- age   9:         48 bytes,       7048 total
- age  10:         24 bytes,       7072 total
: 41543K->6K(46720K), 0.0017837 secs] 136117K->94581K(149984K), 0.0018290 secs] [Times: user=0.00 sys=0.00, real=0.00 secs] 
Total time for which application threads were stopped: 0.0019685 seconds
Application time: 0.0136636 seconds
2025-04-10T12:07:12.841-0500: 6799.177: [GC 6799.177: [DefNew
Desired survivor size 2654208 bytes, new threshold 15 (max 15)
- age   1:      26528 bytes,      26528 total
- age   7:       5544 bytes,      32072 total
- age  10:         48 bytes,      32120 total
: 41542K->31K(46720K), 0.0019090 secs] 136117K->94606K(149984K), 0.0019533 secs] [Times: user=0.00 sys=0.00, real=0.00 secs] 
Total time for which application threads were stopped: 0.0025376 seconds
Application time: 0.0132471 seconds
2025-04-10T12:07:12.856-0500: 6799.193: [GC 6799.193: [DefNew
Desired survivor size 2654208 bytes, new threshold 15 (max 15)
- age   1:        728 bytes,        728 total
- age   2:      25800 bytes,      26528 total
- age   8:       5544 bytes,      32072 total
- age  11:         48 bytes,      32120 total
: 41567K->31K(46720K), 0.0018471 secs] 136142K->94606K(149984K), 0.0018977 secs] [Times: user=0.00 sys=0.00, real=0.00 secs] 
Total time for which application threads were stopped: 0.0020389 seconds
Application time: 0.0132796 seconds
2025-04-10T12:07:12.871-0500: 6799.208: [GC 6799.208: [DefNew
Desired survivor size 2654208 bytes, new threshold 15 (max 15)
- age   1:        728 bytes,        728 total
- age   3:      25800 bytes,      26528 total
- age   9:       5544 bytes,      32072 total
- age  12:         48 bytes,      32120 total
: 41567K->31K(46720K), 0.0018506 secs] 136142K->94606K(149984K), 0.0018956 secs] [Times: user=0.00 sys=0.00, real=0.00 secs] 
Total time for which application threads were stopped: 0.0020343 seconds
Application time: 0.0132637 seconds
2025-04-10T12:07:12.888-0500: 6799.223: [GC 6799.223: [DefNew
Desired survivor size 2654208 bytes, new threshold 15 (max 15)
- age   1:       8936 bytes,       8936 total
- age   4:      25800 bytes,      34736 total
- age  10:       5544 bytes,      40280 total
- age  13:         48 bytes,      40328 total
: 41567K->39K(46720K), 0.0019706 secs] 136142K->94614K(149984K), 0.0020187 secs] [Times: user=0.00 sys=0.00, real=0.00 secs] 
Total time for which application threads were stopped: 0.0021660 seconds
Application time: 0.0132418 seconds
2025-04-10T12:07:12.903-0500: 6799.239: [GC 6799.239: [DefNew
Desired survivor size 2654208 bytes, new threshold 15 (max 15)
- age   1:        752 bytes,        752 total
- age   5:      25800 bytes,      26552 total
- age  11:       5544 bytes,      32096 total
- age  14:         48 bytes,      32144 total
: 41575K->31K(46720K), 0.0019214 secs] 136150K->94606K(149984K), 0.0019674 secs] [Times: user=0.00 sys=0.00, real=0.00 secs] 
Total time for which application threads were stopped: 0.0021033 seconds
Application time: 0.0136498 seconds
2025-04-10T12:07:12.920-0500: 6799.255: [GC 6799.255: [DefNew
Desired survivor size 2654208 bytes, new threshold 15 (max 15)
- age   1:       8936 bytes,       8936 total
- age   2:         24 bytes,       8960 total
- age   6:      25800 bytes,      34760 total
- age  12:       5544 bytes,      40304 total
- age  15:         48 bytes,      40352 total
: 41567K->39K(46720K), 0.0018715 secs] 136142K->94614K(149984K), 0.0019193 secs] [Times: user=0.00 sys=0.00, real=0.00 secs] 
Total time for which application threads were stopped: 0.0020531 seconds
Application time: 0.0139298 seconds
2025-04-10T12:07:12.936-0500: 6799.271: [GC 6799.271: [DefNew
Desired survivor size 2654208 bytes, new threshold 15 (max 15)
- age   1:      29064 bytes,      29064 total
- age   7:        416 bytes,      29480 total
- age  13:       2016 bytes,      31496 total
: 41575K->30K(46720K), 0.0017522 secs] 136150K->94605K(149984K), 0.0017958 secs] [Times: user=0.00 sys=0.00, real=0.00 secs] 
Total time for which application threads were stopped: 0.0023741 seconds
Application time: 0.0137270 seconds
2025-04-10T12:07:12.952-0500: 6799.287: [GC 6799.287: [DefNew
Desired survivor size 2654208 bytes, new threshold 15 (max 15)
- age   1:        152 bytes,        152 total
- age   2:      27880 bytes,      28032 total
- age   8:        416 bytes,      28448 total
- age  14:       1864 bytes,      30312 total
: 41566K->29K(46720K), 0.0018680 secs] 136141K->94604K(149984K), 0.0019154 secs] [Times: user=0.00 sys=0.00, real=0.00 secs] 
Total time for which application threads were stopped: 0.0020559 seconds
Application time: 0.0136948 seconds
2025-04-10T12:07:12.969-0500: 6799.302: [GC 6799.303: [DefNew
Desired survivor size 2654208 bytes, new threshold 15 (max 15)
- age   1:       9136 bytes,       9136 total
- age   2:         64 bytes,       9200 total
- age   3:      27824 bytes,      37024 total
- age   9:        384 bytes,      37408 total
- age  15:       1864 bytes,      39272 total
: 41565K->38K(46720K), 0.0017607 secs] 136140K->94613K(149984K), 0.0018128 secs] [Times: user=0.00 sys=0.00, real=0.00 secs] 
Total time for which application threads were stopped: 0.0019586 seconds
Application time: 0.0477511 seconds
2025-04-10T12:07:13.021-0500: 6799.354: [GC 6799.354: [DefNew
Desired survivor size 2654208 bytes, new threshold 15 (max 15)
- age   1:       7488 bytes,       7488 total
- age   2:        176 bytes,       7664 total
- age   3:         64 bytes,       7728 total
- age   4:        312 bytes,       8040 total
- age  10:         96 bytes,       8136 total
: 41574K->7K(46720K), 0.0017770 secs] 136149K->94584K(149984K), 0.0018198 secs] [Times: user=0.02 sys=0.00, real=0.00 secs] 
Total time for which application threads were stopped: 0.0033799 seconds
Application time: 0.0131073 seconds
2025-04-10T12:07:13.036-0500: 6799.369: [GC 6799.369: [DefNew
Desired survivor size 2654208 bytes, new threshold 15 (max 15)
- age   1:       8936 bytes,       8936 total
- age   2:       3080 bytes,      12016 total
- age   3:        176 bytes,      12192 total
- age   4:         64 bytes,      12256 total
- age   5:        160 bytes,      12416 total
- age  11:         96 bytes,      12512 total
: 41543K->12K(46720K), 0.0017331 secs] 136120K->94588K(149984K), 0.0017784 secs] [Times: user=0.02 sys=0.00, real=0.00 secs] 
Total time for which application threads were stopped: 0.0019242 seconds
Application time: 0.0175008 seconds
2025-04-10T12:07:13.064-0500: 6799.396: [GC 6799.396: [DefNew
Desired survivor size 2654208 bytes, new threshold 15 (max 15)
- age   1:        272 bytes,        272 total
- age   3:       3080 bytes,       3352 total
- age   4:        176 bytes,       3528 total
- age   5:         64 bytes,       3592 total
- age   6:        160 bytes,       3752 total
- age  12:         96 bytes,       3848 total
: 41548K->3K(46720K), 0.0018315 secs] 136124K->94580K(149984K), 0.0018743 secs] [Times: user=0.00 sys=0.00, real=0.00 secs] 
Total time for which application threads were stopped: 0.0097093 seconds
Application time: 0.1263803 seconds
2025-04-10T12:07:13.198-0500: 6799.527: [GC 6799.527: [DefNew
Desired survivor size 2654208 bytes, new threshold 15 (max 15)
- age   1:       1616 bytes,       1616 total
- age   2:         96 bytes,       1712 total
- age   4:       3024 bytes,       4736 total
- age   5:        144 bytes,       4880 total
- age   6:         64 bytes,       4944 total
- age   7:        160 bytes,       5104 total
- age  13:         96 bytes,       5200 total
: 41539K->5K(46720K), 0.0018690 secs] 136116K->94581K(149984K), 0.0019115 secs] [Times: user=0.00 sys=0.00, real=0.00 secs] 
Total time for which application threads were stopped: 0.0050691 seconds
Application time: 0.0132096 seconds
2025-04-10T12:07:13.215-0500: 6799.543: [GC 6799.543: [DefNew
Desired survivor size 2654208 bytes, new threshold 15 (max 15)
- age   1:       8992 bytes,       8992 total
- age   2:        864 bytes,       9856 total
- age   3:         96 bytes,       9952 total
- age   5:       2992 bytes,      12944 total
- age   6:        144 bytes,      13088 total
- age   7:         64 bytes,      13152 total
- age   8:        160 bytes,      13312 total
- age  14:         96 bytes,      13408 total
: 41541K->13K(46720K), 0.0019370 secs] 136117K->94589K(149984K), 0.0019837 secs] [Times: user=0.00 sys=0.00, real=0.00 secs] 
Total time for which application threads were stopped: 0.0021313 seconds
Application time: 0.0131919 seconds
2025-04-10T12:07:13.230-0500: 6799.558: [GC 6799.558: [DefNew
Desired survivor size 2654208 bytes, new threshold 15 (max 15)
- age   1:        840 bytes,        840 total
- age   2:         56 bytes,        896 total
- age   3:        864 bytes,       1760 total
- age   4:         96 bytes,       1856 total
- age   6:       2992 bytes,       4848 total
- age   7:        112 bytes,       4960 total
- age   8:         64 bytes,       5024 total
- age   9:        160 bytes,       5184 total
- age  15:         96 bytes,       5280 total
: 41549K->5K(46720K), 0.0018489 secs] 136125K->94581K(149984K), 0.0019016 secs] [Times: user=0.00 sys=0.00, real=0.00 secs] 
Total time for which application threads were stopped: 0.0020481 seconds
Application time: 0.0131246 seconds
2025-04-10T12:07:13.247-0500: 6799.574: [GC 6799.574: [DefNew
Desired survivor size 2654208 bytes, new threshold 15 (max 15)
- age   1:      34368 bytes,      34368 total
- age   2:        112 bytes,      34480 total
- age   3:         56 bytes,      34536 total
- age   4:        864 bytes,      35400 total
- age   5:         64 bytes,      35464 total
- age   7:       2904 bytes,      38368 total
- age   8:         80 bytes,      38448 total
- age   9:         64 bytes,      38512 total
- age  10:        160 bytes,      38672 total
: 41541K->37K(46720K), 0.0018641 secs] 136117K->94614K(149984K), 0.0019090 secs] [Times: user=0.00 sys=0.00, real=0.00 secs] 
Total time for which application threads were stopped: 0.0027687 seconds
Application time: 0.0141485 seconds
2025-04-10T12:07:13.263-0500: 6799.590: [GC 6799.590: [DefNew
Desired survivor size 2654208 bytes, new threshold 15 (max 15)
- age   1:       9768 bytes,       9768 total
- age   2:      25400 bytes,      35168 total
- age   3:        112 bytes,      35280 total
- age   4:         32 bytes,      35312 total
- age   5:        832 bytes,      36144 total
- age   6:         32 bytes,      36176 total
- age   8:       2904 bytes,      39080 total
- age   9:         80 bytes,      39160 total
- age  10:         64 bytes,      39224 total
- age  11:        160 bytes,      39384 total
: 41565K->38K(46720K), 0.0017717 secs] 136142K->94615K(149984K), 0.0018198 secs] [Times: user=0.00 sys=0.00, real=0.00 secs] 
Total time for which application threads were stopped: 0.0019582 seconds
Application time: 0.0520062 seconds
2025-04-10T12:07:13.336-0500: 6799.661: [GC 6799.661: [DefNew
Desired survivor size 2654208 bytes, new threshold 15 (max 15)
- age   1:      46272 bytes,      46272 total
- age   2:        744 bytes,      47016 total
- age   3:         32 bytes,      47048 total
- age   4:         80 bytes,      47128 total
- age   6:        800 bytes,      47928 total
- age   7:         32 bytes,      47960 total
- age   9:        904 bytes,      48864 total
- age  10:         80 bytes,      48944 total
- age  11:         64 bytes,      49008 total
- age  12:        128 bytes,      49136 total
: 41574K->47K(46720K), 0.0022183 secs] 136151K->94624K(149984K), 0.0022633 secs] [Times: user=0.00 sys=0.00, real=0.00 secs] 
Total time for which application threads were stopped: 0.0196448 seconds
Application time: 0.0735081 seconds
2025-04-10T12:07:13.423-0500: 6799.746: [GC 6799.746: [DefNew
Desired survivor size 2654208 bytes, new threshold 15 (max 15)
- age   1:        832 bytes,        832 total
- age   2:      28264 bytes,      29096 total
- age   3:        712 bytes,      29808 total
- age   4:         32 bytes,      29840 total
- age   5:         80 bytes,      29920 total
- age   7:        672 bytes,      30592 total
- age   8:         32 bytes,      30624 total
- age  10:        752 bytes,      31376 total
- age  11:         80 bytes,      31456 total
- age  12:         64 bytes,      31520 total
- age  13:        128 bytes,      31648 total
: 41583K->30K(46720K), 0.0017360 secs] 136160K->94607K(149984K), 0.0017802 secs] [Times: user=0.00 sys=0.00, real=0.00 secs] 
Total time for which application threads were stopped: 0.0108957 seconds
Application time: 0.0137850 seconds
2025-04-10T12:07:13.464-0500: 6799.786: [GC 6799.786: [DefNew
Desired survivor size 2654208 bytes, new threshold 15 (max 15)
- age   1:       2800 bytes,       2800 total
- age   2:        512 bytes,       3312 total
- age   3:        880 bytes,       4192 total
- age   4:        712 bytes,       4904 total
- age   5:         32 bytes,       4936 total
- age   6:         80 bytes,       5016 total
- age   8:        672 bytes,       5688 total
- age   9:         32 bytes,       5720 total
- age  11:        752 bytes,       6472 total
- age  12:         80 bytes,       6552 total
- age  13:         64 bytes,       6616 total
- age  14:        128 bytes,       6744 total
: 41566K->6K(46720K), 0.0019030 secs] 136143K->94583K(149984K), 0.0020124 secs] [Times: user=0.00 sys=0.00, real=0.00 secs] 
Total time for which application threads were stopped: 0.0267656 seconds
Application time: 0.0131777 seconds
2025-04-10T12:07:13.480-0500: 6799.802: [GC 6799.802: [DefNew
Desired survivor size 2654208 bytes, new threshold 15 (max 15)
- age   1:        872 bytes,        872 total
- age   2:       2040 bytes,       2912 total
- age   3:        512 bytes,       3424 total
- age   4:        880 bytes,       4304 total
- age   5:        712 bytes,       5016 total
- age   6:         32 bytes,       5048 total
- age   7:         80 bytes,       5128 total
- age   9:        672 bytes,       5800 total
- age  10:         32 bytes,       5832 total
- age  12:        752 bytes,       6584 total
- age  13:         80 bytes,       6664 total
- age  14:         64 bytes,       6728 total
- age  15:        128 bytes,       6856 total
: 41542K->6K(46720K), 0.0017476 secs] 136119K->94583K(149984K), 0.0017958 secs] [Times: user=0.00 sys=0.00, real=0.00 secs] 
Total time for which application threads were stopped: 0.0019384 seconds
Application time: 0.0136145 seconds
2025-04-10T12:07:13.500-0500: 6799.821: [GC 6799.821: [DefNew
Desired survivor size 2654208 bytes, new threshold 15 (max 15)
- age   1:        816 bytes,        816 total
- age   2:        144 bytes,        960 total
- age   3:       2040 bytes,       3000 total
- age   4:        512 bytes,       3512 total
- age   5:        864 bytes,       4376 total
- age   6:        712 bytes,       5088 total
- age   7:         32 bytes,       5120 total
- age   8:         80 bytes,       5200 total
- age  10:        672 bytes,       5872 total
- age  11:         32 bytes,       5904 total
- age  13:        752 bytes,       6656 total
- age  14:         80 bytes,       6736 total
- age  15:         64 bytes,       6800 total
: 41542K->6K(46720K), 0.0017328 secs] 136119K->94583K(149984K), 0.0017752 secs] [Times: user=0.01 sys=0.00, real=0.00 secs] 
Total time for which application threads were stopped: 0.0053317 seconds
Application time: 0.0132354 seconds
2025-04-10T12:07:13.515-0500: 6799.836: [GC 6799.836: [DefNew
Desired survivor size 2654208 bytes, new threshold 15 (max 15)
- age   1:       8936 bytes,       8936 total
- age   2:         88 bytes,       9024 total
- age   3:        144 bytes,       9168 total
- age   4:       2040 bytes,      11208 total
- age   5:        512 bytes,      11720 total
- age   6:        864 bytes,      12584 total
- age   7:        712 bytes,      13296 total
- age   8:         32 bytes,      13328 total
- age   9:         80 bytes,      13408 total
- age  11:        672 bytes,      14080 total
- age  12:         32 bytes,      14112 total
- age  14:        752 bytes,      14864 total
- age  15:         80 bytes,      14944 total
: 41542K->14K(46720K), 0.0017307 secs] 136119K->94591K(149984K), 0.0017763 secs] [Times: user=0.00 sys=0.00, real=0.00 secs] 
Total time for which application threads were stopped: 0.0019225 seconds
Application time: 0.0158993 seconds
2025-04-10T12:07:13.576-0500: 6799.895: [GC 6799.895: [DefNew
Desired survivor size 2654208 bytes, new threshold 15 (max 15)
- age   1:       2520 bytes,       2520 total
- age   3:         88 bytes,       2608 total
- age   4:        144 bytes,       2752 total
- age   5:         96 bytes,       2848 total
- age   6:        480 bytes,       3328 total
- age   7:        144 bytes,       3472 total
- age   8:        712 bytes,       4184 total
- age   9:         32 bytes,       4216 total
- age  10:         80 bytes,       4296 total
- age  12:        672 bytes,       4968 total
- age  15:        752 bytes,       5720 total
: 41550K->5K(46720K), 0.0018552 secs] 136127K->94582K(149984K), 0.0019019 secs] [Times: user=0.00 sys=0.00, real=0.00 secs] 
Total time for which application threads were stopped: 0.0432050 seconds
Application time: 0.0302977 seconds
2025-04-10T12:07:13.608-0500: 6799.927: [GC 6799.927: [DefNew
Desired survivor size 2654208 bytes, new threshold 15 (max 15)
- age   2:       2024 bytes,       2024 total
- age   4:         88 bytes,       2112 total
- age   5:        144 bytes,       2256 total
- age   6:         96 bytes,       2352 total
- age   7:        480 bytes,       2832 total
- age   8:        144 bytes,       2976 total
- age   9:        712 bytes,       3688 total
- age  10:         32 bytes,       3720 total
- age  11:         80 bytes,       3800 total
- age  13:        672 bytes,       4472 total
: 41541K->4K(46720K), 0.0018903 secs] 136118K->94582K(149984K), 0.0019402 secs] [Times: user=0.00 sys=0.00, real=0.00 secs] 
Total time for which application threads were stopped: 0.0020938 seconds
Application time: 0.0467615 seconds
2025-04-10T12:07:13.696-0500: 6800.012: [GC 6800.012: [DefNew
Desired survivor size 2654208 bytes, new threshold 15 (max 15)
- age   1:      11752 bytes,      11752 total
- age   3:         96 bytes,      11848 total
- age   5:         88 bytes,      11936 total
- age   6:        112 bytes,      12048 total
- age   7:         64 bytes,      12112 total
- age   8:        392 bytes,      12504 total
- age   9:         80 bytes,      12584 total
- age  10:        712 bytes,      13296 total
- age  12:         80 bytes,      13376 total
- age  14:        672 bytes,      14048 total
: 41540K->13K(46720K), 0.0019685 secs] 136118K->94591K(149984K), 0.0020156 secs] [Times: user=0.00 sys=0.00, real=0.00 secs] 
Total time for which application threads were stopped: 0.0382414 seconds
Application time: 0.0133472 seconds
2025-04-10T12:07:13.712-0500: 6800.028: [GC 6800.028: [DefNew
Desired survivor size 2654208 bytes, new threshold 15 (max 15)
- age   1:       9224 bytes,       9224 total
- age   2:       2480 bytes,      11704 total
- age   4:         96 bytes,      11800 total
- age   6:         88 bytes,      11888 total
- age   7:        112 bytes,      12000 total
- age   8:         64 bytes,      12064 total
- age   9:        392 bytes,      12456 total
- age  10:         80 bytes,      12536 total
- age  11:        712 bytes,      13248 total
- age  13:         80 bytes,      13328 total
- age  15:        672 bytes,      14000 total
: 41549K->13K(46720K), 0.0017399 secs] 136127K->94591K(149984K), 0.0017876 secs] [Times: user=0.00 sys=0.00, real=0.00 secs] 
Total time for which application threads were stopped: 0.0019306 seconds
Application time: 0.0133143 seconds
2025-04-10T12:07:13.727-0500: 6800.043: [GC 6800.043: [DefNew
Desired survivor size 2654208 bytes, new threshold 15 (max 15)
- age   1:       8968 bytes,       8968 total
- age   2:        288 bytes,       9256 total
- age   3:       2480 bytes,      11736 total
- age   5:         96 bytes,      11832 total
- age   7:         88 bytes,      11920 total
- age   8:        112 bytes,      12032 total
- age   9:         64 bytes,      12096 total
- age  10:        392 bytes,      12488 total
- age  11:         80 bytes,      12568 total
- age  12:        712 bytes,      13280 total
- age  14:         80 bytes,      13360 total
: 41549K->13K(46720K), 0.0017367 secs] 136127K->94591K(149984K), 0.0017823 secs] [Times: user=0.00 sys=0.00, real=0.00 secs] 
Total time for which application threads were stopped: 0.0019232 seconds
Application time: 0.0133398 seconds
2025-04-10T12:07:13.779-0500: 6800.093: [GC 6800.093: [DefNew
Desired survivor size 2654208 bytes, new threshold 15 (max 15)
- age   1:      34384 bytes,      34384 total
- age   2:         32 bytes,      34416 total
- age   3:        288 bytes,      34704 total
- age   4:       2448 bytes,      37152 total
- age   6:         96 bytes,      37248 total
- age   9:        112 bytes,      37360 total
- age  10:         64 bytes,      37424 total
- age  11:        392 bytes,      37816 total
- age  12:         80 bytes,      37896 total
- age  13:        712 bytes,      38608 total
- age  15:         80 bytes,      38688 total
: 41549K->37K(46720K), 0.0017374 secs] 136127K->94616K(149984K), 0.0017848 secs] [Times: user=0.00 sys=0.00, real=0.00 secs] 
Total time for which application threads were stopped: 0.0364905 seconds
Application time: 0.0141142 seconds
2025-04-10T12:07:13.795-0500: 6800.109: [GC 6800.109: [DefNew
Desired survivor size 2654208 bytes, new threshold 15 (max 15)
- age   1:       8936 bytes,       8936 total
- age   2:      25448 bytes,      34384 total
- age   3:         32 bytes,      34416 total
- age   4:        288 bytes,      34704 total
- age   5:       2448 bytes,      37152 total
- age   7:         96 bytes,      37248 total
- age  10:        112 bytes,      37360 total
- age  11:         64 bytes,      37424 total
- age  12:        392 bytes,      37816 total
- age  13:         80 bytes,      37896 total
- age  14:        712 bytes,      38608 total
: 41573K->37K(46720K), 0.0017137 secs] 136152K->94616K(149984K), 0.0017604 secs] [Times: user=0.00 sys=0.00, real=0.00 secs] 
Total time for which application threads were stopped: 0.0019016 seconds
Application time: 0.0133943 seconds
2025-04-10T12:07:13.810-0500: 6800.124: [GC 6800.124: [DefNew
Desired survivor size 2654208 bytes, new threshold 15 (max 15)
- age   1:       8936 bytes,       8936 total
- age   3:      25448 bytes,      34384 total
- age   4:         32 bytes,      34416 total
- age   5:        288 bytes,      34704 total
- age   6:       2448 bytes,      37152 total
- age   8:         96 bytes,      37248 total
- age  11:        112 bytes,      37360 total
- age  12:         64 bytes,      37424 total
- age  13:        392 bytes,      37816 total
- age  14:         80 bytes,      37896 total
- age  15:        712 bytes,      38608 total
: 41573K->37K(46720K), 0.0016885 secs] 136152K->94616K(149984K), 0.0017342 secs] [Times: user=0.00 sys=0.00, real=0.00 secs] 
Total time for which application threads were stopped: 0.0018952 seconds
Application time: 0.0230683 seconds
2025-04-10T12:07:13.869-0500: 6800.181: [GC 6800.181: [DefNew
Desired survivor size 2654208 bytes, new threshold 15 (max 15)
- age   1:      25384 bytes,      25384 total
- age   4:      25448 bytes,      50832 total
- age   5:         32 bytes,      50864 total
- age   6:        288 bytes,      51152 total
- age   7:       2344 bytes,      53496 total
- age   9:         96 bytes,      53592 total
- age  12:        112 bytes,      53704 total
- age  13:         64 bytes,      53768 total
- age  14:        392 bytes,      54160 total
- age  15:         80 bytes,      54240 total
: 41573K->52K(46720K), 0.0017314 secs] 136152K->94632K(149984K), 0.0017763 secs] [Times: user=0.02 sys=0.00, real=0.00 secs] 
Total time for which application threads were stopped: 0.0340138 seconds
Application time: 0.0311786 seconds
2025-04-10T12:07:13.903-0500: 6800.214: [GC 6800.214: [DefNew
Desired survivor size 2654208 bytes, new threshold 15 (max 15)
- age   1:        144 bytes,        144 total
- age   2:      25368 bytes,      25512 total
- age   5:      25448 bytes,      50960 total
- age   6:         32 bytes,      50992 total
- age   7:        288 bytes,      51280 total
- age   8:       2344 bytes,      53624 total
- age  10:         96 bytes,      53720 total
- age  13:        112 bytes,      53832 total
- age  14:         64 bytes,      53896 total
- age  15:        392 bytes,      54288 total
: 41588K->53K(46720K), 0.0017653 secs] 136168K->94632K(149984K), 0.0018131 secs] [Times: user=0.00 sys=0.00, real=0.00 secs] 
Total time for which application threads were stopped: 0.0019618 seconds
Application time: 0.0473186 seconds
2025-04-10T12:07:13.954-0500: 6800.264: [GC 6800.264: [DefNew
Desired survivor size 2654208 bytes, new threshold 15 (max 15)
- age   1:      12936 bytes,      12936 total
- age   3:         32 bytes,      12968 total
- age   6:      25416 bytes,      38384 total
- age   7:         32 bytes,      38416 total
- age   8:        256 bytes,      38672 total
- age   9:        392 bytes,      39064 total
- age  14:        112 bytes,      39176 total
- age  15:         32 bytes,      39208 total
: 41589K->38K(46720K), 0.0018719 secs] 136168K->94617K(149984K), 0.0019200 secs] [Times: user=0.00 sys=0.00, real=0.00 secs] 
Total time for which application threads were stopped: 0.0028335 seconds
Application time: 0.0141736 seconds
2025-04-10T12:07:13.971-0500: 6800.281: [GC 6800.281: [DefNew
Desired survivor size 2654208 bytes, new threshold 15 (max 15)
- age   1:       2776 bytes,       2776 total
- age   2:       1256 bytes,       4032 total
- age   4:         32 bytes,       4064 total
- age   7:      25416 bytes,      29480 total
- age   8:         32 bytes,      29512 total
- age   9:        256 bytes,      29768 total
- age  10:        392 bytes,      30160 total
- age  15:        112 bytes,      30272 total
: 41574K->29K(46720K), 0.0017342 secs] 136153K->94609K(149984K), 0.0017809 secs] [Times: user=0.00 sys=0.00, real=0.00 secs] 
Total time for which application threads were stopped: 0.0019150 seconds
Application time: 0.0138533 seconds
2025-04-10T12:07:13.988-0500: 6800.297: [GC 6800.297: [DefNew
Desired survivor size 2654208 bytes, new threshold 15 (max 15)
- age   1:      35040 bytes,      35040 total
- age   2:       1896 bytes,      36936 total
- age   3:       1200 bytes,      38136 total
- age   5:         32 bytes,      38168 total
- age   8:         80 bytes,      38248 total
- age   9:         32 bytes,      38280 total
- age  10:        256 bytes,      38536 total
- age  11:        392 bytes,      38928 total
: 41565K->38K(46720K), 0.0017211 secs] 136145K->94617K(149984K), 0.0017653 secs] [Times: user=0.00 sys=0.00, real=0.00 secs] 
Total time for which application threads were stopped: 0.0022116 seconds
Application time: 0.0132411 seconds
2025-04-10T12:07:14.003-0500: 6800.312: [GC 6800.312: [DefNew
Desired survivor size 2654208 bytes, new threshold 15 (max 15)
- age   1:        840 bytes,        840 total
- age   2:      26104 bytes,      26944 total
- age   3:       1896 bytes,      28840 total
- age   4:       1168 bytes,      30008 total
- age   6:         32 bytes,      30040 total
- age   9:         80 bytes,      30120 total
- age  10:         32 bytes,      30152 total
- age  11:        256 bytes,      30408 total
- age  12:        392 bytes,      30800 total
: 41574K->30K(46720K), 0.0019207 secs] 136153K->94609K(149984K), 0.0019678 secs] [Times: user=0.00 sys=0.00, real=0.00 secs] 
Total time for which application threads were stopped: 0.0021139 seconds
Application time: 0.0157709 seconds
2025-04-10T12:07:14.022-0500: 6800.330: [GC 6800.330: [DefNew
Desired survivor size 2654208 bytes, new threshold 15 (max 15)
- age   1:        216 bytes,        216 total
- age   2:        112 bytes,        328 total
- age   3:      26104 bytes,      26432 total
- age   4:       1896 bytes,      28328 total
- age   5:       1040 bytes,      29368 total
- age   7:         32 bytes,      29400 total
- age  10:         80 bytes,      29480 total
- age  11:         32 bytes,      29512 total
- age  12:        256 bytes,      29768 total
- age  13:        392 bytes,      30160 total
: 41566K->29K(46720K), 0.0018290 secs] 136145K->94609K(149984K), 0.0018740 secs] [Times: user=0.00 sys=0.00, real=0.00 secs] 
Total time for which application threads were stopped: 0.0020163 seconds
Application time: 0.0613808 seconds
2025-04-10T12:07:14.087-0500: 6800.394: [GC 6800.394: [DefNew
Desired survivor size 2654208 bytes, new threshold 15 (max 15)
- age   1:       3080 bytes,       3080 total
- age   2:         48 bytes,       3128 total
- age   3:         80 bytes,       3208 total
- age   4:        712 bytes,       3920 total
- age   5:         64 bytes,       3984 total
- age   6:        944 bytes,       4928 total
- age   8:         32 bytes,       4960 total
- age  11:         80 bytes,       5040 total
- age  12:         32 bytes,       5072 total
- age  13:        256 bytes,       5328 total
- age  14:        328 bytes,       5656 total
: 41565K->5K(46720K), 0.0017384 secs] 136145K->94585K(149984K), 0.0017887 secs] [Times: user=0.00 sys=0.00, real=0.00 secs] 
Total time for which application threads were stopped: 0.0025238 seconds
Application time: 0.0305363 seconds
2025-04-10T12:07:14.120-0500: 6800.426: [GC 6800.426: [DefNew
Desired survivor size 2654208 bytes, new threshold 15 (max 15)
- age   1:        128 bytes,        128 total
- age   2:       2112 bytes,       2240 total
- age   3:         48 bytes,       2288 total
- age   4:         80 bytes,       2368 total
- age   5:        712 bytes,       3080 total
- age   6:         64 bytes,       3144 total
- age   7:        944 bytes,       4088 total
- age   9:         32 bytes,       4120 total
- age  12:         80 bytes,       4200 total
- age  13:         32 bytes,       4232 total
- age  14:        256 bytes,       4488 total
- age  15:        328 bytes,       4816 total
: 41541K->4K(46720K), 0.0018191 secs] 136121K->94584K(149984K), 0.0018878 secs] [Times: user=0.00 sys=0.00, real=0.00 secs] 
Total time for which application threads were stopped: 0.0020393 seconds
Application time: 0.0463071 seconds
2025-04-10T12:07:14.170-0500: 6800.475: [GC 6800.475: [DefNew
Desired survivor size 2654208 bytes, new threshold 15 (max 15)
- age   1:      11592 bytes,      11592 total
- age   2:         32 bytes,      11624 total
- age   3:        192 bytes,      11816 total
- age   4:         16 bytes,      11832 total
- age   5:         80 bytes,      11912 total
- age   6:        712 bytes,      12624 total
- age   7:         64 bytes,      12688 total
- age   8:        944 bytes,      13632 total
- age  10:         32 bytes,      13664 total
- age  13:         80 bytes,      13744 total
- age  14:         32 bytes,      13776 total
- age  15:        256 bytes,      14032 total
: 41540K->13K(46720K), 0.0018489 secs] 136120K->94593K(149984K), 0.0018945 secs] [Times: user=0.00 sys=0.00, real=0.00 secs] 
Total time for which application threads were stopped: 0.0022980 seconds
Application time: 0.0134194 seconds
2025-04-10T12:07:14.186-0500: 6800.490: [GC 6800.490: [DefNew
Desired survivor size 2654208 bytes, new threshold 15 (max 15)
- age   1:       9568 bytes,       9568 total
- age   2:       2480 bytes,      12048 total
- age   3:         32 bytes,      12080 total
- age   4:        128 bytes,      12208 total
- age   5:         16 bytes,      12224 total
- age   6:         80 bytes,      12304 total
- age   7:        712 bytes,      13016 total
- age   8:         64 bytes,      13080 total
- age   9:        912 bytes,      13992 total
- age  11:         32 bytes,      14024 total
- age  14:         80 bytes,      14104 total
- age  15:         32 bytes,      14136 total
: 41549K->13K(46720K), 0.0018276 secs] 136129K->94594K(149984K), 0.0018754 secs] [Times: user=0.00 sys=0.00, real=0.00 secs] 
Total time for which application threads were stopped: 0.0020198 seconds
Application time: 0.0134584 seconds
2025-04-10T12:07:14.202-0500: 6800.506: [GC 6800.506: [DefNew
Desired survivor size 2654208 bytes, new threshold 15 (max 15)
- age   1:       9120 bytes,       9120 total
- age   2:        480 bytes,       9600 total
- age   3:       2480 bytes,      12080 total
- age   4:         32 bytes,      12112 total
- age   5:        128 bytes,      12240 total
- age   7:         80 bytes,      12320 total
- age   8:        712 bytes,      13032 total
- age   9:         64 bytes,      13096 total
- age  10:        880 bytes,      13976 total
- age  12:         32 bytes,      14008 total
- age  15:         80 bytes,      14088 total
: 41549K->13K(46720K), 0.0017413 secs] 136130K->94594K(149984K), 0.0017859 secs] [Times: user=0.00 sys=0.00, real=0.00 secs] 
Total time for which application threads were stopped: 0.0021883 seconds
Application time: 0.0135115 seconds
2025-04-10T12:07:14.218-0500: 6800.521: [GC 6800.522: [DefNew
Desired survivor size 2654208 bytes, new threshold 15 (max 15)
- age   1:       8968 bytes,       8968 total
- age   2:        184 bytes,       9152 total
- age   3:        480 bytes,       9632 total
- age   4:       2480 bytes,      12112 total
- age   5:         32 bytes,      12144 total
- age   6:        128 bytes,      12272 total
- age   8:         80 bytes,      12352 total
- age   9:        712 bytes,      13064 total
- age  10:         64 bytes,      13128 total
- age  11:        880 bytes,      14008 total
- age  13:         32 bytes,      14040 total
: 41549K->13K(46720K), 0.0017926 secs] 136130K->94594K(149984K), 0.0018460 secs] [Times: user=0.00 sys=0.00, real=0.00 secs] 
Total time for which application threads were stopped: 0.0019933 seconds
Application time: 0.0168280 seconds
2025-04-10T12:07:14.271-0500: 6800.573: [GC 6800.573: [DefNew
Desired survivor size 2654208 bytes, new threshold 15 (max 15)
- age   1:        272 bytes,        272 total
- age   2:         32 bytes,        304 total
- age   3:        184 bytes,        488 total
- age   4:        456 bytes,        944 total
- age   5:       2176 bytes,       3120 total
- age   6:         32 bytes,       3152 total
- age   7:        128 bytes,       3280 total
- age   9:         80 bytes,       3360 total
- age  10:        712 bytes,       4072 total
- age  11:         64 bytes,       4136 total
- age  12:        880 bytes,       5016 total
- age  14:         32 bytes,       5048 total
: 41549K->4K(46720K), 0.0017406 secs] 136130K->94585K(149984K), 0.0017852 secs] [Times: user=0.00 sys=0.00, real=0.00 secs] 
Total time for which application threads were stopped: 0.0348002 seconds
Application time: 0.0311294 seconds
2025-04-10T12:07:14.304-0500: 6800.606: [GC 6800.606: [DefNew
Desired survivor size 2654208 bytes, new threshold 15 (max 15)
- age   1:        256 bytes,        256 total
- age   2:         80 bytes,        336 total
- age   3:         32 bytes,        368 total
- age   4:        184 bytes,        552 total
- age   5:        392 bytes,        944 total
- age   6:       2176 bytes,       3120 total
- age   7:         32 bytes,       3152 total
- age   8:        128 bytes,       3280 total
- age  10:         80 bytes,       3360 total
- age  11:        712 bytes,       4072 total
- age  12:         64 bytes,       4136 total
- age  13:        880 bytes,       5016 total
- age  15:         32 bytes,       5048 total
: 41540K->4K(46720K), 0.0017370 secs] 136121K->94585K(149984K), 0.0017834 secs] [Times: user=0.00 sys=0.00, real=0.00 secs] 
Total time for which application threads were stopped: 0.0019303 seconds
Application time: 0.0460052 seconds
2025-04-10T12:07:14.382-0500: 6800.682: [GC 6800.682: [DefNew
Desired survivor size 2654208 bytes, new threshold 15 (max 15)
- age   1:       9392 bytes,       9392 total
- age   2:         64 bytes,       9456 total
- age   4:         32 bytes,       9488 total
- age   5:        184 bytes,       9672 total
- age   6:        392 bytes,      10064 total
- age   7:       2176 bytes,      12240 total
- age   8:         32 bytes,      12272 total
- age   9:        128 bytes,      12400 total
- age  11:         80 bytes,      12480 total
- age  12:        712 bytes,      13192 total
- age  13:         64 bytes,      13256 total
- age  14:        880 bytes,      14136 total
: 41540K->13K(46720K), 0.0017579 secs] 136121K->94594K(149984K), 0.0018036 secs] [Times: user=0.00 sys=0.00, real=0.00 secs] 
Total time for which application threads were stopped: 0.0295842 seconds
Application time: 0.0131448 seconds
2025-04-10T12:07:14.398-0500: 6800.697: [GC 6800.697: [DefNew
Desired survivor size 2654208 bytes, new threshold 15 (max 15)
- age   1:        168 bytes,        168 total
- age   2:        280 bytes,        448 total
- age   3:         32 bytes,        480 total
- age   5:         32 bytes,        512 total
- age   6:        184 bytes,        696 total
- age   7:        392 bytes,       1088 total
- age   8:       2176 bytes,       3264 total
- age   9:         32 bytes,       3296 total
- age  10:        128 bytes,       3424 total
- age  12:         80 bytes,       3504 total
- age  13:        712 bytes,       4216 total
- age  14:         64 bytes,       4280 total
- age  15:        880 bytes,       5160 total
: 41549K->5K(46720K), 0.0018531 secs] 136130K->94585K(149984K), 0.0019044 secs] [Times: user=0.00 sys=0.00, real=0.00 secs] 
Total time for which application threads were stopped: 0.0020485 seconds
Application time: 0.0132627 seconds
2025-04-10T12:07:14.413-0500: 6800.712: [GC 6800.712: [DefNew
Desired survivor size 2654208 bytes, new threshold 15 (max 15)
- age   1:        728 bytes,        728 total
- age   2:         56 bytes,        784 total
- age   3:        280 bytes,       1064 total
- age   4:         32 bytes,       1096 total
- age   6:         32 bytes,       1128 total
- age   7:        184 bytes,       1312 total
- age   8:        392 bytes,       1704 total
- age   9:       2176 bytes,       3880 total
- age  10:         32 bytes,       3912 total
- age  11:        128 bytes,       4040 total
- age  13:         80 bytes,       4120 total
- age  14:        712 bytes,       4832 total
- age  15:         64 bytes,       4896 total
: 41541K->4K(46720K), 0.0018106 secs] 136121K->94586K(149984K), 0.0018740 secs] [Times: user=0.02 sys=0.00, real=0.00 secs] 
Total time for which application threads were stopped: 0.0020205 seconds
Application time: 0.0133504 seconds
2025-04-10T12:07:14.432-0500: 6800.730: [GC 6800.730: [DefNew
Desired survivor size 2654208 bytes, new threshold 15 (max 15)
- age   1:      34904 bytes,      34904 total
- age   3:         56 bytes,      34960 total
- age   4:        280 bytes,      35240 total
- age   5:         32 bytes,      35272 total
- age   7:         32 bytes,      35304 total
- age   8:         32 bytes,      35336 total
- age   9:        360 bytes,      35696 total
- age  10:       2144 bytes,      37840 total
- age  11:         32 bytes,      37872 total
- age  12:         96 bytes,      37968 total
- age  14:         80 bytes,      38048 total
- age  15:        712 bytes,      38760 total
: 41540K->37K(46720K), 0.0017586 secs] 136122K->94619K(149984K), 0.0018014 secs] [Times: user=0.00 sys=0.00, real=0.00 secs] 
Total time for which application threads were stopped: 0.0038028 seconds
Application time: 0.0133207 seconds
2025-04-10T12:07:14.447-0500: 6800.745: [GC 6800.745: [DefNew
Desired survivor size 2654208 bytes, new threshold 15 (max 15)
- age   1:        784 bytes,        784 total
- age   2:      25968 bytes,      26752 total
- age   4:         32 bytes,      26784 total
- age   5:        248 bytes,      27032 total
- age   6:         32 bytes,      27064 total
- age   8:         32 bytes,      27096 total
- age   9:         32 bytes,      27128 total
- age  10:        360 bytes,      27488 total
- age  11:       2144 bytes,      29632 total
- age  12:         32 bytes,      29664 total
- age  13:         96 bytes,      29760 total
- age  15:         80 bytes,      29840 total
: 41573K->29K(46720K), 0.0018060 secs] 136155K->94611K(149984K), 0.0018531 secs] [Times: user=0.00 sys=0.00, real=0.00 secs] 
Total time for which application threads were stopped: 0.0019964 seconds
Application time: 0.0176388 seconds
2025-04-10T12:07:14.468-0500: 6800.766: [GC 6800.766: [DefNew
Desired survivor size 2654208 bytes, new threshold 15 (max 15)
- age   1:      25384 bytes,      25384 total
- age   2:         56 bytes,      25440 total
- age   3:      25968 bytes,      51408 total
- age   5:         32 bytes,      51440 total
- age   6:         96 bytes,      51536 total
- age   7:         32 bytes,      51568 total
- age   9:         32 bytes,      51600 total
- age  11:        360 bytes,      51960 total
- age  12:       2144 bytes,      54104 total
- age  13:         32 bytes,      54136 total
- age  14:         96 bytes,      54232 total
: 41565K->52K(46720K), 0.0017349 secs] 136147K->94635K(149984K), 0.0017770 secs] [Times: user=0.00 sys=0.00, real=0.00 secs] 
Total time for which application threads were stopped: 0.0037589 seconds
Application time: 0.0738691 seconds
2025-04-10T12:07:14.546-0500: 6800.842: [GC 6800.842: [DefNew
Desired survivor size 2654208 bytes, new threshold 15 (max 15)
- age   1:     331832 bytes,     331832 total
- age   2:         32 bytes,     331864 total
- age   4:      25936 bytes,     357800 total
- age   7:         64 bytes,     357864 total
- age  10:         32 bytes,     357896 total
- age  12:        360 bytes,     358256 total
- age  13:       2112 bytes,     360368 total
- age  14:         32 bytes,     360400 total
- age  15:         32 bytes,     360432 total
: 41588K->351K(46720K), 0.0022888 secs] 136171K->94934K(149984K), 0.0023334 secs] [Times: user=0.00 sys=0.00, real=0.00 secs] 
Total time for which application threads were stopped: 0.0026618 seconds
Application time: 0.0130776 seconds
2025-04-10T12:07:14.563-0500: 6800.858: [GC 6800.858: [DefNew
Desired survivor size 2654208 bytes, new threshold 15 (max 15)
- age   1:       8936 bytes,       8936 total
- age   2:     330496 bytes,     339432 total
- age   3:         32 bytes,     339464 total
- age   5:      25936 bytes,     365400 total
- age   8:         64 bytes,     365464 total
- age  11:         32 bytes,     365496 total
- age  13:        360 bytes,     365856 total
- age  14:       2112 bytes,     367968 total
- age  15:         32 bytes,     368000 total
: 41887K->359K(46720K), 0.0021072 secs] 136470K->94941K(149984K), 0.0021539 secs] [Times: user=0.00 sys=0.00, real=0.00 secs] 
Total time for which application threads were stopped: 0.0022997 seconds
Application time: 0.0133136 seconds
2025-04-10T12:07:14.578-0500: 6800.873: [GC 6800.873: [DefNew
Desired survivor size 2654208 bytes, new threshold 15 (max 15)
- age   1:        728 bytes,        728 total
- age   3:     330496 bytes,     331224 total
- age   4:         32 bytes,     331256 total
- age   6:      25936 bytes,     357192 total
- age   9:         64 bytes,     357256 total
- age  12:         32 bytes,     357288 total
- age  14:        360 bytes,     357648 total
- age  15:       2112 bytes,     359760 total
: 41895K->351K(46720K), 0.0020817 secs] 136477K->94933K(149984K), 0.0021281 secs] [Times: user=0.00 sys=0.00, real=0.00 secs] 
Total time for which application threads were stopped: 0.0022767 seconds
Application time: 0.0140278 seconds
2025-04-10T12:07:14.596-0500: 6800.890: [GC 6800.890: [DefNew
Desired survivor size 2654208 bytes, new threshold 15 (max 15)
- age   1:      27592 bytes,      27592 total
- age   4:     330376 bytes,     357968 total
- age   5:         32 bytes,     358000 total
- age   7:        568 bytes,     358568 total
- age  10:         64 bytes,     358632 total
- age  13:         32 bytes,     358664 total
- age  15:        360 bytes,     359024 total
: 41887K->350K(46720K), 0.0021019 secs] 136469K->94933K(149984K), 0.0021674 secs] [Times: user=0.00 sys=0.00, real=0.00 secs] 
Total time for which application threads were stopped: 0.0025613 seconds
Application time: 0.0135246 seconds
2025-04-10T12:07:14.612-0500: 6800.906: [GC 6800.906: [DefNew
Desired survivor size 2654208 bytes, new threshold 15 (max 15)
- age   1:       8936 bytes,       8936 total
- age   2:      27288 bytes,      36224 total
- age   5:     330376 bytes,     366600 total
- age   6:         32 bytes,     366632 total
- age   8:        568 bytes,     367200 total
- age  11:         64 bytes,     367264 total
- age  14:         32 bytes,     367296 total
: 41886K->358K(46720K), 0.0021879 secs] 136469K->94941K(149984K), 0.0022353 secs] [Times: user=0.00 sys=0.00, real=0.00 secs] 
Total time for which application threads were stopped: 0.0023811 seconds
Application time: 0.0188266 seconds
2025-04-10T12:07:14.633-0500: 6800.927: [GC 6800.927: [DefNew
Desired survivor size 2654208 bytes, new threshold 15 (max 15)
- age   1:       1832 bytes,       1832 total
- age   3:      25488 bytes,      27320 total
- age   6:     330240 bytes,     357560 total
- age   7:         32 bytes,     357592 total
- age   9:        568 bytes,     358160 total
- age  12:         64 bytes,     358224 total
- age  15:         32 bytes,     358256 total
: 41894K->349K(46720K), 0.0022498 secs] 136477K->94932K(149984K), 0.0023029 secs] [Times: user=0.00 sys=0.00, real=0.00 secs] 
Total time for which application threads were stopped: 0.0024505 seconds
Application time: 0.0634915 seconds
2025-04-10T12:07:14.701-0500: 6800.993: [GC 6800.993: [DefNew
Desired survivor size 2654208 bytes, new threshold 15 (max 15)
- age   1:       2968 bytes,       2968 total
- age   2:         80 bytes,       3048 total
- age   4:      25336 bytes,      28384 total
- age   7:     330144 bytes,     358528 total
- age   8:         32 bytes,     358560 total
- age  10:        472 bytes,     359032 total
- age  13:         64 bytes,     359096 total
: 41885K->350K(46720K), 0.0022583 secs] 136468K->94933K(149984K), 0.0023043 secs] [Times: user=0.00 sys=0.00, real=0.00 secs] 
Total time for which application threads were stopped: 0.0026041 seconds
Application time: 0.0403939 seconds
Total time for which application threads were stopped: 0.0001483 seconds
Application time: 0.0359667 seconds
2025-04-10T12:07:14.782-0500: 6801.072: [GC 6801.072: [DefNew
Desired survivor size 2654208 bytes, new threshold 15 (max 15)
- age   1:      23208 bytes,      23208 total
- age   2:        632 bytes,      23840 total
- age   5:      25336 bytes,      49176 total
- age   8:     330096 bytes,     379272 total
- age  11:        472 bytes,     379744 total
- age  14:         64 bytes,     379808 total
: 41886K->370K(46720K), 0.0030433 secs] 136469K->94953K(149984K), 0.0030893 secs] [Times: user=0.00 sys=0.00, real=0.00 secs] 
Total time for which application threads were stopped: 0.0033325 seconds
Application time: 0.0135844 seconds
2025-04-10T12:07:14.800-0500: 6801.089: [GC 6801.089: [DefNew
Desired survivor size 2654208 bytes, new threshold 15 (max 15)
- age   1:       2096 bytes,       2096 total
- age   2:      12352 bytes,      14448 total
- age   3:        568 bytes,      15016 total
- age   6:      25336 bytes,      40352 total
- age   9:     330096 bytes,     370448 total
- age  12:        472 bytes,     370920 total
- age  15:         64 bytes,     370984 total
: 41906K->362K(46720K), 0.0023925 secs] 136489K->94945K(149984K), 0.0024399 secs] [Times: user=0.00 sys=0.00, real=0.00 secs] 
Total time for which application threads were stopped: 0.0025917 seconds
Application time: 0.0133795 seconds
2025-04-10T12:07:14.816-0500: 6801.105: [GC 6801.105: [DefNew
Desired survivor size 2654208 bytes, new threshold 15 (max 15)
- age   1:        816 bytes,        816 total
- age   2:       1832 bytes,       2648 total
- age   3:      12072 bytes,      14720 total
- age   4:        536 bytes,      15256 total
- age   7:      25336 bytes,      40592 total
- age  10:     330096 bytes,     370688 total
- age  13:        472 bytes,     371160 total
: 41898K->362K(46720K), 0.0022392 secs] 136481K->94945K(149984K), 0.0022859 secs] [Times: user=0.00 sys=0.00, real=0.00 secs] 
Total time for which application threads were stopped: 0.0024311 seconds
Application time: 0.0133957 seconds
2025-04-10T12:07:14.832-0500: 6801.121: [GC 6801.121: [DefNew
Desired survivor size 2654208 bytes, new threshold 15 (max 15)
- age   1:      34304 bytes,      34304 total
- age   2:         88 bytes,      34392 total
- age   3:       1832 bytes,      36224 total
- age   4:      12072 bytes,      48296 total
- age   5:        536 bytes,      48832 total
- age  11:     330096 bytes,     378928 total
- age  14:        472 bytes,     379400 total
: 41898K->370K(46720K), 0.0023415 secs] 136481K->94953K(149984K), 0.0023889 secs] [Times: user=0.00 sys=0.00, real=0.00 secs] 
Total time for which application threads were stopped: 0.0026246 seconds
Application time: 0.0134502 seconds
2025-04-10T12:07:14.849-0500: 6801.137: [GC 6801.137: [DefNew
Desired survivor size 2654208 bytes, new threshold 15 (max 15)
- age   1:      10952 bytes,      10952 total
- age   2:      25368 bytes,      36320 total
- age   3:         56 bytes,      36376 total
- age   4:         96 bytes,      36472 total
- age   5:      11976 bytes,      48448 total
- age   6:        536 bytes,      48984 total
- age  12:     330096 bytes,     379080 total
- age  15:        472 bytes,     379552 total
: 41906K->370K(46720K), 0.0024222 secs] 136489K->94953K(149984K), 0.0024771 secs] [Times: user=0.00 sys=0.00, real=0.00 secs] 
Total time for which application threads were stopped: 0.0026300 seconds
Application time: 0.0410260 seconds
Total time for which application threads were stopped: 0.0001256 seconds
Application time: 0.0106377 seconds
2025-04-10T12:07:14.904-0500: 6801.191: [GC 6801.191: [DefNew
Desired survivor size 2654208 bytes, new threshold 15 (max 15)
- age   1:       2592 bytes,       2592 total
- age   2:         96 bytes,       2688 total
- age   3:      25336 bytes,      28024 total
- age   6:      11696 bytes,      39720 total
- age   7:        504 bytes,      40224 total
- age  13:     330032 bytes,     370256 total
: 41906K->361K(46720K), 0.0023748 secs] 136489K->94944K(149984K), 0.0024229 secs] [Times: user=0.00 sys=0.00, real=0.00 secs] 
Total time for which application threads were stopped: 0.0025606 seconds
Application time: 0.0349418 seconds
2025-04-10T12:07:14.943-0500: 6801.229: [GC 6801.229: [DefNew
Desired survivor size 2654208 bytes, new threshold 15 (max 15)
- age   1:      11672 bytes,      11672 total
- age   2:        392 bytes,      12064 total
- age   4:      25336 bytes,      37400 total
- age   7:      11696 bytes,      49096 total
- age   8:        472 bytes,      49568 total
- age  14:     330032 bytes,     379600 total
: 41897K->370K(46720K), 0.0023603 secs] 136480K->94954K(149984K), 0.0024073 secs] [Times: user=0.00 sys=0.00, real=0.00 secs] 
Total time for which application threads were stopped: 0.0026126 seconds
Application time: 0.0134478 seconds
2025-04-10T12:07:14.959-0500: 6801.245: [GC 6801.245: [DefNew
Desired survivor size 2654208 bytes, new threshold 15 (max 15)
- age   1:        848 bytes,        848 total
- age   2:       2536 bytes,       3384 total
- age   3:        336 bytes,       3720 total
- age   5:      25336 bytes,      29056 total
- age   8:      11696 bytes,      40752 total
- age   9:        472 bytes,      41224 total
- age  15:     330032 bytes,     371256 total
: 41906K->362K(46720K), 0.0022548 secs] 136490K->94945K(149984K), 0.0023036 secs] [Times: user=0.00 sys=0.00, real=0.00 secs] 
Total time for which application threads were stopped: 0.0024512 seconds
Application time: 0.0137072 seconds
2025-04-10T12:07:14.976-0500: 6801.261: [GC 6801.261: [DefNew
Desired survivor size 2654208 bytes, new threshold 15 (max 15)
- age   1:        152 bytes,        152 total
- age   2:        120 bytes,        272 total
- age   3:       2352 bytes,       2624 total
- age   4:        336 bytes,       2960 total
- age   6:      25336 bytes,      28296 total
- age   9:      11664 bytes,      39960 total
- age  10:        472 bytes,      40432 total
: 41898K->39K(46720K), 0.0023981 secs] 136481K->94945K(149984K), 0.0024647 secs] [Times: user=0.00 sys=0.00, real=0.00 secs] 
Total time for which application threads were stopped: 0.0026119 seconds
Application time: 0.0543184 seconds
2025-04-10T12:07:15.034-0500: 6801.318: [GC 6801.318: [DefNew
Desired survivor size 2654208 bytes, new threshold 15 (max 15)
- age   1:      12016 bytes,      12016 total
- age   2:         32 bytes,      12048 total
- age   3:         96 bytes,      12144 total
- age   4:        552 bytes,      12696 total
- age   5:        208 bytes,      12904 total
- age  10:      11328 bytes,      24232 total
- age  11:        472 bytes,      24704 total
: 41575K->24K(46720K), 0.0019678 secs] 136481K->94929K(149984K), 0.0020152 secs] [Times: user=0.00 sys=0.00, real=0.00 secs] 
Total time for which application threads were stopped: 0.0023128 seconds
Application time: 0.0137033 seconds
2025-04-10T12:07:15.051-0500: 6801.334: [GC 6801.334: [DefNew
Desired survivor size 2654208 bytes, new threshold 15 (max 15)
- age   1:      10952 bytes,      10952 total
- age   2:       1128 bytes,      12080 total
- age   3:         32 bytes,      12112 total
- age   4:         64 bytes,      12176 total
- age   5:        520 bytes,      12696 total
- age   6:        208 bytes,      12904 total
- age  11:      11328 bytes,      24232 total
- age  12:        472 bytes,      24704 total
: 41560K->24K(46720K), 0.0018559 secs] 136465K->94929K(149984K), 0.0019062 secs] [Times: user=0.02 sys=0.00, real=0.00 secs] 
Total time for which application threads were stopped: 0.0020573 seconds
Application time: 0.0197496 seconds
2025-04-10T12:07:15.073-0500: 6801.356: [GC 6801.356: [DefNew
Desired survivor size 2654208 bytes, new threshold 15 (max 15)
- age   1:        304 bytes,        304 total
- age   2:       1864 bytes,       2168 total
- age   3:       1072 bytes,       3240 total
- age   4:         32 bytes,       3272 total
- age   5:         32 bytes,       3304 total
- age   6:        424 bytes,       3728 total
- age   7:        208 bytes,       3936 total
- age  12:      11328 bytes,      15264 total
- age  13:        472 bytes,      15736 total
: 41560K->15K(46720K), 0.0018655 secs] 136465K->94921K(149984K), 0.0019143 secs] [Times: user=0.00 sys=0.00, real=0.00 secs] 
Total time for which application threads were stopped: 0.0021104 seconds
Application time: 0.0455812 seconds
2025-04-10T12:07:15.122-0500: 6801.404: [GC 6801.404: [DefNew
Desired survivor size 2654208 bytes, new threshold 15 (max 15)
- age   1:       2680 bytes,       2680 total
- age   2:         80 bytes,       2760 total
- age   3:       1832 bytes,       4592 total
- age   4:        920 bytes,       5512 total
- age   5:         32 bytes,       5544 total
- age   6:         32 bytes,       5576 total
- age   7:        424 bytes,       6000 total
- age   8:        208 bytes,       6208 total
- age  13:      11328 bytes,      17536 total
- age  14:        408 bytes,      17944 total
: 41551K->17K(46720K), 0.0019207 secs] 136457K->94923K(149984K), 0.0019660 secs] [Times: user=0.00 sys=0.00, real=0.00 secs] 
Total time for which application threads were stopped: 0.0023886 seconds
Application time: 0.0303586 seconds
2025-04-10T12:07:15.155-0500: 6801.436: [GC 6801.436: [DefNew
Desired survivor size 2654208 bytes, new threshold 15 (max 15)
- age   1:         16 bytes,         16 total
- age   2:       2680 bytes,       2696 total
- age   3:         80 bytes,       2776 total
- age   4:       1832 bytes,       4608 total
- age   5:        920 bytes,       5528 total
- age   6:         32 bytes,       5560 total
- age   7:         32 bytes,       5592 total
- age   8:        424 bytes,       6016 total
- age   9:        208 bytes,       6224 total
- age  14:      11328 bytes,      17552 total
- age  15:        408 bytes,      17960 total
: 41553K->17K(46720K), 0.0020294 secs] 136459K->94923K(149984K), 0.0020771 secs] [Times: user=0.00 sys=0.00, real=0.00 secs] 
Total time for which application threads were stopped: 0.0022265 seconds
Application time: 0.0624248 seconds
2025-04-10T12:07:15.222-0500: 6801.501: [GC 6801.501: [DefNew
Desired survivor size 2654208 bytes, new threshold 15 (max 15)
- age   1:      76504 bytes,      76504 total
- age   3:        728 bytes,      77232 total
- age   4:         32 bytes,      77264 total
- age   6:        856 bytes,      78120 total
- age   8:         32 bytes,      78152 total
- age   9:        392 bytes,      78544 total
- age  10:        144 bytes,      78688 total
- age  15:      10552 bytes,      89240 total
: 41553K->87K(46720K), 0.0025776 secs] 136459K->94993K(149984K), 0.0026246 secs] [Times: user=0.00 sys=0.00, real=0.00 secs] 
Total time for which application threads were stopped: 0.0029456 seconds
Application time: 0.0132715 seconds
2025-04-10T12:07:15.238-0500: 6801.517: [GC 6801.517: [DefNew
Desired survivor size 2654208 bytes, new threshold 15 (max 15)
- age   1:       9000 bytes,       9000 total
- age   2:      75288 bytes,      84288 total
- age   4:        728 bytes,      85016 total
- age   5:         32 bytes,      85048 total
- age   7:        856 bytes,      85904 total
- age   9:         32 bytes,      85936 total
- age  10:        392 bytes,      86328 total
- age  11:        144 bytes,      86472 total
: 41623K->84K(46720K), 0.0019858 secs] 136529K->95000K(149984K), 0.0020371 secs] [Times: user=0.00 sys=0.00, real=0.00 secs] 
Total time for which application threads were stopped: 0.0022010 seconds
Application time: 0.0219131 seconds
2025-04-10T12:07:15.264-0500: 6801.542: [GC 6801.542: [DefNew
Desired survivor size 2654208 bytes, new threshold 15 (max 15)
- age   1:      10976 bytes,      10976 total
- age   2:         64 bytes,      11040 total
- age   3:      73344 bytes,      84384 total
- age   5:        728 bytes,      85112 total
- age   6:         32 bytes,      85144 total
- age   8:        856 bytes,      86000 total
- age  10:         32 bytes,      86032 total
- age  11:        392 bytes,      86424 total
- age  12:        144 bytes,      86568 total
: 41620K->84K(46720K), 0.0020180 secs] 136536K->95000K(149984K), 0.0020640 secs] [Times: user=0.00 sys=0.00, real=0.00 secs] 
Total time for which application threads were stopped: 0.0023550 seconds
Application time: 0.0553748 seconds
2025-04-10T12:07:15.322-0500: 6801.599: [GC 6801.599: [DefNew
Desired survivor size 2654208 bytes, new threshold 15 (max 15)
- age   1:      11264 bytes,      11264 total
- age   2:       9032 bytes,      20296 total
- age   3:         32 bytes,      20328 total
- age   4:      73088 bytes,      93416 total
- age   7:         32 bytes,      93448 total
- age   9:        856 bytes,      94304 total
- age  11:         32 bytes,      94336 total
- age  12:        392 bytes,      94728 total
- age  13:        144 bytes,      94872 total
: 41620K->92K(46720K), 0.0019752 secs] 136536K->95009K(149984K), 0.0020209 secs] [Times: user=0.00 sys=0.00, real=0.00 secs] 
Total time for which application threads were stopped: 0.0023896 seconds
Application time: 0.0131271 seconds
2025-04-10T12:07:15.339-0500: 6801.615: [GC 6801.615: [DefNew
Desired survivor size 2654208 bytes, new threshold 15 (max 15)
- age   1:       9032 bytes,       9032 total
- age   2:       2080 bytes,      11112 total
- age   3:       9032 bytes,      20144 total
- age   4:         32 bytes,      20176 total
- age   5:      73088 bytes,      93264 total
- age   8:         32 bytes,      93296 total
- age  10:        856 bytes,      94152 total
- age  12:         32 bytes,      94184 total
- age  13:        392 bytes,      94576 total
- age  14:        144 bytes,      94720 total
: 41628K->92K(46720K), 0.0019384 secs] 136545K->95008K(149984K), 0.0019855 secs] [Times: user=0.02 sys=0.00, real=0.00 secs] 
Total time for which application threads were stopped: 0.0021302 seconds
Application time: 0.0137235 seconds
2025-04-10T12:07:15.355-0500: 6801.631: [GC 6801.631: [DefNew
Desired survivor size 2654208 bytes, new threshold 15 (max 15)
- age   1:        368 bytes,        368 total
- age   2:         96 bytes,        464 total
- age   3:       2048 bytes,       2512 total
- age   4:       9000 bytes,      11512 total
- age   5:         32 bytes,      11544 total
- age   6:      73088 bytes,      84632 total
- age   9:         32 bytes,      84664 total
- age  11:        856 bytes,      85520 total
- age  13:         32 bytes,      85552 total
- age  14:        392 bytes,      85944 total
- age  15:        144 bytes,      86088 total
: 41628K->84K(46720K), 0.0020605 secs] 136544K->95000K(149984K), 0.0021083 secs] [Times: user=0.02 sys=0.00, real=0.00 secs] 
Total time for which application threads were stopped: 0.0022736 seconds
Application time: 0.0135090 seconds
2025-04-10T12:07:15.371-0500: 6801.646: [GC 6801.646: [DefNew
Desired survivor size 2654208 bytes, new threshold 15 (max 15)
- age   1:       9056 bytes,       9056 total
- age   2:         64 bytes,       9120 total
- age   3:         96 bytes,       9216 total
- age   4:       2024 bytes,      11240 total
- age   5:       8968 bytes,      20208 total
- age   6:         32 bytes,      20240 total
- age   7:      73088 bytes,      93328 total
- age  10:         32 bytes,      93360 total
- age  12:        856 bytes,      94216 total
- age  14:         32 bytes,      94248 total
- age  15:        392 bytes,      94640 total
: 41620K->92K(46720K), 0.0020920 secs] 136536K->95008K(149984K), 0.0021483 secs] [Times: user=0.01 sys=0.00, real=0.00 secs] 
Total time for which application threads were stopped: 0.0022951 seconds
Application time: 0.0134609 seconds
2025-04-10T12:07:15.387-0500: 6801.662: [GC 6801.662: [DefNew
Desired survivor size 2654208 bytes, new threshold 15 (max 15)
- age   1:       2472 bytes,       2472 total
- age   2:        120 bytes,       2592 total
- age   3:         64 bytes,       2656 total
- age   4:         64 bytes,       2720 total
- age   5:        376 bytes,       3096 total
- age   6:       8936 bytes,      12032 total
- age   7:         32 bytes,      12064 total
- age   8:      73088 bytes,      85152 total
- age  11:         32 bytes,      85184 total
- age  13:        856 bytes,      86040 total
- age  15:         32 bytes,      86072 total
: 41628K->84K(46720K), 0.0019458 secs] 136544K->95000K(149984K), 0.0019929 secs] [Times: user=0.02 sys=0.00, real=0.00 secs] 
Total time for which application threads were stopped: 0.0021433 seconds
Application time: 0.0482749 seconds
2025-04-10T12:07:15.439-0500: 6801.713: [GC 6801.713: [DefNew
Desired survivor size 2654208 bytes, new threshold 15 (max 15)
- age   1:      38608 bytes,      38608 total
- age   2:         96 bytes,      38704 total
- age   3:         96 bytes,      38800 total
- age   4:         32 bytes,      38832 total
- age   5:         64 bytes,      38896 total
- age   6:        144 bytes,      39040 total
- age   7:       8936 bytes,      47976 total
- age   8:         32 bytes,      48008 total
- age   9:      33056 bytes,      81064 total
- age  12:         32 bytes,      81096 total
- age  14:        856 bytes,      81952 total
: 41620K->80K(46720K), 0.0023610 secs] 136536K->94996K(149984K), 0.0024095 secs] [Times: user=0.00 sys=0.00, real=0.00 secs] 
Total time for which application threads were stopped: 0.0025854 seconds
Application time: 0.0658408 seconds
2025-04-10T12:07:15.509-0500: 6801.781: [GC 6801.781: [DefNew
Desired survivor size 2654208 bytes, new threshold 15 (max 15)
- age   1:       4280 bytes,       4280 total
- age   2:      36024 bytes,      40304 total
- age   3:         32 bytes,      40336 total
- age   4:         64 bytes,      40400 total
- age   6:         32 bytes,      40432 total
- age   7:         80 bytes,      40512 total
- age   9:         32 bytes,      40544 total
- age  10:      32992 bytes,      73536 total
- age  13:         32 bytes,      73568 total
- age  15:        856 bytes,      74424 total
: 41616K->72K(46720K), 0.0026300 secs] 136532K->94989K(149984K), 0.0026749 secs] [Times: user=0.00 sys=0.00, real=0.00 secs] 
Total time for which application threads were stopped: 0.0031024 seconds
Application time: 0.0139245 seconds
2025-04-10T12:07:15.526-0500: 6801.798: [GC 6801.798: [DefNew
Desired survivor size 2654208 bytes, new threshold 15 (max 15)
- age   1:       3240 bytes,       3240 total
- age   2:       1576 bytes,       4816 total
- age   3:      35928 bytes,      40744 total
- age   4:         32 bytes,      40776 total
- age   5:         64 bytes,      40840 total
- age   7:         32 bytes,      40872 total
- age   8:         80 bytes,      40952 total
- age  10:         32 bytes,      40984 total
- age  11:      32992 bytes,      73976 total
- age  14:         32 bytes,      74008 total
: 41608K->72K(46720K), 0.0020853 secs] 136525K->94989K(149984K), 0.0021313 secs] [Times: user=0.00 sys=0.00, real=0.00 secs] 
Total time for which application threads were stopped: 0.0022775 seconds
Application time: 0.0147105 seconds
2025-04-10T12:07:15.544-0500: 6801.815: [GC 6801.815: [DefNew
Desired survivor size 2654208 bytes, new threshold 15 (max 15)
- age   1:       9168 bytes,       9168 total
- age   2:       2512 bytes,      11680 total
- age   3:       1416 bytes,      13096 total
- age   4:      35928 bytes,      49024 total
- age   5:         32 bytes,      49056 total
- age   6:         64 bytes,      49120 total
- age   8:         32 bytes,      49152 total
- age   9:         80 bytes,      49232 total
- age  11:         32 bytes,      49264 total
- age  12:      32992 bytes,      82256 total
- age  15:         32 bytes,      82288 total
: 41608K->80K(46720K), 0.0026830 secs] 136525K->94997K(149984K), 0.0027308 secs] [Times: user=0.00 sys=0.00, real=0.00 secs] 
Total time for which application threads were stopped: 0.0032741 seconds
Application time: 0.0404155 seconds
Total time for which application threads were stopped: 0.0000945 seconds
Application time: 0.0383748 seconds
2025-04-10T12:07:15.629-0500: 6801.898: [GC 6801.898: [DefNew
Desired survivor size 2654208 bytes, new threshold 15 (max 15)
- age   1:      16560 bytes,      16560 total
- age   2:       9016 bytes,      25576 total
- age   3:        744 bytes,      26320 total
- age   4:       1288 bytes,      27608 total
- age   5:      34704 bytes,      62312 total
- age   6:         32 bytes,      62344 total
- age   7:         64 bytes,      62408 total
- age   9:         32 bytes,      62440 total
- age  10:         80 bytes,      62520 total
- age  12:         32 bytes,      62552 total
- age  13:      32992 bytes,      95544 total
: 41616K->93K(46720K), 0.0020432 secs] 136533K->95010K(149984K), 0.0020846 secs] [Times: user=0.00 sys=0.00, real=0.00 secs] 
Total time for which application threads were stopped: 0.0031573 seconds
Application time: 0.0129516 seconds
2025-04-10T12:07:15.644-0500: 6801.913: [GC 6801.913: [DefNew
Desired survivor size 2654208 bytes, new threshold 15 (max 15)
- age   1:        760 bytes,        760 total
- age   2:       7288 bytes,       8048 total
- age   3:       9016 bytes,      17064 total
- age   4:        744 bytes,      17808 total
- age   5:       1288 bytes,      19096 total
- age   6:      34704 bytes,      53800 total
- age   7:         32 bytes,      53832 total
- age   8:         64 bytes,      53896 total
- age  10:         32 bytes,      53928 total
- age  11:         80 bytes,      54008 total
- age  13:         32 bytes,      54040 total
- age  14:      32992 bytes,      87032 total
: 41629K->84K(46720K), 0.0020449 secs] 136546K->95002K(149984K), 0.0020916 secs] [Times: user=0.02 sys=0.00, real=0.00 secs] 
Total time for which application threads were stopped: 0.0022509 seconds
Application time: 0.0133207 seconds
2025-04-10T12:07:15.661-0500: 6801.929: [GC 6801.929: [DefNew
Desired survivor size 2654208 bytes, new threshold 15 (max 15)
- age   1:       9320 bytes,       9320 total
- age   2:         32 bytes,       9352 total
- age   3:       7224 bytes,      16576 total
- age   4:       9016 bytes,      25592 total
- age   5:        744 bytes,      26336 total
- age   6:       1288 bytes,      27624 total
- age   7:      34704 bytes,      62328 total
- age   8:         32 bytes,      62360 total
- age   9:         64 bytes,      62424 total
- age  11:         32 bytes,      62456 total
- age  12:         80 bytes,      62536 total
- age  14:         32 bytes,      62568 total
- age  15:      32992 bytes,      95560 total
: 41620K->93K(46720K), 0.0021401 secs] 136538K->95010K(149984K), 0.0021858 secs] [Times: user=0.00 sys=0.00, real=0.00 secs] 
Total time for which application threads were stopped: 0.0023238 seconds
Application time: 0.0236052 seconds
2025-04-10T12:07:15.687-0500: 6801.955: [GC 6801.955: [DefNew
Desired survivor size 2654208 bytes, new threshold 15 (max 15)
- age   1:       2008 bytes,       2008 total
- age   2:        184 bytes,       2192 total
- age   4:       5336 bytes,       7528 total
- age   5:       9016 bytes,      16544 total
- age   6:        744 bytes,      17288 total
- age   7:       1288 bytes,      18576 total
- age   8:      34704 bytes,      53280 total
- age   9:         32 bytes,      53312 total
- age  10:         64 bytes,      53376 total
- age  12:         32 bytes,      53408 total
- age  13:         80 bytes,      53488 total
- age  15:         32 bytes,      53520 total
: 41629K->52K(46720K), 0.0021249 secs] 136546K->95001K(149984K), 0.0021762 secs] [Times: user=0.00 sys=0.00, real=0.00 secs] 
Total time for which application threads were stopped: 0.0024866 seconds
Application time: 0.0134113 seconds
2025-04-10T12:07:15.704-0500: 6801.971: [GC 6801.971: [DefNew
Desired survivor size 2654208 bytes, new threshold 15 (max 15)
- age   1:       9016 bytes,       9016 total
- age   2:       1816 bytes,      10832 total
- age   5:       5336 bytes,      16168 total
- age   6:         80 bytes,      16248 total
- age   7:        744 bytes,      16992 total
- age   8:       1288 bytes,      18280 total
- age   9:      34704 bytes,      52984 total
- age  10:         32 bytes,      53016 total
- age  11:         64 bytes,      53080 total
- age  13:         32 bytes,      53112 total
- age  14:         80 bytes,      53192 total
: 41588K->51K(46720K), 0.0020081 secs] 136537K->95001K(149984K), 0.0020538 secs] [Times: user=0.00 sys=0.00, real=0.00 secs] 
Total time for which application threads were stopped: 0.0021907 seconds
Application time: 0.0540267 seconds
2025-04-10T12:07:15.761-0500: 6802.027: [GC 6802.027: [DefNew
Desired survivor size 2654208 bytes, new threshold 15 (max 15)
- age   1:       3768 bytes,       3768 total
- age   2:         48 bytes,       3816 total
- age   3:        112 bytes,       3928 total
- age   6:       5208 bytes,       9136 total
- age   7:         80 bytes,       9216 total
- age   8:        744 bytes,       9960 total
- age   9:       1192 bytes,      11152 total
- age  10:      34672 bytes,      45824 total
- age  11:         32 bytes,      45856 total
- age  12:         64 bytes,      45920 total
- age  15:         80 bytes,      46000 total
: 41587K->44K(46720K), 0.0020984 secs] 136537K->94994K(149984K), 0.0021444 secs] [Times: user=0.00 sys=0.00, real=0.00 secs] 
Total time for which application threads were stopped: 0.0024403 seconds
Application time: 0.0259318 seconds
2025-04-10T12:07:15.790-0500: 6802.055: [GC 6802.056: [DefNew
Desired survivor size 2654208 bytes, new threshold 15 (max 15)
- age   1:      29688 bytes,      29688 total
- age   2:        792 bytes,      30480 total
- age   3:         48 bytes,      30528 total
- age   4:         16 bytes,      30544 total
- age   7:       4448 bytes,      34992 total
- age   8:         80 bytes,      35072 total
- age   9:        744 bytes,      35816 total
- age  10:       1192 bytes,      37008 total
- age  11:      34672 bytes,      71680 total
- age  12:         32 bytes,      71712 total
- age  13:         64 bytes,      71776 total
: 41580K->70K(46720K), 0.0019511 secs] 136530K->95019K(149984K), 0.0019950 secs] [Times: user=0.00 sys=0.00, real=0.00 secs] 
Total time for which application threads were stopped: 0.0022810 seconds
Application time: 0.0617142 seconds
2025-04-10T12:07:15.855-0500: 6802.119: [GC 6802.119: [DefNew
Desired survivor size 2654208 bytes, new threshold 15 (max 15)
- age   1:      11008 bytes,      11008 total
- age   2:      27712 bytes,      38720 total
- age   3:        696 bytes,      39416 total
- age   4:         48 bytes,      39464 total
- age   8:       4448 bytes,      43912 total
- age   9:         80 bytes,      43992 total
- age  10:        744 bytes,      44736 total
- age  11:       1192 bytes,      45928 total
- age  12:      34672 bytes,      80600 total
- age  13:         32 bytes,      80632 total
- age  14:         64 bytes,      80696 total
: 41606K->78K(46720K), 0.0020559 secs] 136555K->95028K(149984K), 0.0020987 secs] [Times: user=0.00 sys=0.00, real=0.00 secs] 
Total time for which application threads were stopped: 0.0023189 seconds
Application time: 0.0133756 seconds
2025-04-10T12:07:15.872-0500: 6802.135: [GC 6802.135: [DefNew
Desired survivor size 2654208 bytes, new threshold 15 (max 15)
- age   1:       9152 bytes,       9152 total
- age   2:       1888 bytes,      11040 total
- age   3:      27680 bytes,      38720 total
- age   4:        696 bytes,      39416 total
- age   5:         48 bytes,      39464 total
- age   9:       4448 bytes,      43912 total
- age  10:         80 bytes,      43992 total
- age  11:        744 bytes,      44736 total
- age  12:       1192 bytes,      45928 total
- age  13:      34672 bytes,      80600 total
- age  14:         32 bytes,      80632 total
- age  15:         64 bytes,      80696 total
: 41614K->78K(46720K), 0.0022300 secs] 136564K->95028K(149984K), 0.0022852 secs] [Times: user=0.00 sys=0.00, real=0.00 secs] 
Total time for which application threads were stopped: 0.0024948 seconds
Application time: 0.0136898 seconds
2025-04-10T12:07:15.888-0500: 6802.151: [GC 6802.151: [DefNew
Desired survivor size 2654208 bytes, new threshold 15 (max 15)
- age   1:       2560 bytes,       2560 total
- age   2:         64 bytes,       2624 total
- age   3:        216 bytes,       2840 total
- age   4:      27584 bytes,      30424 total
- age   5:        696 bytes,      31120 total
- age   6:         48 bytes,      31168 total
- age  10:       4448 bytes,      35616 total
- age  11:         80 bytes,      35696 total
- age  12:        744 bytes,      36440 total
- age  13:       1192 bytes,      37632 total
- age  14:      34672 bytes,      72304 total
- age  15:         32 bytes,      72336 total
: 41614K->70K(46720K), 0.0020899 secs] 136564K->95020K(149984K), 0.0021352 secs] [Times: user=0.00 sys=0.00, real=0.00 secs] 
Total time for which application threads were stopped: 0.0022750 seconds
Application time: 0.0130422 seconds
2025-04-10T12:07:15.905-0500: 6802.167: [GC 6802.167: [DefNew
Desired survivor size 2654208 bytes, new threshold 15 (max 15)
- age   1:      17904 bytes,      17904 total
- age   2:       1832 bytes,      19736 total
- age   3:         64 bytes,      19800 total
- age   4:        216 bytes,      20016 total
- age   5:       2248 bytes,      22264 total
- age   6:        696 bytes,      22960 total
- age   7:         48 bytes,      23008 total
- age  11:       4448 bytes,      27456 total
- age  12:         80 bytes,      27536 total
- age  13:        744 bytes,      28280 total
- age  14:       1192 bytes,      29472 total
- age  15:      34672 bytes,      64144 total
: 41606K->62K(46720K), 0.0020959 secs] 136556K->95012K(149984K), 0.0021401 secs] [Times: user=0.00 sys=0.00, real=0.00 secs] 
Total time for which application threads were stopped: 0.0024045 seconds
Application time: 0.0132807 seconds
2025-04-10T12:07:15.920-0500: 6802.182: [GC 6802.182: [DefNew
Desired survivor size 2654208 bytes, new threshold 15 (max 15)
- age   1:       9216 bytes,       9216 total
- age   2:       8968 bytes,      18184 total
- age   3:       1832 bytes,      20016 total
- age   4:         64 bytes,      20080 total
- age   5:        184 bytes,      20264 total
- age   6:       2248 bytes,      22512 total
- age   7:        664 bytes,      23176 total
- age   8:         48 bytes,      23224 total
- age  12:       4448 bytes,      27672 total
- age  13:         80 bytes,      27752 total
- age  14:        744 bytes,      28496 total
- age  15:       1128 bytes,      29624 total
: 41598K->28K(46720K), 0.0019837 secs] 136548K->95012K(149984K), 0.0020839 secs] [Times: user=0.00 sys=0.00, real=0.00 secs] 
Total time for which application threads were stopped: 0.0022226 seconds
Application time: 0.0226538 seconds
2025-04-10T12:07:15.946-0500: 6802.207: [GC 6802.207: [DefNew
Desired survivor size 2654208 bytes, new threshold 15 (max 15)
- age   1:      19672 bytes,      19672 total
- age   2:        128 bytes,      19800 total
- age   3:         32 bytes,      19832 total
- age   4:        160 bytes,      19992 total
- age   5:         32 bytes,      20024 total
- age   6:         88 bytes,      20112 total
- age   7:       2248 bytes,      22360 total
- age   8:        664 bytes,      23024 total
- age   9:         48 bytes,      23072 total
- age  13:       4448 bytes,      27520 total
- age  14:         80 bytes,      27600 total
- age  15:        744 bytes,      28344 total
: 41564K->27K(46720K), 0.0017965 secs] 136548K->95012K(149984K), 0.0019023 secs] [Times: user=0.00 sys=0.00, real=0.00 secs] 
Total time for which application threads were stopped: 0.0021019 seconds
Application time: 0.0131887 seconds
2025-04-10T12:07:15.961-0500: 6802.222: [GC 6802.222: [DefNew
Desired survivor size 2654208 bytes, new threshold 15 (max 15)
- age   1:       9000 bytes,       9000 total
- age   2:      10736 bytes,      19736 total
- age   3:        128 bytes,      19864 total
- age   4:         32 bytes,      19896 total
- age   5:        160 bytes,      20056 total
- age   6:         32 bytes,      20088 total
- age   7:         88 bytes,      20176 total
- age   8:       2248 bytes,      22424 total
- age   9:        664 bytes,      23088 total
- age  10:         48 bytes,      23136 total
- age  14:       4448 bytes,      27584 total
- age  15:         80 bytes,      27664 total
: 41554K->27K(46720K), 0.0018351 secs] 136539K->95012K(149984K), 0.0018804 secs] [Times: user=0.00 sys=0.00, real=0.00 secs] 
Total time for which application threads were stopped: 0.0020194 seconds
Application time: 0.0135384 seconds
2025-04-10T12:07:15.977-0500: 6802.238: [GC 6802.238: [DefNew
Desired survivor size 2654208 bytes, new threshold 15 (max 15)
- age   1:       9544 bytes,       9544 total
- age   2:         64 bytes,       9608 total
- age   3:      10704 bytes,      20312 total
- age   4:        128 bytes,      20440 total
- age   5:         32 bytes,      20472 total
- age   6:        160 bytes,      20632 total
- age   8:         88 bytes,      20720 total
- age   9:       2248 bytes,      22968 total
- age  10:        632 bytes,      23600 total
- age  11:         48 bytes,      23648 total
- age  15:       4448 bytes,      28096 total
: 41563K->27K(46720K), 0.0018839 secs] 136548K->95012K(149984K), 0.0019306 secs] [Times: user=0.00 sys=0.00, real=0.00 secs] 
Total time for which application threads were stopped: 0.0020672 seconds
Application time: 0.0268647 seconds
2025-04-10T12:07:16.007-0500: 6802.267: [GC 6802.267: [DefNew
Desired survivor size 2654208 bytes, new threshold 15 (max 15)
- age   1:      10832 bytes,      10832 total
- age   2:        424 bytes,      11256 total
- age   3:         32 bytes,      11288 total
- age   4:       9064 bytes,      20352 total
- age   5:        128 bytes,      20480 total
- age   6:         32 bytes,      20512 total
- age   7:         64 bytes,      20576 total
- age  10:       2248 bytes,      22824 total
- age  11:        600 bytes,      23424 total
- age  12:         48 bytes,      23472 total
: 41563K->22K(46720K), 0.0019964 secs] 136548K->95012K(149984K), 0.0020410 secs] [Times: user=0.00 sys=0.00, real=0.00 secs] 
Total time for which application threads were stopped: 0.0022580 seconds
Application time: 0.0514283 seconds
2025-04-10T12:07:16.062-0500: 6802.321: [GC 6802.321: [DefNew
Desired survivor size 2654208 bytes, new threshold 15 (max 15)
- age   1:      11984 bytes,      11984 total
- age   2:         96 bytes,      12080 total
- age   3:        424 bytes,      12504 total
- age   4:         32 bytes,      12536 total
- age   5:       8968 bytes,      21504 total
- age   6:         96 bytes,      21600 total
- age   7:         32 bytes,      21632 total
- age   8:         64 bytes,      21696 total
- age  11:       2248 bytes,      23944 total
- age  12:        600 bytes,      24544 total
- age  13:         48 bytes,      24592 total
: 41558K->24K(46720K), 0.0019211 secs] 136548K->95013K(149984K), 0.0019657 secs] [Times: user=0.00 sys=0.00, real=0.00 secs] 
Total time for which application threads were stopped: 0.0022137 seconds
Application time: 0.0135642 seconds
2025-04-10T12:07:16.078-0500: 6802.336: [GC 6802.336: [DefNew
Desired survivor size 2654208 bytes, new threshold 15 (max 15)
- age   1:       9152 bytes,       9152 total
- age   2:       2864 bytes,      12016 total
- age   3:         96 bytes,      12112 total
- age   4:        392 bytes,      12504 total
- age   5:         32 bytes,      12536 total
- age   6:       8968 bytes,      21504 total
- age   7:         96 bytes,      21600 total
- age   8:         32 bytes,      21632 total
- age   9:         64 bytes,      21696 total
- age  12:       2248 bytes,      23944 total
- age  13:        600 bytes,      24544 total
- age  14:         48 bytes,      24592 total
: 41560K->24K(46720K), 0.0019497 secs] 136549K->95013K(149984K), 0.0020000 secs] [Times: user=0.00 sys=0.00, real=0.00 secs] 
Total time for which application threads were stopped: 0.0021461 seconds
Application time: 0.0133087 seconds
2025-04-10T12:07:16.094-0500: 6802.352: [GC 6802.352: [DefNew
Desired survivor size 2654208 bytes, new threshold 15 (max 15)
- age   1:      10752 bytes,      10752 total
- age   2:         64 bytes,      10816 total
- age   3:       1160 bytes,      11976 total
- age   4:         32 bytes,      12008 total
- age   5:        392 bytes,      12400 total
- age   6:         32 bytes,      12432 total
- age   7:         32 bytes,      12464 total
- age   8:         96 bytes,      12560 total
- age   9:         32 bytes,      12592 total
- age  10:         64 bytes,      12656 total
- age  13:       2248 bytes,      14904 total
- age  14:        600 bytes,      15504 total
- age  15:         48 bytes,      15552 total
: 41560K->15K(46720K), 0.0018743 secs] 136549K->95004K(149984K), 0.0019193 secs] [Times: user=0.00 sys=0.00, real=0.00 secs] 
Total time for which application threads were stopped: 0.0021111 seconds
Application time: 0.0133278 seconds
2025-04-10T12:07:16.110-0500: 6802.367: [GC 6802.367: [DefNew
Desired survivor size 2654208 bytes, new threshold 15 (max 15)
- age   1:       8936 bytes,       8936 total
- age   2:       1816 bytes,      10752 total
- age   3:         32 bytes,      10784 total
- age   4:       1160 bytes,      11944 total
- age   5:         32 bytes,      11976 total
- age   6:        392 bytes,      12368 total
- age   7:         32 bytes,      12400 total
- age   8:         32 bytes,      12432 total
- age   9:         96 bytes,      12528 total
- age  10:         32 bytes,      12560 total
- age  11:         64 bytes,      12624 total
- age  14:       2248 bytes,      14872 total
- age  15:        600 bytes,      15472 total
: 41551K->15K(46720K), 0.0018435 secs] 136540K->95004K(149984K), 0.0018889 secs] [Times: user=0.00 sys=0.00, real=0.00 secs] 
Total time for which application threads were stopped: 0.0020453 seconds
Application time: 0.0134315 seconds
2025-04-10T12:07:16.126-0500: 6802.383: [GC 6802.383: [DefNew
Desired survivor size 2654208 bytes, new threshold 15 (max 15)
- age   1:       9248 bytes,       9248 total
- age   3:       1816 bytes,      11064 total
- age   4:         32 bytes,      11096 total
- age   5:       1128 bytes,      12224 total
- age   6:         32 bytes,      12256 total
- age   7:        392 bytes,      12648 total
- age   8:         32 bytes,      12680 total
- age   9:         32 bytes,      12712 total
- age  10:         64 bytes,      12776 total
- age  11:         32 bytes,      12808 total
- age  12:         64 bytes,      12872 total
- age  15:       2248 bytes,      15120 total
: 41551K->14K(46720K), 0.0018818 secs] 136540K->95005K(149984K), 0.0020007 secs] [Times: user=0.00 sys=0.00, real=0.00 secs] 
Total time for which application threads were stopped: 0.0021391 seconds
Application time: 0.0229709 seconds
2025-04-10T12:07:16.153-0500: 6802.409: [GC 6802.409: [DefNew
Desired survivor size 2654208 bytes, new threshold 15 (max 15)
- age   1:      32096 bytes,      32096 total
- age   2:        128 bytes,      32224 total
- age   4:        128 bytes,      32352 total
- age   5:         32 bytes,      32384 total
- age   6:       1032 bytes,      33416 total
- age   7:         32 bytes,      33448 total
- age   8:        392 bytes,      33840 total
- age   9:         32 bytes,      33872 total
- age  11:         64 bytes,      33936 total
- age  12:         32 bytes,      33968 total
- age  13:         64 bytes,      34032 total
: 41550K->33K(46720K), 0.0019756 secs] 136541K->95024K(149984K), 0.0020251 secs] [Times: user=0.00 sys=0.00, real=0.00 secs] 
Total time for which application threads were stopped: 0.0027659 seconds
Application time: 0.0130128 seconds
2025-04-10T12:07:16.168-0500: 6802.424: [GC 6802.424: [DefNew
Desired survivor size 2654208 bytes, new threshold 15 (max 15)
- age   1:        152 bytes,        152 total
- age   2:      31368 bytes,      31520 total
- age   3:        128 bytes,      31648 total
- age   5:        128 bytes,      31776 total
- age   6:         32 bytes,      31808 total
- age   7:       1032 bytes,      32840 total
- age   8:         32 bytes,      32872 total
- age   9:        392 bytes,      33264 total
- age  10:         32 bytes,      33296 total
- age  12:         64 bytes,      33360 total
- age  13:         32 bytes,      33392 total
- age  14:         64 bytes,      33456 total
: 41569K->32K(46720K), 0.0020191 secs] 136560K->95024K(149984K), 0.0020640 secs] [Times: user=0.00 sys=0.00, real=0.00 secs] 
Total time for which application threads were stopped: 0.0022045 seconds
Application time: 0.0194307 seconds
2025-04-10T12:07:16.191-0500: 6802.446: [GC 6802.446: [DefNew
Desired survivor size 2654208 bytes, new threshold 15 (max 15)
- age   1:      25656 bytes,      25656 total
- age   3:      31312 bytes,      56968 total
- age   4:        128 bytes,      57096 total
- age   6:         96 bytes,      57192 total
- age   8:        792 bytes,      57984 total
- age   9:         32 bytes,      58016 total
- age  10:        392 bytes,      58408 total
- age  11:         32 bytes,      58440 total
- age  13:         64 bytes,      58504 total
- age  14:         32 bytes,      58536 total
- age  15:         64 bytes,      58600 total
: 41568K->57K(46720K), 0.0018754 secs] 136560K->95048K(149984K), 0.0019196 secs] [Times: user=0.00 sys=0.00, real=0.00 secs] 
Total time for which application threads were stopped: 0.0023617 seconds
Application time: 0.0580118 seconds
2025-04-10T12:07:16.252-0500: 6802.506: [GC 6802.506: [DefNew
Desired survivor size 2654208 bytes, new threshold 15 (max 15)
- age   1:      11744 bytes,      11744 total
- age   2:        128 bytes,      11872 total
- age   4:      29568 bytes,      41440 total
- age   5:         96 bytes,      41536 total
- age   7:         32 bytes,      41568 total
- age   9:        792 bytes,      42360 total
- age  11:        360 bytes,      42720 total
- age  12:         32 bytes,      42752 total
- age  14:         64 bytes,      42816 total
- age  15:         32 bytes,      42848 total
: 41593K->41K(46720K), 0.0019851 secs] 136584K->95033K(149984K), 0.0020308 secs] [Times: user=0.00 sys=0.00, real=0.00 secs] 
Total time for which application threads were stopped: 0.0023164 seconds
Application time: 0.0132899 seconds
2025-04-10T12:07:16.267-0500: 6802.521: [GC 6802.521: [DefNew
Desired survivor size 2654208 bytes, new threshold 15 (max 15)
- age   1:       9000 bytes,       9000 total
- age   2:       2656 bytes,      11656 total
- age   3:         96 bytes,      11752 total
- age   5:      29568 bytes,      41320 total
- age   6:         96 bytes,      41416 total
- age   8:         32 bytes,      41448 total
- age  10:        792 bytes,      42240 total
- age  12:        360 bytes,      42600 total
- age  13:         32 bytes,      42632 total
- age  15:         64 bytes,      42696 total
: 41577K->41K(46720K), 0.0019908 secs] 136569K->95033K(149984K), 0.0020354 secs] [Times: user=0.02 sys=0.00, real=0.00 secs] 
Total time for which application threads were stopped: 0.0021950 seconds
Application time: 0.0133940 seconds
2025-04-10T12:07:16.284-0500: 6802.537: [GC 6802.537: [DefNew
Desired survivor size 2654208 bytes, new threshold 15 (max 15)
- age   1:        944 bytes,        944 total
- age   2:         64 bytes,       1008 total
- age   3:       2624 bytes,       3632 total
- age   4:         64 bytes,       3696 total
- age   6:      29568 bytes,      33264 total
- age   7:         96 bytes,      33360 total
- age   9:         32 bytes,      33392 total
- age  11:        792 bytes,      34184 total
- age  13:        360 bytes,      34544 total
- age  14:         32 bytes,      34576 total
: 41577K->33K(46720K), 0.0018404 secs] 136569K->95025K(149984K), 0.0018874 secs] [Times: user=0.02 sys=0.00, real=0.00 secs] 
Total time for which application threads were stopped: 0.0020343 seconds
Application time: 0.0134987 seconds
2025-04-10T12:07:16.300-0500: 6802.553: [GC 6802.553: [DefNew
Desired survivor size 2654208 bytes, new threshold 15 (max 15)
- age   1:      36152 bytes,      36152 total
- age   2:         64 bytes,      36216 total
- age   3:         32 bytes,      36248 total
- age   4:        888 bytes,      37136 total
- age   5:         32 bytes,      37168 total
- age   7:       4232 bytes,      41400 total
- age   8:         96 bytes,      41496 total
- age  10:         32 bytes,      41528 total
- age  12:        792 bytes,      42320 total
- age  14:        360 bytes,      42680 total
- age  15:         32 bytes,      42712 total
: 41569K->41K(46720K), 0.0018251 secs] 136561K->95033K(149984K), 0.0018676 secs] [Times: user=0.00 sys=0.00, real=0.00 secs] 
Total time for which application threads were stopped: 0.0020729 seconds
Application time: 0.0131696 seconds
2025-04-10T12:07:16.316-0500: 6802.568: [GC 6802.568: [DefNew
Desired survivor size 2654208 bytes, new threshold 15 (max 15)
- age   1:       8968 bytes,       8968 total
- age   2:      27216 bytes,      36184 total
- age   3:         32 bytes,      36216 total
- age   4:         32 bytes,      36248 total
- age   5:        888 bytes,      37136 total
- age   6:         32 bytes,      37168 total
- age   8:       4232 bytes,      41400 total
- age   9:         96 bytes,      41496 total
- age  11:         32 bytes,      41528 total
- age  13:        792 bytes,      42320 total
- age  15:        360 bytes,      42680 total
: 41577K->41K(46720K), 0.0018142 secs] 136569K->95033K(149984K), 0.0018581 secs] [Times: user=0.02 sys=0.00, real=0.00 secs] 
Total time for which application threads were stopped: 0.0019933 seconds
Application time: 0.0229009 seconds
2025-04-10T12:07:16.341-0500: 6802.593: [GC 6802.593: [DefNew
Desired survivor size 2654208 bytes, new threshold 15 (max 15)
- age   1:       9712 bytes,       9712 total
- age   2:         32 bytes,       9744 total
- age   3:       1824 bytes,      11568 total
- age   4:         32 bytes,      11600 total
- age   5:         32 bytes,      11632 total
- age   6:        824 bytes,      12456 total
- age   7:         32 bytes,      12488 total
- age   9:       3800 bytes,      16288 total
- age  10:         32 bytes,      16320 total
- age  12:         32 bytes,      16352 total
- age  14:        792 bytes,      17144 total
: 41566K->16K(46720K), 0.0019041 secs] 136558K->95008K(149984K), 0.0019518 secs] [Times: user=0.00 sys=0.00, real=0.00 secs] 
Total time for which application threads were stopped: 0.0020899 seconds
Application time: 0.0134364 seconds
2025-04-10T12:07:16.357-0500: 6802.608: [GC 6802.608: [DefNew
Desired survivor size 2654208 bytes, new threshold 15 (max 15)
- age   1:       2536 bytes,       2536 total
- age   2:        528 bytes,       3064 total
- age   4:        176 bytes,       3240 total
- age   5:         32 bytes,       3272 total
- age   6:         32 bytes,       3304 total
- age   7:        792 bytes,       4096 total
- age   8:         32 bytes,       4128 total
- age  10:       3800 bytes,       7928 total
- age  11:         32 bytes,       7960 total
- age  13:         32 bytes,       7992 total
- age  15:        792 bytes,       8784 total
: 41552K->8K(46720K), 0.0018935 secs] 136544K->95000K(149984K), 0.0019434 secs] [Times: user=0.00 sys=0.00, real=0.00 secs] 
Total time for which application threads were stopped: 0.0020821 seconds
Application time: 0.0144723 seconds
2025-04-10T12:07:16.374-0500: 6802.625: [GC 6802.625: [DefNew
Desired survivor size 2654208 bytes, new threshold 15 (max 15)
- age   1:      25616 bytes,      25616 total
- age   2:       1808 bytes,      27424 total
- age   3:        384 bytes,      27808 total
- age   5:        176 bytes,      27984 total
- age   6:         32 bytes,      28016 total
- age   7:         32 bytes,      28048 total
- age   8:        704 bytes,      28752 total
- age   9:         32 bytes,      28784 total
- age  11:       3592 bytes,      32376 total
- age  12:         32 bytes,      32408 total
- age  14:         32 bytes,      32440 total
: 41544K->31K(46720K), 0.0019373 secs] 136536K->95024K(149984K), 0.0019798 secs] [Times: user=0.00 sys=0.00, real=0.00 secs] 
Total time for which application threads were stopped: 0.0022601 seconds
Application time: 0.0629238 seconds
2025-04-10T12:07:16.441-0500: 6802.690: [GC 6802.690: [DefNew
Desired survivor size 2654208 bytes, new threshold 15 (max 15)
- age   1:      11344 bytes,      11344 total
- age   2:        192 bytes,      11536 total
- age   3:        160 bytes,      11696 total
- age   4:        264 bytes,      11960 total
- age   6:         80 bytes,      12040 total
- age   8:         32 bytes,      12072 total
- age   9:        704 bytes,      12776 total
- age  10:         32 bytes,      12808 total
- age  12:       3592 bytes,      16400 total
- age  13:         32 bytes,      16432 total
- age  15:         32 bytes,      16464 total
: 41552K->16K(46720K), 0.0020290 secs] 136545K->95009K(149984K), 0.0020736 secs] [Times: user=0.00 sys=0.00, real=0.00 secs] 
Total time for which application threads were stopped: 0.0023511 seconds
Application time: 0.0130815 seconds
2025-04-10T12:07:16.456-0500: 6802.705: [GC 6802.705: [DefNew
Desired survivor size 2654208 bytes, new threshold 15 (max 15)
- age   1:        728 bytes,        728 total
- age   2:       2104 bytes,       2832 total
- age   3:        192 bytes,       3024 total
- age   4:        160 bytes,       3184 total
- age   5:        264 bytes,       3448 total
- age   7:         80 bytes,       3528 total
- age   9:         32 bytes,       3560 total
- age  10:        704 bytes,       4264 total
- age  11:         32 bytes,       4296 total
- age  13:       3592 bytes,       7888 total
- age  14:         32 bytes,       7920 total
: 41552K->7K(46720K), 0.0018860 secs] 136545K->95000K(149984K), 0.0019306 secs] [Times: user=0.00 sys=0.00, real=0.00 secs] 
Total time for which application threads were stopped: 0.0021069 seconds
Application time: 0.0134708 seconds
2025-04-10T12:07:16.472-0500: 6802.721: [GC 6802.721: [DefNew
Desired survivor size 2654208 bytes, new threshold 15 (max 15)
- age   1:      10648 bytes,      10648 total
- age   3:        456 bytes,      11104 total
- age   4:        192 bytes,      11296 total
- age   5:         96 bytes,      11392 total
- age   6:        264 bytes,      11656 total
- age   8:         80 bytes,      11736 total
- age  10:         32 bytes,      11768 total
- age  11:        704 bytes,      12472 total
- age  12:         32 bytes,      12504 total
- age  14:       3592 bytes,      16096 total
- age  15:         32 bytes,      16128 total
: 41543K->15K(46720K), 0.0018280 secs] 136536K->95008K(149984K), 0.0018729 secs] [Times: user=0.00 sys=0.00, real=0.00 secs] 
Total time for which application threads were stopped: 0.0020127 seconds
Application time: 0.0132474 seconds
2025-04-10T12:07:16.488-0500: 6802.736: [GC 6802.736: [DefNew
Desired survivor size 2654208 bytes, new threshold 15 (max 15)
- age   1:       9632 bytes,       9632 total
- age   2:       1712 bytes,      11344 total
- age   4:        392 bytes,      11736 total
- age   5:        192 bytes,      11928 total
- age   6:         96 bytes,      12024 total
- age   7:        248 bytes,      12272 total
- age   9:         80 bytes,      12352 total
- age  11:         32 bytes,      12384 total
- age  12:        672 bytes,      13056 total
- age  13:         32 bytes,      13088 total
- age  15:       3592 bytes,      16680 total
: 41551K->16K(46720K), 0.0017791 secs] 136544K->95009K(149984K), 0.0018283 secs] [Times: user=0.00 sys=0.00, real=0.00 secs] 
Total time for which application threads were stopped: 0.0021369 seconds
Application time: 0.0138544 seconds
2025-04-10T12:07:16.504-0500: 6802.752: [GC 6802.752: [DefNew
Desired survivor size 2654208 bytes, new threshold 15 (max 15)
- age   1:       2528 bytes,       2528 total
- age   2:        544 bytes,       3072 total
- age   3:         64 bytes,       3136 total
- age   5:        272 bytes,       3408 total
- age   6:        192 bytes,       3600 total
- age   7:         96 bytes,       3696 total
- age   8:        248 bytes,       3944 total
- age  10:         80 bytes,       4024 total
- age  12:         32 bytes,       4056 total
- age  13:        640 bytes,       4696 total
- age  14:         32 bytes,       4728 total
: 41552K->4K(46720K), 0.0019572 secs] 136545K->95001K(149984K), 0.0020035 secs] [Times: user=0.00 sys=0.00, real=0.00 secs] 
Total time for which application threads were stopped: 0.0021458 seconds
Application time: 0.0133511 seconds
2025-04-10T12:07:16.520-0500: 6802.768: [GC 6802.768: [DefNew
Desired survivor size 2654208 bytes, new threshold 15 (max 15)
- age   1:      34336 bytes,      34336 total
- age   2:       1800 bytes,      36136 total
- age   3:        424 bytes,      36560 total
- age   4:         64 bytes,      36624 total
- age   6:        272 bytes,      36896 total
- age   7:        192 bytes,      37088 total
- age   8:         96 bytes,      37184 total
- age   9:        232 bytes,      37416 total
- age  11:         80 bytes,      37496 total
- age  13:         32 bytes,      37528 total
- age  14:        640 bytes,      38168 total
- age  15:         32 bytes,      38200 total
: 41540K->37K(46720K), 0.0018538 secs] 136537K->95033K(149984K), 0.0018959 secs] [Times: user=0.00 sys=0.00, real=0.00 secs] 
Total time for which application threads were stopped: 0.0021136 seconds
Application time: 0.0134743 seconds
2025-04-10T12:07:16.536-0500: 6802.783: [GC 6802.783: [DefNew
Desired survivor size 2654208 bytes, new threshold 15 (max 15)
- age   1:       1008 bytes,       1008 total
- age   2:      25400 bytes,      26408 total
- age   3:       1800 bytes,      28208 total
- age   4:        424 bytes,      28632 total
- age   5:         64 bytes,      28696 total
- age   7:        240 bytes,      28936 total
- age   8:        192 bytes,      29128 total
- age   9:         32 bytes,      29160 total
- age  10:        232 bytes,      29392 total
- age  12:         80 bytes,      29472 total
- age  14:         32 bytes,      29504 total
- age  15:        640 bytes,      30144 total
: 41573K->29K(46720K), 0.0017473 secs] 136569K->95026K(149984K), 0.0017926 secs] [Times: user=0.00 sys=0.00, real=0.00 secs] 
Total time for which application threads were stopped: 0.0019717 seconds
Application time: 0.0137068 seconds
2025-04-10T12:07:16.552-0500: 6802.799: [GC 6802.799: [DefNew
Desired survivor size 2654208 bytes, new threshold 15 (max 15)
- age   1:       9768 bytes,       9768 total
- age   2:        128 bytes,       9896 total
- age   3:      25400 bytes,      35296 total
- age   4:       1744 bytes,      37040 total
- age   5:        424 bytes,      37464 total
- age   6:         64 bytes,      37528 total
- age   8:        208 bytes,      37736 total
- age   9:        192 bytes,      37928 total
- age  10:         32 bytes,      37960 total
- age  11:        232 bytes,      38192 total
- age  13:         80 bytes,      38272 total
- age  15:         32 bytes,      38304 total
: 41565K->37K(46720K), 0.0018743 secs] 136562K->95034K(149984K), 0.0019257 secs] [Times: user=0.00 sys=0.00, real=0.00 secs] 
Total time for which application threads were stopped: 0.0020676 seconds
Application time: 0.0258444 seconds
2025-04-10T12:07:16.581-0500: 6802.827: [GC 6802.827: [DefNew
Desired survivor size 2654208 bytes, new threshold 15 (max 15)
- age   1:       1920 bytes,       1920 total
- age   2:        800 bytes,       2720 total
- age   3:        128 bytes,       2848 total
- age   4:      25368 bytes,      28216 total
- age   5:         96 bytes,      28312 total
- age   6:        424 bytes,      28736 total
- age   9:         64 bytes,      28800 total
- age  10:        192 bytes,      28992 total
- age  11:         32 bytes,      29024 total
- age  12:        232 bytes,      29256 total
- age  14:         80 bytes,      29336 total
: 41573K->28K(46720K), 0.0019264 secs] 136570K->95025K(149984K), 0.0019741 secs] [Times: user=0.00 sys=0.00, real=0.00 secs] 
Total time for which application threads were stopped: 0.0022399 seconds
Application time: 0.0516700 seconds
2025-04-10T12:07:16.636-0500: 6802.881: [GC 6802.881: [DefNew
Desired survivor size 2654208 bytes, new threshold 15 (max 15)
- age   1:      11408 bytes,      11408 total
- age   2:        160 bytes,      11568 total
- age   3:        776 bytes,      12344 total
- age   4:         96 bytes,      12440 total
- age   5:         32 bytes,      12472 total
- age   6:         32 bytes,      12504 total
- age   7:        392 bytes,      12896 total
- age  10:         64 bytes,      12960 total
- age  11:        192 bytes,      13152 total
- age  12:         32 bytes,      13184 total
- age  13:        232 bytes,      13416 total
- age  15:         80 bytes,      13496 total
: 41564K->13K(46720K), 0.0019303 secs] 136561K->95010K(149984K), 0.0019752 secs] [Times: user=0.00 sys=0.00, real=0.00 secs] 
Total time for which application threads were stopped: 0.0022314 seconds
Application time: 0.0134088 seconds
2025-04-10T12:07:16.652-0500: 6802.897: [GC 6802.897: [DefNew
Desired survivor size 2654208 bytes, new threshold 15 (max 15)
- age   1:        816 bytes,        816 total
- age   2:       2112 bytes,       2928 total
- age   3:        160 bytes,       3088 total
- age   4:        744 bytes,       3832 total
- age   5:         96 bytes,       3928 total
- age   6:         32 bytes,       3960 total
- age   7:         32 bytes,       3992 total
- age   8:        392 bytes,       4384 total
- age  11:         64 bytes,       4448 total
- age  12:        192 bytes,       4640 total
- age  13:         32 bytes,       4672 total
- age  14:        232 bytes,       4904 total
: 41549K->4K(46720K), 0.0017699 secs] 136546K->95002K(149984K), 0.0018156 secs] [Times: user=0.00 sys=0.00, real=0.00 secs] 
Total time for which application threads were stopped: 0.0019805 seconds
Application time: 0.0606981 seconds
2025-04-10T12:07:16.717-0500: 6802.960: [GC 6802.960: [DefNew
Desired survivor size 2654208 bytes, new threshold 15 (max 15)
- age   1:      13936 bytes,      13936 total
- age   2:         32 bytes,      13968 total
- age   3:         64 bytes,      14032 total
- age   4:         96 bytes,      14128 total
- age   5:        744 bytes,      14872 total
- age   6:         96 bytes,      14968 total
- age   7:         32 bytes,      15000 total
- age   8:         32 bytes,      15032 total
- age   9:        392 bytes,      15424 total
- age  12:         64 bytes,      15488 total
- age  13:         16 bytes,      15504 total
- age  14:         32 bytes,      15536 total
- age  15:        200 bytes,      15736 total
: 41540K->15K(46720K), 0.0018860 secs] 136538K->95012K(149984K), 0.0019303 secs] [Times: user=0.00 sys=0.00, real=0.00 secs] 
Total time for which application threads were stopped: 0.0026561 seconds
Application time: 0.0247713 seconds
Total time for which application threads were stopped: 0.0002109 seconds
Application time: 0.0104324 seconds
Total time for which application threads were stopped: 0.0002233 seconds
Application time: 0.0024576 seconds
2025-04-10T12:07:16.758-0500: 6803.000: [GC 6803.000: [DefNew
Desired survivor size 2654208 bytes, new threshold 15 (max 15)
- age   1:      11008 bytes,      11008 total
- age   2:      13680 bytes,      24688 total
- age   4:         32 bytes,      24720 total
- age   5:         80 bytes,      24800 total
- age   6:        744 bytes,      25544 total
- age   7:         64 bytes,      25608 total
- age   8:         32 bytes,      25640 total
- age  10:        360 bytes,      26000 total
- age  13:         64 bytes,      26064 total
- age  14:         16 bytes,      26080 total
: 41551K->25K(46720K), 0.0018266 secs] 136548K->95022K(149984K), 0.0018733 secs] [Times: user=0.00 sys=0.00, real=0.00 secs] 
Total time for which application threads were stopped: 0.0019851 seconds
Application time: 0.0132956 seconds
2025-04-10T12:07:16.774-0500: 6803.015: [GC 6803.015: [DefNew
Desired survivor size 2654208 bytes, new threshold 15 (max 15)
- age   1:      10648 bytes,      10648 total
- age   2:       1888 bytes,      12536 total
- age   3:      12000 bytes,      24536 total
- age   5:         32 bytes,      24568 total
- age   6:         80 bytes,      24648 total
- age   7:        744 bytes,      25392 total
- age   8:         64 bytes,      25456 total
- age   9:         32 bytes,      25488 total
- age  11:        360 bytes,      25848 total
- age  14:         64 bytes,      25912 total
- age  15:         16 bytes,      25928 total
: 41561K->25K(46720K), 0.0018605 secs] 136558K->95022K(149984K), 0.0019037 secs] [Times: user=0.00 sys=0.00, real=0.00 secs] 
Total time for which application threads were stopped: 0.0020460 seconds
Application time: 0.0135447 seconds
2025-04-10T12:07:16.790-0500: 6803.031: [GC 6803.031: [DefNew
Desired survivor size 2654208 bytes, new threshold 15 (max 15)
- age   1:       9408 bytes,       9408 total
- age   2:       1712 bytes,      11120 total
- age   3:       1856 bytes,      12976 total
- age   4:      11936 bytes,      24912 total
- age   6:         32 bytes,      24944 total
- age   7:         80 bytes,      25024 total
- age   8:        744 bytes,      25768 total
- age   9:         64 bytes,      25832 total
- age  10:         32 bytes,      25864 total
- age  12:        360 bytes,      26224 total
- age  15:         64 bytes,      26288 total
: 41561K->25K(46720K), 0.0019632 secs] 136558K->95023K(149984K), 0.0020088 secs] [Times: user=0.00 sys=0.00, real=0.00 secs] 
Total time for which application threads were stopped: 0.0021458 seconds
Application time: 0.0137751 seconds
Total time for which application threads were stopped: 0.0001338 seconds
Application time: 0.0003192 seconds
Total time for which application threads were stopped: 0.0000294 seconds
Application time: 0.0001235 seconds
Total time for which application threads were stopped: 0.0000442 seconds
Application time: 0.0000396 seconds
Total time for which application threads were stopped: 0.0000188 seconds
Application time: 0.0000096 seconds
Total time for which application threads were stopped: 0.0000163 seconds
Application time: 0.0000821 seconds
Total time for which application threads were stopped: 0.0000202 seconds
Application time: 0.0219396 seconds
2025-04-10T12:07:16.830-0500: 6803.070: [GC 6803.070: [DefNew
Desired survivor size 2654208 bytes, new threshold 15 (max 15)
- age   1:       2296 bytes,       2296 total
- age   2:         32 bytes,       2328 total
- age   3:         32 bytes,       2360 total
- age   4:       1272 bytes,       3632 total
- age   5:      11872 bytes,      15504 total
- age   7:         32 bytes,      15536 total
- age   8:         80 bytes,      15616 total
- age   9:        744 bytes,      16360 total
- age  10:         64 bytes,      16424 total
- age  11:         32 bytes,      16456 total
- age  13:        360 bytes,      16816 total
: 41561K->16K(46720K), 0.0018450 secs] 136559K->95014K(149984K), 0.0018917 secs] [Times: user=0.00 sys=0.00, real=0.00 secs] 
Total time for which application threads were stopped: 0.0020332 seconds
Application time: 0.0190966 seconds
2025-04-10T12:07:16.851-0500: 6803.091: [GC 6803.091: [DefNew
Desired survivor size 2654208 bytes, new threshold 15 (max 15)
- age   1:       9448 bytes,       9448 total
- age   2:       2144 bytes,      11592 total
- age   3:         32 bytes,      11624 total
- age   4:         32 bytes,      11656 total
- age   5:       1208 bytes,      12864 total
- age   6:       2936 bytes,      15800 total
- age   8:         32 bytes,      15832 total
- age   9:         80 bytes,      15912 total
- age  10:        744 bytes,      16656 total
- age  11:         64 bytes,      16720 total
- age  12:         32 bytes,      16752 total
- age  14:        360 bytes,      17112 total
: 41552K->16K(46720K), 0.0018634 secs] 136550K->95014K(149984K), 0.0019097 secs] [Times: user=0.00 sys=0.00, real=0.00 secs] 
Total time for which application threads were stopped: 0.0021341 seconds
Application time: 0.0135125 seconds
2025-04-10T12:07:16.867-0500: 6803.106: [GC 6803.107: [DefNew
Desired survivor size 2654208 bytes, new threshold 15 (max 15)
- age   1:       8936 bytes,       8936 total
- age   2:        360 bytes,       9296 total
- age   3:       2144 bytes,      11440 total
- age   4:         32 bytes,      11472 total
- age   5:         32 bytes,      11504 total
- age   6:       1208 bytes,      12712 total
- age   7:       2936 bytes,      15648 total
- age   9:         32 bytes,      15680 total
- age  10:         80 bytes,      15760 total
- age  11:        744 bytes,      16504 total
- age  12:         64 bytes,      16568 total
- age  13:         32 bytes,      16600 total
- age  15:        360 bytes,      16960 total
: 41552K->16K(46720K), 0.0018287 secs] 136550K->95014K(149984K), 0.0018733 secs] [Times: user=0.00 sys=0.00, real=0.00 secs] 
Total time for which application threads were stopped: 0.0020598 seconds
Application time: 0.0504663 seconds
2025-04-10T12:07:16.921-0500: 6803.159: [GC 6803.159: [DefNew
Desired survivor size 2654208 bytes, new threshold 15 (max 15)
- age   1:      27528 bytes,      27528 total
- age   3:         64 bytes,      27592 total
- age   4:        368 bytes,      27960 total
- age   7:       1208 bytes,      29168 total
- age   8:       2936 bytes,      32104 total
- age  10:         32 bytes,      32136 total
- age  11:         80 bytes,      32216 total
- age  12:        744 bytes,      32960 total
- age  13:         64 bytes,      33024 total
- age  14:         32 bytes,      33056 total
: 41552K->32K(46720K), 0.0019593 secs] 136550K->95030K(149984K), 0.0020028 secs] [Times: user=0.00 sys=0.00, real=0.00 secs] 
Total time for which application threads were stopped: 0.0022120 seconds
Application time: 0.0271365 seconds
2025-04-10T12:07:16.951-0500: 6803.188: [GC 6803.188: [DefNew
Desired survivor size 2654208 bytes, new threshold 15 (max 15)
- age   1:       9448 bytes,       9448 total
- age   2:      27296 bytes,      36744 total
- age   4:         32 bytes,      36776 total
- age   5:        192 bytes,      36968 total
- age   8:       1176 bytes,      38144 total
- age   9:       2936 bytes,      41080 total
- age  11:         32 bytes,      41112 total
- age  12:         80 bytes,      41192 total
- age  13:        744 bytes,      41936 total
- age  15:         32 bytes,      41968 total
: 41568K->40K(46720K), 0.0018658 secs] 136566K->95038K(149984K), 0.0019080 secs] [Times: user=0.00 sys=0.00, real=0.00 secs] 
Total time for which application threads were stopped: 0.0021150 seconds
Application time: 0.0136353 seconds
2025-04-10T12:07:16.967-0500: 6803.204: [GC 6803.204: [DefNew
Desired survivor size 2654208 bytes, new threshold 15 (max 15)
- age   1:       8992 bytes,       8992 total
- age   2:        360 bytes,       9352 total
- age   3:      27272 bytes,      36624 total
- age   6:        192 bytes,      36816 total
- age   9:       1176 bytes,      37992 total
- age  10:       2936 bytes,      40928 total
- age  12:         32 bytes,      40960 total
- age  13:         80 bytes,      41040 total
- age  14:        744 bytes,      41784 total
: 41576K->40K(46720K), 0.0018740 secs] 136574K->95038K(149984K), 0.0019228 secs] [Times: user=0.00 sys=0.00, real=0.00 secs] 
Total time for which application threads were stopped: 0.0020637 seconds
Application time: 0.0133143 seconds
2025-04-10T12:07:16.983-0500: 6803.220: [GC 6803.220: [DefNew
Desired survivor size 2654208 bytes, new threshold 15 (max 15)
- age   1:      10648 bytes,      10648 total
- age   2:         56 bytes,      10704 total
- age   3:        328 bytes,      11032 total
- age   4:      25592 bytes,      36624 total
- age   7:        192 bytes,      36816 total
- age  10:       1176 bytes,      37992 total
- age  11:       2936 bytes,      40928 total
- age  13:         32 bytes,      40960 total
- age  14:         80 bytes,      41040 total
- age  15:        744 bytes,      41784 total
: 41576K->40K(46720K), 0.0018421 secs] 136574K->95038K(149984K), 0.0019034 secs] [Times: user=0.00 sys=0.00, real=0.00 secs] 
Total time for which application threads were stopped: 0.0020619 seconds
Application time: 0.0133717 seconds
2025-04-10T12:07:16.999-0500: 6803.235: [GC 6803.235: [DefNew
Desired survivor size 2654208 bytes, new threshold 15 (max 15)
- age   1:      34912 bytes,      34912 total
- age   2:       1712 bytes,      36624 total
- age   3:         56 bytes,      36680 total
- age   4:        296 bytes,      36976 total
- age   5:        224 bytes,      37200 total
- age   8:        192 bytes,      37392 total
- age  11:       1144 bytes,      38536 total
- age  12:       2936 bytes,      41472 total
- age  14:         32 bytes,      41504 total
- age  15:         80 bytes,      41584 total
: 41576K->40K(46720K), 0.0018011 secs] 136574K->95039K(149984K), 0.0018435 secs] [Times: user=0.00 sys=0.00, real=0.00 secs] 
Total time for which application threads were stopped: 0.0020357 seconds
Application time: 0.0144961 seconds
2025-04-10T12:07:17.015-0500: 6803.251: [GC 6803.252: [DefNew
Desired survivor size 2654208 bytes, new threshold 15 (max 15)
- age   1:      10768 bytes,      10768 total
- age   2:      25824 bytes,      36592 total
- age   3:         64 bytes,      36656 total
- age   4:         32 bytes,      36688 total
- age   5:        296 bytes,      36984 total
- age   6:        128 bytes,      37112 total
- age   9:        192 bytes,      37304 total
- age  12:       1112 bytes,      38416 total
- age  13:       2936 bytes,      41352 total
- age  15:         32 bytes,      41384 total
: 41576K->40K(46720K), 0.0023012 secs] 136575K->95039K(149984K), 0.0023967 secs] [Times: user=0.00 sys=0.00, real=0.00 secs] 
Total time for which application threads were stopped: 0.0026041 seconds
Application time: 0.0430507 seconds
Total time for which application threads were stopped: 0.0001738 seconds
Application time: 0.0167972 seconds
2025-04-10T12:07:17.080-0500: 6803.314: [GC 6803.314: [DefNew
Desired survivor size 2654208 bytes, new threshold 15 (max 15)
- age   1:      48128 bytes,      48128 total
- age   2:        128 bytes,      48256 total
- age   3:        456 bytes,      48712 total
- age   6:        264 bytes,      48976 total
- age   7:        128 bytes,      49104 total
- age  10:        192 bytes,      49296 total
- age  13:       1080 bytes,      50376 total
- age  14:       2760 bytes,      53136 total
: 41576K->51K(46720K), 0.0021384 secs] 136575K->95050K(149984K), 0.0021822 secs] [Times: user=0.00 sys=0.00, real=0.00 secs] 
Total time for which application threads were stopped: 0.0023167 seconds
Application time: 0.0135246 seconds
2025-04-10T12:07:17.096-0500: 6803.330: [GC 6803.330: [DefNew
Desired survivor size 2654208 bytes, new threshold 15 (max 15)
- age   1:       9152 bytes,       9152 total
- age   2:      39008 bytes,      48160 total
- age   3:        128 bytes,      48288 total
- age   4:        424 bytes,      48712 total
- age   7:        264 bytes,      48976 total
- age   8:        128 bytes,      49104 total
- age  11:        192 bytes,      49296 total
- age  14:       1080 bytes,      50376 total
- age  15:       2760 bytes,      53136 total
: 41577K->51K(46720K), 0.0018835 secs] 136576K->95050K(149984K), 0.0019324 secs] [Times: user=0.00 sys=0.00, real=0.00 secs] 
Total time for which application threads were stopped: 0.0020693 seconds
Application time: 0.0131954 seconds
2025-04-10T12:07:17.112-0500: 6803.345: [GC 6803.345: [DefNew
Desired survivor size 2654208 bytes, new threshold 15 (max 15)
- age   1:       9024 bytes,       9024 total
- age   2:         64 bytes,       9088 total
- age   3:      38984 bytes,      48072 total
- age   4:         96 bytes,      48168 total
- age   5:        424 bytes,      48592 total
- age   8:        264 bytes,      48856 total
- age   9:        128 bytes,      48984 total
- age  12:        192 bytes,      49176 total
- age  15:       1080 bytes,      50256 total
: 41587K->49K(46720K), 0.0019957 secs] 136586K->95050K(149984K), 0.0020393 secs] [Times: user=0.00 sys=0.00, real=0.00 secs] 
Total time for which application threads were stopped: 0.0021766 seconds
Application time: 0.0383698 seconds
2025-04-10T12:07:17.154-0500: 6803.386: [GC 6803.386: [DefNew
Desired survivor size 2654208 bytes, new threshold 15 (max 15)
- age   1:      27456 bytes,      27456 total
- age   2:         88 bytes,      27544 total
- age   3:         32 bytes,      27576 total
- age   4:      37112 bytes,      64688 total
- age   5:         64 bytes,      64752 total
- age   6:        424 bytes,      65176 total
- age   9:         64 bytes,      65240 total
- age  10:        128 bytes,      65368 total
- age  13:        192 bytes,      65560 total
: 41585K->64K(46720K), 0.0019423 secs] 136586K->95066K(149984K), 0.0019841 secs] [Times: user=0.00 sys=0.00, real=0.00 secs] 
Total time for which application threads were stopped: 0.0022038 seconds
Application time: 0.0160958 seconds
2025-04-10T12:07:17.172-0500: 6803.404: [GC 6803.404: [DefNew
Desired survivor size 2654208 bytes, new threshold 15 (max 15)
- age   1:       9120 bytes,       9120 total
- age   2:      27176 bytes,      36296 total
- age   3:         64 bytes,      36360 total
- age   4:         32 bytes,      36392 total
- age   5:      11744 bytes,      48136 total
- age   6:         64 bytes,      48200 total
- age   7:        424 bytes,      48624 total
- age  10:         64 bytes,      48688 total
- age  11:        128 bytes,      48816 total
- age  14:        192 bytes,      49008 total
: 41600K->47K(46720K), 0.0019044 secs] 136602K->95050K(149984K), 0.0019458 secs] [Times: user=0.00 sys=0.00, real=0.00 secs] 
Total time for which application threads were stopped: 0.0022183 seconds
Application time: 0.0134697 seconds
2025-04-10T12:07:17.189-0500: 6803.420: [GC 6803.420: [DefNew
Desired survivor size 2654208 bytes, new threshold 15 (max 15)
- age   1:      10648 bytes,      10648 total
- age   2:        184 bytes,      10832 total
- age   3:      25528 bytes,      36360 total
- age   4:         64 bytes,      36424 total
- age   5:         32 bytes,      36456 total
- age   6:      11680 bytes,      48136 total
- age   7:         64 bytes,      48200 total
- age   8:        424 bytes,      48624 total
- age  11:         64 bytes,      48688 total
- age  12:        128 bytes,      48816 total
- age  15:        192 bytes,      49008 total
: 41583K->47K(46720K), 0.0019426 secs] 136586K->95050K(149984K), 0.0019848 secs] [Times: user=0.00 sys=0.00, real=0.00 secs] 
Total time for which application threads were stopped: 0.0021210 seconds
Application time: 0.0459592 seconds
2025-04-10T12:07:17.238-0500: 6803.468: [GC 6803.468: [DefNew
Desired survivor size 2654208 bytes, new threshold 15 (max 15)
- age   1:      11200 bytes,      11200 total
- age   2:         64 bytes,      11264 total
- age   3:        128 bytes,      11392 total
- age   4:      25464 bytes,      36856 total
- age   5:         32 bytes,      36888 total
- age   7:      11680 bytes,      48568 total
- age   8:         64 bytes,      48632 total
- age   9:        424 bytes,      49056 total
- age  12:         64 bytes,      49120 total
- age  13:        128 bytes,      49248 total
: 41583K->48K(46720K), 0.0018425 secs] 136586K->95050K(149984K), 0.0018927 secs] [Times: user=0.00 sys=0.00, real=0.00 secs] 
Total time for which application threads were stopped: 0.0022757 seconds
Application time: 0.0134283 seconds
2025-04-10T12:07:17.254-0500: 6803.484: [GC 6803.484: [DefNew
Desired survivor size 2654208 bytes, new threshold 15 (max 15)
- age   1:       9512 bytes,       9512 total
- age   2:       2112 bytes,      11624 total
- age   3:         64 bytes,      11688 total
- age   4:        128 bytes,      11816 total
- age   5:      25432 bytes,      37248 total
- age   6:         32 bytes,      37280 total
- age   8:      11680 bytes,      48960 total
- age   9:         64 bytes,      49024 total
- age  10:        392 bytes,      49416 total
- age  13:         64 bytes,      49480 total
- age  14:        128 bytes,      49608 total
: 41584K->48K(46720K), 0.0019529 secs] 136586K->95051K(149984K), 0.0019950 secs] [Times: user=0.00 sys=0.00, real=0.00 secs] 
Total time for which application threads were stopped: 0.0021274 seconds
Application time: 0.0567002 seconds
2025-04-10T12:07:17.314-0500: 6803.543: [GC 6803.543: [DefNew
Desired survivor size 2654208 bytes, new threshold 15 (max 15)
- age   1:      11016 bytes,      11016 total
- age   2:        424 bytes,      11440 total
- age   3:        344 bytes,      11784 total
- age   6:      25432 bytes,      37216 total
- age   7:         32 bytes,      37248 total
- age   9:      11680 bytes,      48928 total
- age  10:         32 bytes,      48960 total
- age  11:        392 bytes,      49352 total
- age  14:         64 bytes,      49416 total
- age  15:        128 bytes,      49544 total
: 41584K->48K(46720K), 0.0016004 secs] 136587K->95051K(149984K), 0.0016390 secs] [Times: user=0.00 sys=0.00, real=0.00 secs] 
Total time for which application threads were stopped: 0.0018443 seconds
Application time: 0.0308732 seconds
2025-04-10T12:07:17.347-0500: 6803.575: [GC 6803.575: [DefNew
Desired survivor size 2654208 bytes, new threshold 15 (max 15)
- age   1:       1968 bytes,       1968 total
- age   2:       9152 bytes,      11120 total
- age   3:        392 bytes,      11512 total
- age   4:        280 bytes,      11792 total
- age   7:      25400 bytes,      37192 total
- age   8:         32 bytes,      37224 total
- age  10:      11680 bytes,      48904 total
- age  11:         32 bytes,      48936 total
- age  12:        392 bytes,      49328 total
- age  15:         32 bytes,      49360 total
: 41584K->48K(46720K), 0.0020725 secs] 136587K->95051K(149984K), 0.0021161 secs] [Times: user=0.00 sys=0.00, real=0.00 secs] 
Total time for which application threads were stopped: 0.0022484 seconds
Application time: 0.0134856 seconds
2025-04-10T12:07:17.364-0500: 6803.591: [GC 6803.591: [DefNew
Desired survivor size 2654208 bytes, new threshold 15 (max 15)
- age   1:       9512 bytes,       9512 total
- age   2:       1888 bytes,      11400 total
- age   3:       9096 bytes,      20496 total
- age   4:        360 bytes,      20856 total
- age   5:        280 bytes,      21136 total
- age   8:         32 bytes,      21168 total
- age   9:         32 bytes,      21200 total
- age  11:      11680 bytes,      32880 total
- age  12:         32 bytes,      32912 total
- age  13:        392 bytes,      33304 total
: 41584K->32K(46720K), 0.0019317 secs] 136587K->95035K(149984K), 0.0019724 secs] [Times: user=0.00 sys=0.00, real=0.00 secs] 
Total time for which application threads were stopped: 0.0022237 seconds
Application time: 0.0132336 seconds
2025-04-10T12:07:17.379-0500: 6803.606: [GC 6803.606: [DefNew
Desired survivor size 2654208 bytes, new threshold 15 (max 15)
- age   1:       9032 bytes,       9032 total
- age   2:        360 bytes,       9392 total
- age   3:       1856 bytes,      11248 total
- age   4:       9096 bytes,      20344 total
- age   5:        360 bytes,      20704 total
- age   6:        280 bytes,      20984 total
- age   9:         32 bytes,      21016 total
- age  10:         32 bytes,      21048 total
- age  12:      11680 bytes,      32728 total
- age  13:         32 bytes,      32760 total
- age  14:        392 bytes,      33152 total
: 41568K->32K(46720K), 0.0020605 secs] 136571K->95035K(149984K), 0.0021097 secs] [Times: user=0.00 sys=0.00, real=0.00 secs] 
Total time for which application threads were stopped: 0.0022460 seconds
Application time: 0.0228464 seconds
2025-04-10T12:07:17.405-0500: 6803.632: [GC 6803.632: [DefNew
Desired survivor size 2654208 bytes, new threshold 15 (max 15)
- age   1:      27344 bytes,      27344 total
- age   2:         96 bytes,      27440 total
- age   3:         88 bytes,      27528 total
- age   4:        176 bytes,      27704 total
- age   5:       9032 bytes,      36736 total
- age   6:        360 bytes,      37096 total
- age   7:        280 bytes,      37376 total
- age  11:         32 bytes,      37408 total
- age  13:      11656 bytes,      49064 total
- age  14:         32 bytes,      49096 total
- age  15:        392 bytes,      49488 total
: 41568K->48K(46720K), 0.0020060 secs] 136571K->95051K(149984K), 0.0020471 secs] [Times: user=0.00 sys=0.00, real=0.00 secs] 
Total time for which application threads were stopped: 0.0022576 seconds
Application time: 0.0226641 seconds
2025-04-10T12:07:17.431-0500: 6803.657: [GC 6803.657: [DefNew
Desired survivor size 2654208 bytes, new threshold 15 (max 15)
- age   1:       9312 bytes,       9312 total
- age   2:      27144 bytes,      36456 total
- age   3:         96 bytes,      36552 total
- age   4:         64 bytes,      36616 total
- age   5:        176 bytes,      36792 total
- age   6:         64 bytes,      36856 total
- age   7:        360 bytes,      37216 total
- age   8:        280 bytes,      37496 total
- age  12:         32 bytes,      37528 total
- age  14:      11656 bytes,      49184 total
- age  15:         32 bytes,      49216 total
: 41584K->48K(46720K), 0.0018450 secs] 136587K->95051K(149984K), 0.0018871 secs] [Times: user=0.00 sys=0.00, real=0.00 secs] 
Total time for which application threads were stopped: 0.0021607 seconds
Application time: 0.0133572 seconds
2025-04-10T12:07:17.447-0500: 6803.672: [GC 6803.672: [DefNew
Desired survivor size 2654208 bytes, new threshold 15 (max 15)
- age   1:      10648 bytes,      10648 total
- age   2:        376 bytes,      11024 total
- age   3:      25496 bytes,      36520 total
- age   4:         96 bytes,      36616 total
- age   5:         64 bytes,      36680 total
- age   6:        112 bytes,      36792 total
- age   7:         64 bytes,      36856 total
- age   8:        360 bytes,      37216 total
- age   9:        280 bytes,      37496 total
- age  13:         32 bytes,      37528 total
- age  15:      11656 bytes,      49184 total
: 41584K->48K(46720K), 0.0019267 secs] 136587K->95051K(149984K), 0.0019710 secs] [Times: user=0.00 sys=0.00, real=0.00 secs] 
Total time for which application threads were stopped: 0.0021054 seconds
Application time: 0.0462519 seconds
2025-04-10T12:07:17.496-0500: 6803.721: [GC 6803.721: [DefNew
Desired survivor size 2654208 bytes, new threshold 15 (max 15)
- age   1:       2168 bytes,       2168 total
- age   2:         64 bytes,       2232 total
- age   3:         96 bytes,       2328 total
- age   4:      25432 bytes,      27760 total
- age   5:         96 bytes,      27856 total
- age   7:        112 bytes,      27968 total
- age   8:         64 bytes,      28032 total
- age   9:        360 bytes,      28392 total
- age  10:        280 bytes,      28672 total
- age  14:         32 bytes,      28704 total
: 41584K->28K(46720K), 0.0023429 secs] 136587K->95042K(149984K), 0.0023826 secs] [Times: user=0.02 sys=0.00, real=0.00 secs] 
Total time for which application threads were stopped: 0.0027846 seconds
Application time: 0.0307189 seconds
2025-04-10T12:07:17.531-0500: 6803.754: [GC 6803.754: [DefNew
Desired survivor size 2654208 bytes, new threshold 15 (max 15)
- age   1:       9912 bytes,       9912 total
- age   2:       1760 bytes,      11672 total
- age   3:         64 bytes,      11736 total
- age   4:         64 bytes,      11800 total
- age   5:         64 bytes,      11864 total
- age   6:         96 bytes,      11960 total
- age   8:         80 bytes,      12040 total
- age   9:         32 bytes,      12072 total
- age  10:        360 bytes,      12432 total
- age  11:        280 bytes,      12712 total
- age  15:         32 bytes,      12744 total
: 41564K->12K(46720K), 0.0017657 secs] 136578K->95027K(149984K), 0.0018195 secs] [Times: user=0.00 sys=0.00, real=0.00 secs] 
Total time for which application threads were stopped: 0.0021858 seconds
Application time: 0.0136222 seconds
2025-04-10T12:07:17.547-0500: 6803.770: [GC 6803.770: [DefNew
Desired survivor size 2654208 bytes, new threshold 15 (max 15)
- age   1:       2440 bytes,       2440 total
- age   2:        792 bytes,       3232 total
- age   3:        144 bytes,       3376 total
- age   5:         64 bytes,       3440 total
- age   6:         64 bytes,       3504 total
- age   7:         96 bytes,       3600 total
- age   9:         80 bytes,       3680 total
- age  10:         32 bytes,       3712 total
- age  11:        360 bytes,       4072 total
- age  12:        280 bytes,       4352 total
: 41548K->4K(46720K), 0.0017841 secs] 136563K->95018K(149984K), 0.0018414 secs] [Times: user=0.00 sys=0.00, real=0.00 secs] 
Total time for which application threads were stopped: 0.0019734 seconds
Application time: 0.0133752 seconds
2025-04-10T12:07:17.563-0500: 6803.785: [GC 6803.785: [DefNew
Desired survivor size 2654208 bytes, new threshold 15 (max 15)
- age   1:        320 bytes,        320 total
- age   2:       1712 bytes,       2032 total
- age   3:        792 bytes,       2824 total
- age   4:        112 bytes,       2936 total
- age   6:         64 bytes,       3000 total
- age   7:         64 bytes,       3064 total
- age   8:         32 bytes,       3096 total
- age  10:         80 bytes,       3176 total
- age  11:         32 bytes,       3208 total
- age  12:        360 bytes,       3568 total
- age  13:        280 bytes,       3848 total
: 41540K->3K(46720K), 0.0018082 secs] 136554K->95018K(149984K), 0.0018496 secs] [Times: user=0.02 sys=0.00, real=0.00 secs] 
Total time for which application threads were stopped: 0.0019841 seconds
Application time: 0.0330154 seconds
2025-04-10T12:07:17.599-0500: 6803.820: [GC 6803.820: [DefNew
Desired survivor size 2654208 bytes, new threshold 15 (max 15)
- age   1:       3024 bytes,       3024 total
- age   2:         96 bytes,       3120 total
- age   3:         32 bytes,       3152 total
- age   4:        488 bytes,       3640 total
- age   5:         16 bytes,       3656 total
- age   7:         64 bytes,       3720 total
- age   8:         64 bytes,       3784 total
- age   9:         32 bytes,       3816 total
- age  11:         80 bytes,       3896 total
- age  12:         32 bytes,       3928 total
- age  13:        360 bytes,       4288 total
- age  14:        280 bytes,       4568 total
: 41539K->4K(46720K), 0.0017752 secs] 136554K->95019K(149984K), 0.0018159 secs] [Times: user=0.00 sys=0.00, real=0.00 secs] 
Total time for which application threads were stopped: 0.0021405 seconds
Application time: 0.0536350 seconds
2025-04-10T12:07:17.656-0500: 6803.876: [GC 6803.876: [DefNew
Desired survivor size 2654208 bytes, new threshold 15 (max 15)
- age   1:      11008 bytes,      11008 total
- age   2:       1128 bytes,      12136 total
- age   3:         96 bytes,      12232 total
- age   5:        424 bytes,      12656 total
- age   8:         64 bytes,      12720 total
- age   9:         64 bytes,      12784 total
- age  10:         32 bytes,      12816 total
- age  12:         80 bytes,      12896 total
- age  13:         32 bytes,      12928 total
- age  14:        360 bytes,      13288 total
- age  15:        280 bytes,      13568 total
: 41540K->13K(46720K), 0.0017544 secs] 136555K->95027K(149984K), 0.0018000 secs] [Times: user=0.00 sys=0.00, real=0.00 secs] 
Total time for which application threads were stopped: 0.0020499 seconds
Application time: 0.0134403 seconds
2025-04-10T12:07:17.671-0500: 6803.891: [GC 6803.891: [DefNew
Desired survivor size 2654208 bytes, new threshold 15 (max 15)
- age   1:       1000 bytes,       1000 total
- age   2:       1864 bytes,       2864 total
- age   3:       1096 bytes,       3960 total
- age   4:         64 bytes,       4024 total
- age   6:        424 bytes,       4448 total
- age   9:         64 bytes,       4512 total
- age  10:         64 bytes,       4576 total
- age  11:         32 bytes,       4608 total
- age  13:         80 bytes,       4688 total
- age  14:         32 bytes,       4720 total
- age  15:        360 bytes,       5080 total
: 41549K->4K(46720K), 0.0018244 secs] 136563K->95019K(149984K), 0.0018655 secs] [Times: user=0.00 sys=0.00, real=0.00 secs] 
Total time for which application threads were stopped: 0.0019986 seconds
Application time: 0.0133005 seconds
2025-04-10T12:07:17.688-0500: 6803.907: [GC 6803.907: [DefNew
Desired survivor size 2654208 bytes, new threshold 15 (max 15)
- age   1:      17872 bytes,      17872 total
- age   2:        120 bytes,      17992 total
- age   3:       1864 bytes,      19856 total
- age   4:        920 bytes,      20776 total
- age   5:         64 bytes,      20840 total
- age   7:        424 bytes,      21264 total
- age  10:         64 bytes,      21328 total
- age  11:         64 bytes,      21392 total
- age  12:         32 bytes,      21424 total
- age  14:         80 bytes,      21504 total
- age  15:         32 bytes,      21536 total
: 41540K->21K(46720K), 0.0017982 secs] 136555K->95036K(149984K), 0.0018375 secs] [Times: user=0.00 sys=0.00, real=0.00 secs] 
Total time for which application threads were stopped: 0.0020686 seconds
Application time: 0.0130864 seconds
2025-04-10T12:07:17.703-0500: 6803.922: [GC 6803.922: [DefNew
Desired survivor size 2654208 bytes, new threshold 15 (max 15)
- age   1:       8936 bytes,       8936 total
- age   2:       8936 bytes,      17872 total
- age   3:        120 bytes,      17992 total
- age   4:       1864 bytes,      19856 total
- age   5:        920 bytes,      20776 total
- age   6:         64 bytes,      20840 total
- age   8:        424 bytes,      21264 total
- age  11:         64 bytes,      21328 total
- age  12:         64 bytes,      21392 total
- age  13:         32 bytes,      21424 total
- age  15:         80 bytes,      21504 total
: 41557K->21K(46720K), 0.0016850 secs] 136572K->95036K(149984K), 0.0017501 secs] [Times: user=0.00 sys=0.00, real=0.00 secs] 
Total time for which application threads were stopped: 0.0018793 seconds
Application time: 0.0133536 seconds
2025-04-10T12:07:17.718-0500: 6803.937: [GC 6803.937: [DefNew
Desired survivor size 2654208 bytes, new threshold 15 (max 15)
- age   1:        912 bytes,        912 total
- age   3:       8936 bytes,       9848 total
- age   4:        120 bytes,       9968 total
- age   5:       1832 bytes,      11800 total
- age   6:        920 bytes,      12720 total
- age   7:         64 bytes,      12784 total
- age   9:        424 bytes,      13208 total
- age  12:         64 bytes,      13272 total
- age  13:         64 bytes,      13336 total
- age  14:         32 bytes,      13368 total
: 41557K->13K(46720K), 0.0018092 secs] 136572K->95028K(149984K), 0.0018506 secs] [Times: user=0.00 sys=0.00, real=0.00 secs] 
Total time for which application threads were stopped: 0.0019837 seconds
Application time: 0.0168963 seconds
2025-04-10T12:07:17.738-0500: 6803.956: [GC 6803.957: [DefNew
Desired survivor size 2654208 bytes, new threshold 15 (max 15)
- age   1:      94128 bytes,      94128 total
- age   2:         32 bytes,      94160 total
- age   5:         96 bytes,      94256 total
- age   6:        152 bytes,      94408 total
- age   7:        824 bytes,      95232 total
- age   8:         64 bytes,      95296 total
- age  10:        424 bytes,      95720 total
- age  13:         64 bytes,      95784 total
- age  14:         64 bytes,      95848 total
- age  15:         32 bytes,      95880 total
: 41549K->93K(46720K), 0.0020435 secs] 136564K->95109K(149984K), 0.0020909 secs] [Times: user=0.02 sys=0.00, real=0.00 secs] 
Total time for which application threads were stopped: 0.0028228 seconds
Application time: 0.0135288 seconds
2025-04-10T12:07:17.754-0500: 6803.972: [GC 6803.972: [DefNew
Desired survivor size 2654208 bytes, new threshold 15 (max 15)
- age   1:      10696 bytes,      10696 total
- age   2:      83576 bytes,      94272 total
- age   3:         32 bytes,      94304 total
- age   6:         64 bytes,      94368 total
- age   7:         88 bytes,      94456 total
- age   8:        824 bytes,      95280 total
- age   9:         64 bytes,      95344 total
- age  11:        424 bytes,      95768 total
- age  14:         64 bytes,      95832 total
- age  15:         64 bytes,      95896 total
: 41629K->93K(46720K), 0.0018046 secs] 136645K->95109K(149984K), 0.0018471 secs] [Times: user=0.01 sys=0.00, real=0.00 secs] 
Total time for which application threads were stopped: 0.0021635 seconds
Application time: 0.0185941 seconds
2025-04-10T12:07:17.776-0500: 6803.993: [GC 6803.993: [DefNew
Desired survivor size 2654208 bytes, new threshold 15 (max 15)
- age   1:        832 bytes,        832 total
- age   2:       1760 bytes,       2592 total
- age   3:      83520 bytes,      86112 total
- age   4:         32 bytes,      86144 total
- age   9:        824 bytes,      86968 total
- age  10:         32 bytes,      87000 total
- age  12:        392 bytes,      87392 total
- age  15:         64 bytes,      87456 total
: 41629K->85K(46720K), 0.0018308 secs] 136645K->95100K(149984K), 0.0018719 secs] [Times: user=0.00 sys=0.00, real=0.00 secs] 
Total time for which application threads were stopped: 0.0020028 seconds
Application time: 0.0587455 seconds
2025-04-10T12:07:17.838-0500: 6804.054: [GC 6804.054: [DefNew
Desired survivor size 2654208 bytes, new threshold 15 (max 15)
- age   1:      11248 bytes,      11248 total
- age   2:        536 bytes,      11784 total
- age   3:         80 bytes,      11864 total
- age   4:      58088 bytes,      69952 total
- age  10:        824 bytes,      70776 total
- age  11:         32 bytes,      70808 total
- age  13:        360 bytes,      71168 total
: 41621K->69K(46720K), 0.0019228 secs] 136636K->95085K(149984K), 0.0019649 secs] [Times: user=0.00 sys=0.00, real=0.00 secs] 
Total time for which application threads were stopped: 0.0021769 seconds
Application time: 0.0135253 seconds
2025-04-10T12:07:17.854-0500: 6804.069: [GC 6804.070: [DefNew
Desired survivor size 2654208 bytes, new threshold 15 (max 15)
- age   1:       1728 bytes,       1728 total
- age   2:        480 bytes,       2208 total
- age   3:        536 bytes,       2744 total
- age   4:         48 bytes,       2792 total
- age   5:      58088 bytes,      60880 total
- age  11:        824 bytes,      61704 total
- age  12:         32 bytes,      61736 total
- age  14:        360 bytes,      62096 total
: 41605K->60K(46720K), 0.0018708 secs] 136621K->95076K(149984K), 0.0019133 secs] [Times: user=0.00 sys=0.00, real=0.00 secs] 
Total time for which application threads were stopped: 0.0020630 seconds
Application time: 0.0133674 seconds
2025-04-10T12:07:17.870-0500: 6804.085: [GC 6804.085: [DefNew
Desired survivor size 2654208 bytes, new threshold 15 (max 15)
- age   1:       9120 bytes,       9120 total
- age   2:       1712 bytes,      10832 total
- age   3:        480 bytes,      11312 total
- age   4:        504 bytes,      11816 total
- age   5:         48 bytes,      11864 total
- age   6:      58088 bytes,      69952 total
- age  12:        824 bytes,      70776 total
- age  13:         32 bytes,      70808 total
- age  15:        360 bytes,      71168 total
: 41596K->69K(46720K), 0.0018775 secs] 136612K->95085K(149984K), 0.0020191 secs] [Times: user=0.00 sys=0.00, real=0.00 secs] 
Total time for which application threads were stopped: 0.0021557 seconds
Application time: 0.0156541 seconds
Total time for which application threads were stopped: 0.0002987 seconds
Application time: 0.0566854 seconds
2025-04-10T12:07:17.947-0500: 6804.160: [GC 6804.160: [DefNew
Desired survivor size 2654208 bytes, new threshold 15 (max 15)
- age   1:       7912 bytes,       7912 total
- age   2:         32 bytes,       7944 total
- age   3:         64 bytes,       8008 total
- age   4:        144 bytes,       8152 total
- age   5:        456 bytes,       8608 total
- age   6:         48 bytes,       8656 total
- age   7:       1056 bytes,       9712 total
- age  13:        824 bytes,      10536 total
- age  14:         32 bytes,      10568 total
: 41605K->10K(46720K), 0.0022063 secs] 136621K->95026K(149984K), 0.0022463 secs] [Times: user=0.00 sys=0.00, real=0.00 secs] 
Total time for which application threads were stopped: 0.0024764 seconds
Application time: 0.0460912 seconds
2025-04-10T12:07:17.996-0500: 6804.208: [GC 6804.208: [DefNew
Desired survivor size 2654208 bytes, new threshold 15 (max 15)
- age   1:       2752 bytes,       2752 total
- age   2:       7352 bytes,      10104 total
- age   3:         32 bytes,      10136 total
- age   5:        144 bytes,      10280 total
- age   6:        424 bytes,      10704 total
- age   7:         48 bytes,      10752 total
- age   8:        952 bytes,      11704 total
- age  14:        824 bytes,      12528 total
: 41546K->12K(46720K), 0.0018450 secs] 136562K->95028K(149984K), 0.0018839 secs] [Times: user=0.00 sys=0.00, real=0.00 secs] 
Total time for which application threads were stopped: 0.0020524 seconds
Application time: 0.0307051 seconds
2025-04-10T12:07:18.030-0500: 6804.241: [GC 6804.241: [DefNew
Desired survivor size 2654208 bytes, new threshold 15 (max 15)
- age   1:        648 bytes,        648 total
- age   2:       2568 bytes,       3216 total
- age   3:       7336 bytes,      10552 total
- age   4:         32 bytes,      10584 total
- age   6:        144 bytes,      10728 total
- age   7:        392 bytes,      11120 total
- age   8:         48 bytes,      11168 total
- age   9:        952 bytes,      12120 total
- age  15:        824 bytes,      12944 total
: 41548K->12K(46720K), 0.0018499 secs] 136564K->95028K(149984K), 0.0018920 secs] [Times: user=0.00 sys=0.00, real=0.00 secs] 
Total time for which application threads were stopped: 0.0020283 seconds
Application time: 0.0999980 seconds
2025-04-10T12:07:18.135-0500: 6804.343: [GC 6804.343: [DefNew
Desired survivor size 2654208 bytes, new threshold 15 (max 15)
- age   1:      12000 bytes,      12000 total
- age   2:        424 bytes,      12424 total
- age   3:         64 bytes,      12488 total
- age   4:       7336 bytes,      19824 total
- age   5:         32 bytes,      19856 total
- age   7:        144 bytes,      20000 total
- age   8:        392 bytes,      20392 total
- age   9:         48 bytes,      20440 total
- age  10:        952 bytes,      21392 total
: 41548K->20K(46720K), 0.0020807 secs] 136564K->95036K(149984K), 0.0021221 secs] [Times: user=0.00 sys=0.00, real=0.00 secs] 
Total time for which application threads were stopped: 0.0024371 seconds
Application time: 0.0131168 seconds
2025-04-10T12:07:18.151-0500: 6804.359: [GC 6804.359: [DefNew
Desired survivor size 2654208 bytes, new threshold 15 (max 15)
- age   1:       8968 bytes,       8968 total
- age   2:       3032 bytes,      12000 total
- age   3:        424 bytes,      12424 total
- age   4:         64 bytes,      12488 total
- age   5:       7336 bytes,      19824 total
- age   6:         32 bytes,      19856 total
- age   8:        144 bytes,      20000 total
- age   9:        392 bytes,      20392 total
- age  10:         48 bytes,      20440 total
- age  11:        952 bytes,      21392 total
: 41556K->20K(46720K), 0.0019200 secs] 136572K->95036K(149984K), 0.0019681 secs] [Times: user=0.00 sys=0.00, real=0.00 secs] 
Total time for which application threads were stopped: 0.0021033 seconds
Application time: 0.0215439 seconds
2025-04-10T12:07:18.175-0500: 6804.383: [GC 6804.383: [DefNew
Desired survivor size 2654208 bytes, new threshold 15 (max 15)
- age   1:       1944 bytes,       1944 total
- age   2:         32 bytes,       1976 total
- age   3:       1152 bytes,       3128 total
- age   4:        424 bytes,       3552 total
- age   5:         32 bytes,       3584 total
- age   6:       7336 bytes,      10920 total
- age   7:         32 bytes,      10952 total
- age   9:        144 bytes,      11096 total
- age  10:        360 bytes,      11456 total
- age  11:         48 bytes,      11504 total
- age  12:        952 bytes,      12456 total
: 41556K->12K(46720K), 0.0018535 secs] 136572K->95028K(149984K), 0.0018977 secs] [Times: user=0.00 sys=0.00, real=0.00 secs] 
Total time for which application threads were stopped: 0.0022254 seconds
Application time: 0.4292417 seconds
2025-04-10T12:07:18.617-0500: 6804.814: [GC 6804.814: [DefNew
Desired survivor size 2654208 bytes, new threshold 15 (max 15)
- age   1:      11152 bytes,      11152 total
- age   2:        112 bytes,      11264 total
- age   4:       1088 bytes,      12352 total
- age   5:        424 bytes,      12776 total
- age   7:       7336 bytes,      20112 total
- age   8:         32 bytes,      20144 total
- age  10:        112 bytes,      20256 total
- age  11:        360 bytes,      20616 total
- age  12:         48 bytes,      20664 total
- age  13:        952 bytes,      21616 total
: 41548K->21K(46720K), 0.0019727 secs] 136564K->95037K(149984K), 0.0020106 secs] [Times: user=0.01 sys=0.00, real=0.00 secs] 
Total time for which application threads were stopped: 0.0023904 seconds
Application time: 0.0304478 seconds
2025-04-10T12:07:18.651-0500: 6804.847: [GC 6804.847: [DefNew
Desired survivor size 2654208 bytes, new threshold 15 (max 15)
- age   1:        144 bytes,        144 total
- age   2:      11032 bytes,      11176 total
- age   3:         96 bytes,      11272 total
- age   5:       1088 bytes,      12360 total
- age   6:        424 bytes,      12784 total
- age   8:       7336 bytes,      20120 total
- age   9:         32 bytes,      20152 total
- age  11:        112 bytes,      20264 total
- age  12:        360 bytes,      20624 total
- age  13:         48 bytes,      20672 total
- age  14:        952 bytes,      21624 total
: 41557K->21K(46720K), 0.0018382 secs] 136573K->95037K(149984K), 0.0018793 secs] [Times: user=0.00 sys=0.00, real=0.00 secs] 
Total time for which application threads were stopped: 0.0020665 seconds
Application time: 0.0237439 seconds
2025-04-10T12:07:18.677-0500: 6804.873: [GC 6804.873: [DefNew
Desired survivor size 2654208 bytes, new threshold 15 (max 15)
- age   1:      11872 bytes,      11872 total
- age   3:      11032 bytes,      22904 total
- age   4:         96 bytes,      23000 total
- age   6:       1088 bytes,      24088 total
- age   7:        424 bytes,      24512 total
- age   9:       5728 bytes,      30240 total
- age  10:         32 bytes,      30272 total
- age  12:        112 bytes,      30384 total
- age  13:        360 bytes,      30744 total
- age  14:         48 bytes,      30792 total
- age  15:        952 bytes,      31744 total
: 41557K->31K(46720K), 0.0019296 secs] 136573K->95047K(149984K), 0.0019699 secs] [Times: user=0.00 sys=0.00, real=0.00 secs] 
Total time for which application threads were stopped: 0.0021522 seconds
Application time: 0.0133451 seconds
2025-04-10T12:07:18.693-0500: 6804.888: [GC 6804.888: [DefNew
Desired survivor size 2654208 bytes, new threshold 15 (max 15)
- age   1:       9120 bytes,       9120 total
- age   2:        656 bytes,       9776 total
- age   4:      11032 bytes,      20808 total
- age   5:         96 bytes,      20904 total
- age   7:       1088 bytes,      21992 total
- age   8:        424 bytes,      22416 total
- age  10:       5728 bytes,      28144 total
- age  13:        112 bytes,      28256 total
- age  14:        360 bytes,      28616 total
- age  15:         48 bytes,      28664 total
: 41567K->27K(46720K), 0.0019175 secs] 136583K->95045K(149984K), 0.0019653 secs] [Times: user=0.00 sys=0.00, real=0.00 secs] 
Total time for which application threads were stopped: 0.0020998 seconds
Application time: 0.0214017 seconds
2025-04-10T12:07:18.717-0500: 6804.912: [GC 6804.912: [DefNew
Desired survivor size 2654208 bytes, new threshold 15 (max 15)
- age   1:        824 bytes,        824 total
- age   2:         32 bytes,        856 total
- age   3:        528 bytes,       1384 total
- age   5:      11032 bytes,      12416 total
- age   6:         96 bytes,      12512 total
- age   8:       1088 bytes,      13600 total
- age   9:        424 bytes,      14024 total
- age  11:       5696 bytes,      19720 total
- age  14:        112 bytes,      19832 total
- age  15:        360 bytes,      20192 total
: 41563K->19K(46720K), 0.0019023 secs] 136581K->95036K(149984K), 0.0019607 secs] [Times: user=0.00 sys=0.00, real=0.00 secs] 
Total time for which application threads were stopped: 0.0021684 seconds
Application time: 0.0229214 seconds
2025-04-10T12:07:18.743-0500: 6804.937: [GC 6804.937: [DefNew
Desired survivor size 2654208 bytes, new threshold 15 (max 15)
- age   1:       1008 bytes,       1008 total
- age   2:         56 bytes,       1064 total
- age   3:         32 bytes,       1096 total
- age   4:        496 bytes,       1592 total
- age   6:      11032 bytes,      12624 total
- age   7:         96 bytes,      12720 total
- age   9:       1088 bytes,      13808 total
- age  10:        424 bytes,      14232 total
- age  12:       5696 bytes,      19928 total
- age  15:        112 bytes,      20040 total
: 41555K->19K(46720K), 0.0019752 secs] 136572K->95036K(149984K), 0.0020148 secs] [Times: user=0.00 sys=0.00, real=0.00 secs] 
Total time for which application threads were stopped: 0.0022767 seconds
Application time: 0.0132039 seconds
2025-04-10T12:07:18.759-0500: 6804.952: [GC 6804.952: [DefNew
Desired survivor size 2654208 bytes, new threshold 15 (max 15)
- age   1:        784 bytes,        784 total
- age   2:        128 bytes,        912 total
- age   3:         32 bytes,        944 total
- age   4:         32 bytes,        976 total
- age   5:        464 bytes,       1440 total
- age   7:      11032 bytes,      12472 total
- age   8:         96 bytes,      12568 total
- age  10:       1088 bytes,      13656 total
- age  11:        424 bytes,      14080 total
- age  13:       5696 bytes,      19776 total
: 41555K->19K(46720K), 0.0019012 secs] 136572K->95036K(149984K), 0.0019419 secs] [Times: user=0.00 sys=0.00, real=0.00 secs] 
Total time for which application threads were stopped: 0.0020750 seconds
Application time: 0.0134509 seconds
2025-04-10T12:07:18.775-0500: 6804.968: [GC 6804.968: [DefNew
Desired survivor size 2654208 bytes, new threshold 15 (max 15)
- age   1:       8984 bytes,       8984 total
- age   2:         56 bytes,       9040 total
- age   3:        128 bytes,       9168 total
- age   4:         32 bytes,       9200 total
- age   5:         32 bytes,       9232 total
- age   6:        464 bytes,       9696 total
- age   8:      11032 bytes,      20728 total
- age   9:         96 bytes,      20824 total
- age  11:       1088 bytes,      21912 total
- age  12:        424 bytes,      22336 total
- age  14:       5696 bytes,      28032 total
: 41555K->27K(46720K), 0.0017526 secs] 136572K->95044K(149984K), 0.0017940 secs] [Times: user=0.00 sys=0.00, real=0.00 secs] 
Total time for which application threads were stopped: 0.0019642 seconds
Application time: 0.0133809 seconds
2025-04-10T12:07:18.790-0500: 6804.983: [GC 6804.983: [DefNew
Desired survivor size 2654208 bytes, new threshold 15 (max 15)
- age   1:       9120 bytes,       9120 total
- age   2:         48 bytes,       9168 total
- age   3:         56 bytes,       9224 total
- age   4:        128 bytes,       9352 total
- age   5:         32 bytes,       9384 total
- age   7:        464 bytes,       9848 total
- age   9:      11032 bytes,      20880 total
- age  10:         96 bytes,      20976 total
- age  12:       1088 bytes,      22064 total
- age  13:        424 bytes,      22488 total
- age  15:       5696 bytes,      28184 total
: 41563K->27K(46720K), 0.0018942 secs] 136580K->95045K(149984K), 0.0019412 secs] [Times: user=0.00 sys=0.00, real=0.00 secs] 
Total time for which application threads were stopped: 0.0020722 seconds
Application time: 0.0132871 seconds
2025-04-10T12:07:18.806-0500: 6804.998: [GC 6804.998: [DefNew
Desired survivor size 2654208 bytes, new threshold 15 (max 15)
- age   1:       9136 bytes,       9136 total
- age   2:         32 bytes,       9168 total
- age   3:         48 bytes,       9216 total
- age   4:         32 bytes,       9248 total
- age   5:        128 bytes,       9376 total
- age   8:        464 bytes,       9840 total
- age  10:      11032 bytes,      20872 total
- age  11:         96 bytes,      20968 total
- age  13:       1088 bytes,      22056 total
- age  14:        424 bytes,      22480 total
: 41563K->21K(46720K), 0.0018889 secs] 136581K->95045K(149984K), 0.0019288 secs] [Times: user=0.00 sys=0.00, real=0.00 secs] 
Total time for which application threads were stopped: 0.0020584 seconds
Application time: 0.0236310 seconds
2025-04-10T12:07:18.832-0500: 6805.024: [GC 6805.024: [DefNew
Desired survivor size 2654208 bytes, new threshold 15 (max 15)
- age   1:        320 bytes,        320 total
- age   2:        200 bytes,        520 total
- age   3:         32 bytes,        552 total
- age   4:         48 bytes,        600 total
- age   5:         32 bytes,        632 total
- age   6:         32 bytes,        664 total
- age   9:        464 bytes,       1128 total
- age  11:      11000 bytes,      12128 total
- age  12:         96 bytes,      12224 total
- age  14:       1088 bytes,      13312 total
- age  15:        424 bytes,      13736 total
: 41557K->13K(46720K), 0.0018680 secs] 136581K->95036K(149984K), 0.0019090 secs] [Times: user=0.00 sys=0.00, real=0.00 secs] 
Total time for which application threads were stopped: 0.0020435 seconds
Application time: 0.0305869 seconds
2025-04-10T12:07:18.866-0500: 6805.057: [GC 6805.057: [DefNew
Desired survivor size 2654208 bytes, new threshold 15 (max 15)
- age   1:       2016 bytes,       2016 total
- age   2:        288 bytes,       2304 total
- age   3:        176 bytes,       2480 total
- age   4:         32 bytes,       2512 total
- age   5:         48 bytes,       2560 total
- age  10:        464 bytes,       3024 total
- age  12:      10968 bytes,      13992 total
- age  13:         96 bytes,      14088 total
- age  15:       1088 bytes,      15176 total
: 41549K->14K(46720K), 0.0018641 secs] 136572K->95038K(149984K), 0.0019037 secs] [Times: user=0.00 sys=0.00, real=0.00 secs] 
Total time for which application threads were stopped: 0.0021769 seconds
Application time: 0.0131990 seconds
2025-04-10T12:07:18.882-0500: 6805.072: [GC 6805.072: [DefNew
Desired survivor size 2654208 bytes, new threshold 15 (max 15)
- age   1:        728 bytes,        728 total
- age   2:       1136 bytes,       1864 total
- age   3:        288 bytes,       2152 total
- age   4:        176 bytes,       2328 total
- age   5:         32 bytes,       2360 total
- age   6:         48 bytes,       2408 total
- age  11:        464 bytes,       2872 total
- age  13:      10968 bytes,      13840 total
- age  14:         96 bytes,      13936 total
: 41550K->13K(46720K), 0.0017777 secs] 136574K->95038K(149984K), 0.0018188 secs] [Times: user=0.00 sys=0.00, real=0.00 secs] 
Total time for which application threads were stopped: 0.0019501 seconds
Application time: 0.0154821 seconds
2025-04-10T12:07:18.899-0500: 6805.090: [GC 6805.090: [DefNew
Desired survivor size 2654208 bytes, new threshold 15 (max 15)
- age   1:        360 bytes,        360 total
- age   3:       1040 bytes,       1400 total
- age   4:        288 bytes,       1688 total
- age   5:        176 bytes,       1864 total
- age   7:         48 bytes,       1912 total
- age  12:        464 bytes,       2376 total
- age  14:      10968 bytes,      13344 total
- age  15:         96 bytes,      13440 total
: 41549K->13K(46720K), 0.0017692 secs] 136574K->95037K(149984K), 0.0018156 secs] [Times: user=0.00 sys=0.00, real=0.00 secs] 
Total time for which application threads were stopped: 0.0019830 seconds
Application time: 0.0388820 seconds
Total time for which application threads were stopped: 0.0005624 seconds
Application time: 0.0003274 seconds
Total time for which application threads were stopped: 0.0000354 seconds
Application time: 0.0005864 seconds
Total time for which application threads were stopped: 0.0001182 seconds
Application time: 0.0016992 seconds
Total time for which application threads were stopped: 0.0000294 seconds
Application time: 0.0003090 seconds
Total time for which application threads were stopped: 0.0000251 seconds
Application time: 0.0000644 seconds
Total time for which application threads were stopped: 0.0000191 seconds
Application time: 0.0003861 seconds
2025-04-10T12:07:18.945-0500: 6805.135: [GC 6805.135: [DefNew
Desired survivor size 2654208 bytes, new threshold 15 (max 15)
- age   1:       4144 bytes,       4144 total
- age   2:         32 bytes,       4176 total
- age   4:        256 bytes,       4432 total
- age   5:        288 bytes,       4720 total
- age   6:        144 bytes,       4864 total
- age   8:         48 bytes,       4912 total
- age  13:        464 bytes,       5376 total
- age  15:      10968 bytes,      16344 total
: 41549K->15K(46720K), 0.0022045 secs] 136573K->95040K(149984K), 0.0022392 secs] [Times: user=0.00 sys=0.00, real=0.00 secs] 
Total time for which application threads were stopped: 0.0023111 seconds
Application time: 0.0084784 seconds
Total time for which application threads were stopped: 0.0000662 seconds
Application time: 0.0005351 seconds
Total time for which application threads were stopped: 0.0000219 seconds
Application time: 0.0004824 seconds
Total time for which application threads were stopped: 0.0000241 seconds
Application time: 0.0002810 seconds
Total time for which application threads were stopped: 0.0000255 seconds
Application time: 0.0000917 seconds
Total time for which application threads were stopped: 0.0000180 seconds
Application time: 0.0005022 seconds
Total time for which application threads were stopped: 0.0000244 seconds
Application time: 0.0000591 seconds
Total time for which application threads were stopped: 0.0000166 seconds
Application time: 0.0001798 seconds
Total time for which application threads were stopped: 0.0000184 seconds
Application time: 0.0000715 seconds
Total time for which application threads were stopped: 0.0000177 seconds
Application time: 0.0000814 seconds
Total time for which application threads were stopped: 0.0000173 seconds
Application time: 0.0001140 seconds
Total time for which application threads were stopped: 0.0000180 seconds
Application time: 0.0004983 seconds
Total time for which application threads were stopped: 0.0000188 seconds
Application time: 0.0000117 seconds
Total time for which application threads were stopped: 0.0000134 seconds
Application time: 0.0000067 seconds
Total time for which application threads were stopped: 0.0000131 seconds
Application time: 0.0000081 seconds
Total time for which application threads were stopped: 0.0000379 seconds
Application time: 0.0006374 seconds
Total time for which application threads were stopped: 0.0000195 seconds
Application time: 0.0000159 seconds
Total time for which application threads were stopped: 0.0000134 seconds
Application time: 0.0000071 seconds
Total time for which application threads were stopped: 0.0000127 seconds
Application time: 0.0057610 seconds
2025-04-10T12:07:18.967-0500: 6805.155: [Full GC (System) 6805.155: [Tenured: 95024K->57699K(103264K), 0.2400816 secs] 96889K->57699K(149984K), [Perm : 46730K->45940K(46848K)], 0.2401970 secs] [Times: user=0.22 sys=0.02, real=0.25 secs] 
Total time for which application threads were stopped: 0.2405371 seconds
Application time: 0.0052762 seconds
Total time for which application threads were stopped: 0.0006781 seconds
Application time: 0.0190071 seconds
Total time for which application threads were stopped: 0.0000485 seconds
Application time: 0.0506890 seconds
Total time for which application threads were stopped: 0.0000336 seconds
Application time: 0.0000393 seconds
Total time for which application threads were stopped: 0.0000202 seconds
Application time: 0.0038311 seconds
Total time for which application threads were stopped: 0.0000205 seconds
Application time: 0.0043270 seconds
Total time for which application threads were stopped: 0.0000531 seconds
Application time: 0.0006109 seconds
Total time for which application threads were stopped: 0.0000403 seconds
Application time: 0.1934496 seconds
Total time for which application threads were stopped: 0.0000227 seconds
Application time: 0.0081273 seconds
Total time for which application threads were stopped: 0.0000336 seconds
Application time: 0.0088468 seconds
Total time for which application threads were stopped: 0.0000421 seconds
Application time: 0.0609472 seconds
Total time for which application threads were stopped: 0.0000382 seconds
Application time: 0.0000060 seconds
Total time for which application threads were stopped: 0.0000156 seconds
Application time: 0.0000092 seconds
Total time for which application threads were stopped: 0.0000156 seconds
Application time: 0.0000046 seconds
Total time for which application threads were stopped: 0.0000134 seconds
Application time: 0.0000064 seconds
Total time for which application threads were stopped: 0.0000142 seconds
Application time: 0.0000042 seconds
Total time for which application threads were stopped: 0.0000138 seconds
Heap
 def new generation   total 46656K, used 7737K [0x039f0000, 0x06c80000, 0x08f40000)
  eden space 41536K,  18% used [0x039f0000, 0x0417e650, 0x06280000)
  from space 5120K,   0% used [0x06280000, 0x06280000, 0x06780000)
  to   space 5120K,   0% used [0x06780000, 0x06780000, 0x06c80000)
 tenured generation   total 103264K, used 57699K [0x08f40000, 0x0f418000, 0x139f0000)
   the space 103264K,  55% used [0x08f40000, 0x0c798d70, 0x0c798e00, 0x0f418000)
 compacting perm gen  total 46336K, used 46089K [0x139f0000, 0x16730000, 0x179f0000)
   the space 46336K,  99% used [0x139f0000, 0x166f2680, 0x166f2800, 0x16730000)
No shared spaces configured.
Application time: 0.1755202 seconds
